Archive member included to satisfy reference by file (symbol)

C:/ProgramData/MATLAB/SupportPackages/R2024b/3P.instrset/gnuarm-armcortex.instrset/win/bin/../lib/gcc/arm-none-eabi/13.2.1/thumb/v7e-m+fp/hard\libm.a(libm_a-w_fmod.o)
                              xcp_ext_common.o (fmod)
C:/ProgramData/MATLAB/SupportPackages/R2024b/3P.instrset/gnuarm-armcortex.instrset/win/bin/../lib/gcc/arm-none-eabi/13.2.1/thumb/v7e-m+fp/hard\libm.a(libm_a-e_fmod.o)
                              C:/ProgramData/MATLAB/SupportPackages/R2024b/3P.instrset/gnuarm-armcortex.instrset/win/bin/../lib/gcc/arm-none-eabi/13.2.1/thumb/v7e-m+fp/hard\libm.a(libm_a-w_fmod.o) (__ieee754_fmod)
C:/ProgramData/MATLAB/SupportPackages/R2024b/3P.instrset/gnuarm-armcortex.instrset/win/bin/../lib/gcc/arm-none-eabi/13.2.1/thumb/v7e-m+fp/hard\libgcc.a(_arm_muldf3.o)
                              Encoder.o (__aeabi_dmul)
C:/ProgramData/MATLAB/SupportPackages/R2024b/3P.instrset/gnuarm-armcortex.instrset/win/bin/../lib/gcc/arm-none-eabi/13.2.1/thumb/v7e-m+fp/hard\libgcc.a(_arm_addsubdf3.o)
                              xcp_ext_common.o (__aeabi_dsub)
C:/ProgramData/MATLAB/SupportPackages/R2024b/3P.instrset/gnuarm-armcortex.instrset/win/bin/../lib/gcc/arm-none-eabi/13.2.1/thumb/v7e-m+fp/hard\libgcc.a(_arm_muldivdf3.o)
                              xcp_ext_common.o (__aeabi_ddiv)
C:/ProgramData/MATLAB/SupportPackages/R2024b/3P.instrset/gnuarm-armcortex.instrset/win/bin/../lib/gcc/arm-none-eabi/13.2.1/thumb/v7e-m+fp/hard\libgcc.a(_arm_cmpdf2.o)
                              xcp_ext_mode.o (__aeabi_dcmpeq)
C:/ProgramData/MATLAB/SupportPackages/R2024b/3P.instrset/gnuarm-armcortex.instrset/win/bin/../lib/gcc/arm-none-eabi/13.2.1/thumb/v7e-m+fp/hard\libgcc.a(_arm_unorddf2.o)
                              C:/ProgramData/MATLAB/SupportPackages/R2024b/3P.instrset/gnuarm-armcortex.instrset/win/bin/../lib/gcc/arm-none-eabi/13.2.1/thumb/v7e-m+fp/hard\libm.a(libm_a-w_fmod.o) (__aeabi_dcmpun)
C:/ProgramData/MATLAB/SupportPackages/R2024b/3P.instrset/gnuarm-armcortex.instrset/win/bin/../lib/gcc/arm-none-eabi/13.2.1/thumb/v7e-m+fp/hard\libgcc.a(_arm_fixunsdfsi.o)
                              xcp_ext_common.o (__aeabi_d2uiz)
C:/ProgramData/MATLAB/SupportPackages/R2024b/3P.instrset/gnuarm-armcortex.instrset/win/bin/../lib/gcc/arm-none-eabi/13.2.1/thumb/v7e-m+fp/hard\libgcc.a(_aeabi_uldivmod.o)
                              stm32g4xx_ll_lpuart.o (__aeabi_uldivmod)
C:/ProgramData/MATLAB/SupportPackages/R2024b/3P.instrset/gnuarm-armcortex.instrset/win/bin/../lib/gcc/arm-none-eabi/13.2.1/thumb/v7e-m+fp/hard\libgcc.a(_udivmoddi4.o)
                              C:/ProgramData/MATLAB/SupportPackages/R2024b/3P.instrset/gnuarm-armcortex.instrset/win/bin/../lib/gcc/arm-none-eabi/13.2.1/thumb/v7e-m+fp/hard\libgcc.a(_aeabi_uldivmod.o) (__udivmoddi4)
C:/ProgramData/MATLAB/SupportPackages/R2024b/3P.instrset/gnuarm-armcortex.instrset/win/bin/../lib/gcc/arm-none-eabi/13.2.1/thumb/v7e-m+fp/hard\libgcc.a(_dvmd_tls.o)
                              C:/ProgramData/MATLAB/SupportPackages/R2024b/3P.instrset/gnuarm-armcortex.instrset/win/bin/../lib/gcc/arm-none-eabi/13.2.1/thumb/v7e-m+fp/hard\libgcc.a(_aeabi_uldivmod.o) (__aeabi_ldiv0)
C:/ProgramData/MATLAB/SupportPackages/R2024b/3P.instrset/gnuarm-armcortex.instrset/win/bin/../lib/gcc/arm-none-eabi/13.2.1/thumb/v7e-m+fp/hard\libg_nano.a(libc_a-exit.o)
                              C:/ProgramData/MATLAB/SupportPackages/R2024b/3P.instrset/gnuarm-armcortex.instrset/win/bin/../lib/gcc/arm-none-eabi/13.2.1/thumb/v7e-m+fp/hard/crt0.o (exit)
C:/ProgramData/MATLAB/SupportPackages/R2024b/3P.instrset/gnuarm-armcortex.instrset/win/bin/../lib/gcc/arm-none-eabi/13.2.1/thumb/v7e-m+fp/hard\libg_nano.a(libc_a-findfp.o)
                              C:/ProgramData/MATLAB/SupportPackages/R2024b/3P.instrset/gnuarm-armcortex.instrset/win/bin/../lib/gcc/arm-none-eabi/13.2.1/thumb/v7e-m+fp/hard\libg_nano.a(libc_a-exit.o) (__stdio_exit_handler)
C:/ProgramData/MATLAB/SupportPackages/R2024b/3P.instrset/gnuarm-armcortex.instrset/win/bin/../lib/gcc/arm-none-eabi/13.2.1/thumb/v7e-m+fp/hard\libg_nano.a(libc_a-fwalk.o)
                              C:/ProgramData/MATLAB/SupportPackages/R2024b/3P.instrset/gnuarm-armcortex.instrset/win/bin/../lib/gcc/arm-none-eabi/13.2.1/thumb/v7e-m+fp/hard\libg_nano.a(libc_a-findfp.o) (_fwalk_sglue)
C:/ProgramData/MATLAB/SupportPackages/R2024b/3P.instrset/gnuarm-armcortex.instrset/win/bin/../lib/gcc/arm-none-eabi/13.2.1/thumb/v7e-m+fp/hard\libg_nano.a(libc_a-stdio.o)
                              C:/ProgramData/MATLAB/SupportPackages/R2024b/3P.instrset/gnuarm-armcortex.instrset/win/bin/../lib/gcc/arm-none-eabi/13.2.1/thumb/v7e-m+fp/hard\libg_nano.a(libc_a-findfp.o) (__sread)
C:/ProgramData/MATLAB/SupportPackages/R2024b/3P.instrset/gnuarm-armcortex.instrset/win/bin/../lib/gcc/arm-none-eabi/13.2.1/thumb/v7e-m+fp/hard\libg_nano.a(libc_a-memset.o)
[...]
Memory Configuration

Name             Origin             Length             Attributes
RAM              0x20000000         0x00020000         xrw
FLASH            0x08000000         0x00080000         xr
*default*        0x00000000         0xffffffff

Linker script and memory map

LOAD C:/ProgramData/MATLAB/SupportPackages/R2024b/3P.instrset/gnuarm-armcortex.instrset/win/bin/../lib/gcc/arm-none-eabi/13.2.1/thumb/v7e-m+fp/hard/crti.o
LOAD C:/ProgramData/MATLAB/SupportPackages/R2024b/3P.instrset/gnuarm-armcortex.instrset/win/bin/../lib/gcc/arm-none-eabi/13.2.1/thumb/v7e-m+fp/hard/crtbegin.o
LOAD C:/ProgramData/MATLAB/SupportPackages/R2024b/3P.instrset/gnuarm-armcortex.instrset/win/bin/../lib/gcc/arm-none-eabi/13.2.1/thumb/v7e-m+fp/hard/crt0.o
LOAD stm_timer_ll.o
LOAD xcp_ext_mode.o
LOAD Encoder.o
LOAD ert_main.o
LOAD xcp_ext_common.o
LOAD xcp_ext_classic_trigger.o
LOAD xcp.o
LOAD xcp_standard.o
LOAD xcp_daq.o
LOAD xcp_calibration.o
LOAD xcp_fifo.o
LOAD xcp_transport.o
LOAD xcp_mem_default.o
LOAD xcp_drv_rtiostream.o
LOAD xcp_utils.o
LOAD xcp_frame_serial.o
LOAD xcp_ext_param_default_serial.o
LOAD overrideHALDelay.o
LOAD platform_timer.o
LOAD SysTickScheduler.o
LOAD m3m4m4f_multitasking.o
LOAD rtiostream_serial.o
LOAD stm_usart.o
LOAD stm_lpuart.o
LOAD sys_arch.o
LOAD main.o
LOAD stm32g4xx_it.o
LOAD stm32g4xx_hal_msp.o
LOAD stm32g4xx_hal_timebase_tim.o
LOAD stm32g4xx_ll_utils.o
LOAD stm32g4xx_ll_exti.o
LOAD stm32g4xx_ll_gpio.o
LOAD stm32g4xx_ll_dma.o
LOAD stm32g4xx_ll_lpuart.o
LOAD stm32g4xx_ll_rcc.o
LOAD stm32g4xx_ll_pwr.o
LOAD stm32g4xx_hal.o
LOAD stm32g4xx_hal_rcc.o
LOAD stm32g4xx_hal_rcc_ex.o
LOAD stm32g4xx_hal_flash.o
LOAD stm32g4xx_hal_flash_ex.o
LOAD stm32g4xx_hal_flash_ramfunc.o
LOAD stm32g4xx_hal_gpio.o
LOAD stm32g4xx_hal_exti.o
LOAD stm32g4xx_hal_dma.o
LOAD stm32g4xx_hal_dma_ex.o
LOAD stm32g4xx_hal_pwr.o
LOAD stm32g4xx_hal_pwr_ex.o
LOAD stm32g4xx_hal_cortex.o
LOAD stm32g4xx_hal_tim.o
LOAD stm32g4xx_hal_tim_ex.o
LOAD stm32g4xx_ll_tim.o
LOAD system_stm32g4xx.o
LOAD syscalls.o
LOAD sysmem.o
LOAD startup_stm32g474retx.o
LOAD C:/ProgramData/MATLAB/SupportPackages/R2024b/3P.instrset/cmsis_dsp.instrset/Lib/GCC/arm_cortexm4ldfsp_math/libCMSISDSP.a
LOAD C:/ProgramData/MATLAB/SupportPackages/R2024b/toolbox/shared/supportpackages/stm32/lib/GCC/libmw_pdmfilter_m4_spfp.lib
LOAD C:/ProgramData/MATLAB/SupportPackages/R2024b/3P.instrset/gnuarm-armcortex.instrset/win/bin/../lib/gcc/arm-none-eabi/13.2.1/thumb/v7e-m+fp/hard\libstdc++_nano.a
LOAD C:/ProgramData/MATLAB/SupportPackages/R2024b/3P.instrset/gnuarm-armcortex.instrset/win/bin/../lib/gcc/arm-none-eabi/13.2.1/thumb/v7e-m+fp/hard\libm.a
START GROUP
LOAD C:/ProgramData/MATLAB/SupportPackages/R2024b/3P.instrset/gnuarm-armcortex.instrset/win/bin/../lib/gcc/arm-none-eabi/13.2.1/thumb/v7e-m+fp/hard\libgcc.a
LOAD C:/ProgramData/MATLAB/SupportPackages/R2024b/3P.instrset/gnuarm-armcortex.instrset/win/bin/../lib/gcc/arm-none-eabi/13.2.1/thumb/v7e-m+fp/hard\libg_nano.a
LOAD C:/ProgramData/MATLAB/SupportPackages/R2024b/3P.instrset/gnuarm-armcortex.instrset/win/bin/../lib/gcc/arm-none-eabi/13.2.1/thumb/v7e-m+fp/hard\libc_nano.a
END GROUP
START GROUP
LOAD C:/ProgramData/MATLAB/SupportPackages/R2024b/3P.instrset/gnuarm-armcortex.instrset/win/bin/../lib/gcc/arm-none-eabi/13.2.1/thumb/v7e-m+fp/hard\libgcc.a
LOAD C:/ProgramData/MATLAB/SupportPackages/R2024b/3P.instrset/gnuarm-armcortex.instrset/win/bin/../lib/gcc/arm-none-eabi/13.2.1/thumb/v7e-m+fp/hard\libc_nano.a
LOAD C:/ProgramData/MATLAB/SupportPackages/R2024b/3P.instrset/gnuarm-armcortex.instrset/win/bin/../lib/gcc/arm-none-eabi/13.2.1/thumb/v7e-m+fp/hard\libnosys.a
END GROUP
START GROUP
LOAD C:/ProgramData/MATLAB/SupportPackages/R2024b/3P.instrset/gnuarm-armcortex.instrset/win/bin/../lib/gcc/arm-none-eabi/13.2.1/thumb/v7e-m+fp/hard\libgcc.a
LOAD C:/ProgramData/MATLAB/SupportPackages/R2024b/3P.instrset/gnuarm-armcortex.instrset/win/bin/../lib/gcc/arm-none-eabi/13.2.1/thumb/v7e-m+fp/hard\libc_nano.a
LOAD C:/ProgramData/MATLAB/SupportPackages/R2024b/3P.instrset/gnuarm-armcortex.instrset/win/bin/../lib/gcc/arm-none-eabi/13.2.1/thumb/v7e-m+fp/hard\libnosys.a
END GROUP
LOAD C:/ProgramData/MATLAB/SupportPackages/R2024b/3P.instrset/gnuarm-armcortex.instrset/win/bin/../lib/gcc/arm-none-eabi/13.2.1/thumb/v7e-m+fp/hard/crtend.o
LOAD C:/ProgramData/MATLAB/SupportPackages/R2024b/3P.instrset/gnuarm-armcortex.instrset/win/bin/../lib/gcc/arm-none-eabi/13.2.1/thumb/v7e-m+fp/hard/crtn.o
                0x20020000                        _estack = (ORIGIN (RAM) + LENGTH (RAM))
                0x00000200                        _Min_Heap_Size = 0x200
                0x00000400                        _Min_Stack_Size = 0x400

.isr_vector     0x08000000      0x1d8
                0x08000000                        . = ALIGN (0x4)
 *(.isr_vector)
 .isr_vector    0x08000000      0x1d8 startup_stm32g474retx.o
                0x08000000                g_pfnVectors
                0x080001d8                        . = ALIGN (0x4)

.text           0x080001d8     0xcca4
                0x080001d8                        . = ALIGN (0x4)
 *(.text)
 .text          0x080001d8      0x378 C:/ProgramData/MATLAB/SupportPackages/R2024b/3P.instrset/gnuarm-armcortex.instrset/win/bin/../lib/gcc/arm-none-eabi/13.2.1/thumb/v7e-m+fp/hard\libgcc.a(_arm_addsubdf3.o)
                0x080001d8                __aeabi_drsub
                0x080001e0                __aeabi_dsub
                0x080001e0                __subdf3
                0x080001e4                __aeabi_dadd
                0x080001e4                __adddf3
                0x0800045c                __floatunsidf
                0x0800045c                __aeabi_ui2d
                0x0800047c                __floatsidf
                0x0800047c                __aeabi_i2d
                0x080004a0                __aeabi_f2d
                0x080004a0                __extendsfdf2
                0x080004e4                __floatundidf
                0x080004e4                __aeabi_ul2d
                0x080004f4                __floatdidf
                0x080004f4                __aeabi_l2d
 .text          0x08000550      0x424 C:/ProgramData/MATLAB/SupportPackages/R2024b/3P.instrset/gnuarm-armcortex.instrset/win/bin/../lib/gcc/arm-none-eabi/13.2.1/thumb/v7e-m+fp/hard\libgcc.a(_arm_muldivdf3.o)
                0x08000550                __aeabi_dmul
                0x08000550                __muldf3
                0x080007a4                __divdf3
                0x080007a4                __aeabi_ddiv
 .text          0x08000974      0x110 C:/ProgramData/MATLAB/SupportPackages/R2024b/3P.instrset/gnuarm-armcortex.instrset/win/bin/../lib/gcc/arm-none-eabi/13.2.1/thumb/v7e-m+fp/hard\libgcc.a(_arm_cmpdf2.o)
                0x08000974                __gtdf2
                0x08000974                __gedf2
                0x0800097c                __ltdf2
                0x0800097c                __ledf2
                0x08000984                __nedf2
                0x08000984                __eqdf2
                0x08000984                __cmpdf2
                0x08000a00                __aeabi_cdrcmple
                0x08000a10                __aeabi_cdcmpeq
                0x08000a10                __aeabi_cdcmple
                0x08000a20                __aeabi_dcmpeq
                0x08000a34                __aeabi_dcmplt
                0x08000a48                __aeabi_dcmple
                0x08000a5c                __aeabi_dcmpge
                0x08000a70                __aeabi_dcmpgt
 .text          0x08000a84       0x2c C:/ProgramData/MATLAB/SupportPackages/R2024b/3P.instrset/gnuarm-armcortex.instrset/win/bin/../lib/gcc/arm-none-eabi/13.2.1/thumb/v7e-m+fp/hard\libgcc.a(_arm_unorddf2.o)
                0x08000a84                __unorddf2
                0x08000a84                __aeabi_dcmpun
 .text          0x08000ab0       0x40 C:/ProgramData/MATLAB/SupportPackages/R2024b/3P.instrset/gnuarm-armcortex.instrset/win/bin/../lib/gcc/arm-none-eabi/13.2.1/thumb/v7e-m+fp/hard\libgcc.a(_arm_fixunsdfsi.o)
                0x08000ab0                __aeabi_d2uiz
                0x08000ab0                __fixunsdfsi
 .text          0x08000af0       0x30 C:/ProgramData/MATLAB/SupportPackages/R2024b/3P.instrset/gnuarm-armcortex.instrset/win/bin/../lib/gcc/arm-none-eabi/13.2.1/thumb/v7e-m+fp/hard\libgcc.a(_aeabi_uldivmod.o)
                0x08000af0                __aeabi_uldivmod
 .text          0x08000b20        0x4 C:/ProgramData/MATLAB/SupportPackages/R2024b/3P.instrset/gnuarm-armcortex.instrset/win/bin/../lib/gcc/arm-none-eabi/13.2.1/thumb/v7e-m+fp/hard\libgcc.a(_dvmd_tls.o)
                0x08000b20                __aeabi_idiv0
                0x08000b20                __aeabi_ldiv0
 *(.text*)
 .text.deregister_tm_clones
                0x08000b24       0x1c C:/ProgramData/MATLAB/SupportPackages/R2024b/3P.instrset/gnuarm-armcortex.instrset/win/bin/../lib/gcc/arm-none-eabi/13.2.1/thumb/v7e-m+fp/hard/crtbegin.o
 .text.register_tm_clones
                0x08000b40       0x24 C:/ProgramData/MATLAB/SupportPackages/R2024b/3P.instrset/gnuarm-armcortex.instrset/win/bin/../lib/gcc/arm-none-eabi/13.2.1/thumb/v7e-m+fp/hard/crtbegin.o
 .text.__do_global_dtors_aux
                0x08000b64       0x28 C:/ProgramData/MATLAB/SupportPackages/R2024b/3P.instrset/gnuarm-armcortex.instrset/win/bin/../lib/gcc/arm-none-eabi/13.2.1/thumb/v7e-m+fp/hard/crtbegin.o
 .text.frame_dummy
                0x08000b8c       0x24 C:/ProgramData/MATLAB/SupportPackages/R2024b/3P.instrset/gnuarm-armcortex.instrset/win/bin/../lib/gcc/arm-none-eabi/13.2.1/thumb/v7e-m+fp/hard/crtbegin.o
 .text.LL_TIM_GetCounterMode
                0x08000bb0       0x30 stm_timer_ll.o
 .text.LL_TIM_GetCounter
                0x08000be0       0x18 stm_timer_ll.o
 .text.LL_TIM_GetRepetitionCounter
                0x08000bf8       0x18 stm_timer_ll.o
 .text.LL_TIM_CC_EnableChannel
                0x08000c10       0x22 stm_timer_ll.o
 .text.LL_TIM_CC_DisableChannel
                0x08000c32       0x24 stm_timer_ll.o
 .text.LL_TIM_EnableAllOutputs
                0x08000c56       0x20 stm_timer_ll.o
 .text.LL_TIM_IsActiveFlag_IDX
                0x08000c76       0x28 stm_timer_ll.o
 .text.LL_TIM_EnableIT_UPDATE
                0x08000c9e       0x20 stm_timer_ll.o
 .text.LL_TIM_DisableIT_UPDATE
                0x08000cbe       0x20 stm_timer_ll.o
 .text.LL_TIM_IsEnabledIT_UPDATE
                0x08000cde       0x26 stm_timer_ll.o
 .text.LL_TIM_EnableIT_CC1
                0x08000d04       0x20 stm_timer_ll.o
 .text.LL_TIM_DisableIT_CC1
                0x08000d24       0x20 stm_timer_ll.o
 .text.LL_TIM_IsEnabledIT_CC1
                0x08000d44       0x26 stm_timer_ll.o
 .text.LL_TIM_EnableIT_CC2
                0x08000d6a       0x20 stm_timer_ll.o
 .text.LL_TIM_DisableIT_CC2
                0x08000d8a       0x20 stm_timer_ll.o
 .text.LL_TIM_IsEnabledIT_CC2
                0x08000daa       0x26 stm_timer_ll.o
 .text.LL_TIM_EnableIT_CC3
                0x08000dd0       0x20 stm_timer_ll.o
 .text.LL_TIM_DisableIT_CC3
                0x08000df0       0x20 stm_timer_ll.o
 .text.LL_TIM_IsEnabledIT_CC3
                0x08000e10       0x26 stm_timer_ll.o
 .text.LL_TIM_EnableIT_CC4
                0x08000e36       0x20 stm_timer_ll.o
 .text.LL_TIM_DisableIT_CC4
                0x08000e56       0x20 stm_timer_ll.o
 .text.LL_TIM_IsEnabledIT_CC4
                0x08000e76       0x26 stm_timer_ll.o
 .text.LL_TIM_EnableIT_COM
                0x08000e9c       0x20 stm_timer_ll.o
 .text.LL_TIM_DisableIT_COM
                0x08000ebc       0x20 stm_timer_ll.o
 .text.LL_TIM_IsEnabledIT_COM
                0x08000edc       0x26 stm_timer_ll.o
 .text.LL_TIM_EnableIT_TRIG
                0x08000f02       0x20 stm_timer_ll.o
 .text.LL_TIM_DisableIT_TRIG
                0x08000f22       0x20 stm_timer_ll.o
 .text.LL_TIM_IsEnabledIT_TRIG
                0x08000f42       0x26 stm_timer_ll.o
 .text.LL_TIM_EnableIT_BRK
                0x08000f68       0x20 stm_timer_ll.o
 .text.LL_TIM_DisableIT_BRK
                0x08000f88       0x20 stm_timer_ll.o
 .text.LL_TIM_IsEnabledIT_BRK
                0x08000fa8       0x26 stm_timer_ll.o
 .text.LL_TIM_EnableIT_TERR
                0x08000fce       0x20 stm_timer_ll.o
 .text.LL_TIM_DisableIT_TERR
                0x08000fee       0x20 stm_timer_ll.o
 .text.LL_TIM_IsEnabledIT_TERR
                0x0800100e       0x28 stm_timer_ll.o
 .text.LL_TIM_EnableIT_IERR
                0x08001036       0x20 stm_timer_ll.o
 .text.LL_TIM_DisableIT_IERR
                0x08001056       0x20 stm_timer_ll.o
 .text.LL_TIM_IsEnabledIT_IERR
                0x08001076       0x28 stm_timer_ll.o
 .text.LL_TIM_EnableIT_DIR
                0x0800109e       0x20 stm_timer_ll.o
 .text.LL_TIM_DisableIT_DIR
                0x080010be       0x20 stm_timer_ll.o
 .text.LL_TIM_IsEnabledIT_DIR
                0x080010de       0x28 stm_timer_ll.o
 .text.LL_TIM_EnableIT_IDX
                0x08001106       0x20 stm_timer_ll.o
 .text.LL_TIM_DisableIT_IDX
                0x08001126       0x20 stm_timer_ll.o
 .text.LL_TIM_IsEnabledIT_IDX
                0x08001146       0x28 stm_timer_ll.o
 .text.TIM_IsActiveFlagIDX
                0x0800116e       0x34 stm_timer_ll.o
                0x0800116e                TIM_IsActiveFlagIDX
 .text.enableTimerInterrupts
                0x080011a2      0x1c4 stm_timer_ll.o
                0x080011a2                enableTimerInterrupts
 .text.disableTimerInterrupts
                0x08001366      0x1c4 stm_timer_ll.o
                0x08001366                disableTimerInterrupts
 *fill*         0x0800152a        0x2 
 .text.enableTimerChannel1
                0x0800152c       0xb0 stm_timer_ll.o
                0x0800152c                enableTimerChannel1
 .text.disableTimerChannel1
                0x080015dc       0xb0 stm_timer_ll.o
                0x080015dc                disableTimerChannel1
 .text.enableTimerChannel2
                0x0800168c       0xb0 stm_timer_ll.o
                0x0800168c                enableTimerChannel2
 .text.disableTimerChannel2
                0x0800173c       0xb0 stm_timer_ll.o
                0x0800173c                disableTimerChannel2
 .text.Timer_Handle_Init
                0x080017ec      0x114 stm_timer_ll.o
                0x080017ec                Timer_Handle_Init
 .text.getTimerCounterValueForG4
                0x08001900       0x64 stm_timer_ll.o
                0x08001900                getTimerCounterValueForG4
 .text.extmodeParseArgs
                0x08001964       0x1e xcp_ext_mode.o
                0x08001964                extmodeParseArgs
 *fill*         0x08001982        0x2 
 .text.extmodeInit
                0x08001984      0x128 xcp_ext_mode.o
                0x08001984                extmodeInit
 .text.extmodeWaitForHostRequest
                0x08001aac       0xcc xcp_ext_mode.o
                0x08001aac                extmodeWaitForHostRequest
 .text.extmodeEvent
                0x08001b78       0xfc xcp_ext_mode.o
                0x08001b78                extmodeEvent
 .text.extmodeBackgroundRun
                0x08001c74       0x20 xcp_ext_mode.o
                0x08001c74                extmodeBackgroundRun
 .text.extmodeReset
                0x08001c94       0x40 xcp_ext_mode.o
                0x08001c94                extmodeReset
 .text.extmodeStopRequested
                0x08001cd4       0x18 xcp_ext_mode.o
                0x08001cd4                extmodeStopRequested
 .text.extmodeSimulationComplete
                0x08001cec       0x18 xcp_ext_mode.o
                0x08001cec                extmodeSimulationComplete
 .text.LL_TIM_EnableCounter
                0x08001d04       0x20 Encoder.o
 .text.LL_TIM_DisableCounter
                0x08001d24       0x20 Encoder.o
 .text.LL_TIM_SetUpdateSource
                0x08001d44       0x26 Encoder.o
 .text.LL_TIM_GetUpdateSource
                0x08001d6a       0x1c Encoder.o
 .text.LL_TIM_GetDirection
                0x08001d86       0x1c Encoder.o
 .text.LL_TIM_SetRepetitionCounter
                0x08001da2       0x1c Encoder.o
 .text.LL_TIM_GenerateEvent_UPDATE
                0x08001dbe       0x20 Encoder.o
 *fill*         0x08001dde        0x2 
 .text.isSlaveTriggerModeEnabled
                0x08001de0       0x30 Encoder.o
 .text.enableCounter
                0x08001e10      0x118 Encoder.o
 .text.ouputDirectionOfCounter
                0x08001f28       0x26 Encoder.o
 .text.disableCounter
                0x08001f4e       0x1a Encoder.o
 .text.Encoder_SystemCore_setup
                0x08001f68       0x94 Encoder.o
 .text.Encoder_step
                0x08001ffc       0x60 Encoder.o
                0x08001ffc                Encoder_step
 *fill*         0x0800205c        0x4 
 .text.Encoder_initialize
                0x08002060       0xb0 Encoder.o
                0x08002060                Encoder_initialize
 .text.Encoder_terminate
                0x08002110       0x68 Encoder.o
                0x08002110                Encoder_terminate
 .text.rt_OneStep
                0x08002178       0x78 ert_main.o
                0x08002178                rt_OneStep
 .text.main     0x080021f0      0x184 ert_main.o
                0x080021f0                main
 .text.xcp_void_printf
                0x08002374       0x12 xcp_ext_common.o
                0x08002374                xcp_void_printf
 .text.xcpCopyTimeValue
                0x08002386       0x26 xcp_ext_common.o
 *fill*         0x080023ac        0x4 
 .text.xcpExtModeUpdateTime
                0x080023b0      0x13c xcp_ext_common.o
                0x080023b0                xcpExtModeUpdateTime
 .text.xcpExtModeInit
                0x080024ec       0xb0 xcp_ext_common.o
                0x080024ec                xcpExtModeInit
 .text.xcpExtModeRunBackground
                0x0800259c      0x13c xcp_ext_common.o
                0x0800259c                xcpExtModeRunBackground
 .text.xcpExtModeReset
                0x080026d8      0x128 xcp_ext_common.o
                0x080026d8                xcpExtModeReset
 .text.sampleSignalTrigger
                0x08002800      0x1b4 xcp_ext_classic_trigger.o
 .text.updateTriggerStatus
                0x080029b4      0x2b8 xcp_ext_classic_trigger.o
 .text.xcpExtModeClassicTriggerInit
                0x08002c6c       0x68 xcp_ext_classic_trigger.o
                0x08002c6c                xcpExtModeClassicTriggerInit
 .text.xcpExtModeClassicTriggerEnabled
                0x08002cd4      0x100 xcp_ext_classic_trigger.o
                0x08002cd4                xcpExtModeClassicTriggerEnabled
 .text.xcpExtModeClassicTriggerReset
                0x08002dd4       0xf4 xcp_ext_classic_trigger.o
                0x08002dd4                xcpExtModeClassicTriggerReset
 .text.xcpExtModeClassicTriggerForceEnableStatusUpdate
                0x08002ec8       0x78 xcp_ext_classic_trigger.o
                0x08002ec8                xcpExtModeClassicTriggerForceEnableStatusUpdate
 .text.msgBufferRealloc
                0x08002f40       0x72 xcp.o
 *fill*         0x08002fb2        0x2 
 .text.discardInputPacketHandler
                0x08002fb4       0x3c xcp.o
 .text.unknownInputPacketHandler
                0x08002ff0       0x34 xcp.o
 .text.xcpGetPacketGroupID
                0x08003024       0x74 xcp.o
 .text.xcpGetPacketHandlers
                0x08003098      0x124 xcp.o
 .text.xcpStatusSet
                0x080031bc       0x20 xcp.o
                0x080031bc                xcpStatusSet
 .text.xcpSessionStatusGet
                0x080031dc       0x18 xcp.o
                0x080031dc                xcpSessionStatusGet
 .text.xcpSessionStatusSetMask
                0x080031f4       0x28 xcp.o
                0x080031f4                xcpSessionStatusSetMask
 .text.xcpSessionStatusClearMask
                0x0800321c       0x34 xcp.o
                0x0800321c                xcpSessionStatusClearMask
 .text.xcpResourceProtectionStatusGet
                0x08003250       0x18 xcp.o
                0x08003250                xcpResourceProtectionStatusGet
 .text.xcpSessionConfigurationIdGet
                0x08003268       0x18 xcp.o
                0x08003268                xcpSessionConfigurationIdGet
 .text.genericOutputPacketHandler
                0x08003280      0x11c xcp.o
                0x08003280                genericOutputPacketHandler
 .text.xcpFindPacket
                0x0800339c       0x6e xcp.o
                0x0800339c                xcpFindPacket
 *fill*         0x0800340a        0x2 
 .text.xcpInit  0x0800340c       0x64 xcp.o
                0x0800340c                xcpInit
 .text.xcpRun   0x08003470      0x194 xcp.o
                0x08003470                xcpRun
 .text.xcpEvent
                0x08003604       0x50 xcp.o
                0x08003604                xcpEvent
 .text.xcpGetStatus
                0x08003654       0x18 xcp.o
                0x08003654                xcpGetStatus
 .text.xcpReset
                0x0800366c       0x40 xcp.o
                0x0800366c                xcpReset
 .text.xcpPackedModeEventsFlush
                0x080036ac       0x1e xcp.o
                0x080036ac                xcpPackedModeEventsFlush
 .text.xcpPackedModeEventReset
                0x080036ca       0x2a xcp.o
                0x080036ca                xcpPackedModeEventReset
 .text.isValidUploadSize
                0x080036f4       0x30 xcp_standard.o
 .text.xcpMemcpyFromMTA
                0x08003724       0x38 xcp_standard.o
 .text.connectInputPacketHandler
                0x0800375c       0xa4 xcp_standard.o
 .text.connectOutputPacketHandler
                0x08003800       0xd4 xcp_standard.o
 .text.disconnectInputPacketHandler
                0x080038d4       0x54 xcp_standard.o
 .text.getStatusInputPacketHandler
                0x08003928       0x28 xcp_standard.o
 .text.getStatusOutputPacketHandler
                0x08003950       0x80 xcp_standard.o
 .text.synchInputPacketHandler
                0x080039d0       0x44 xcp_standard.o
 .text.setMTAInputPacketHandler
                0x08003a14       0x78 xcp_standard.o
 .text.uploadInputPacketHandler
                0x08003a8c       0x98 xcp_standard.o
 .text.uploadOutputPacketHandler
                0x08003b24       0x9c xcp_standard.o
 .text.shortUploadInputPacketHandler
                0x08003bc0       0xa4 xcp_standard.o
 .text.shortUploadOutputPacketHandler
                0x08003c64       0x9c xcp_standard.o
 .text.getPacket
                0x08003d00       0x24 xcp_standard.o
 .text.xcpStandardInit
                0x08003d24       0x18 xcp_standard.o
                0x08003d24                xcpStandardInit
 .text.xcpStandardGetPacketLookup
                0x08003d3c       0x18 xcp_standard.o
                0x08003d3c                xcpStandardGetPacketLookup
 .text.xcpStandardSetPacketLookup
                0x08003d54       0x20 xcp_standard.o
                0x08003d54                xcpStandardSetPacketLookup
 .text.xcpStandardReset
                0x08003d74       0x12 xcp_standard.o
                0x08003d74                xcpStandardReset
 *fill*         0x08003d86        0x2 
 .text.xcpStandardGetAddressFromMta
                0x08003d88       0x18 xcp_standard.o
                0x08003d88                xcpStandardGetAddressFromMta
 .text.xcpStandardSetMta
                0x08003da0       0x3c xcp_standard.o
                0x08003da0                xcpStandardSetMta
 .text.xcpStandardIncrementMta
                0x08003ddc       0x28 xcp_standard.o
                0x08003ddc                xcpStandardIncrementMta
 .text.xcpStandardExtendedInit
                0x08003e04        0xe xcp_standard.o
                0x08003e04                xcpStandardExtendedInit
 .text.xcpStandardExtendedReset
                0x08003e12        0xe xcp_standard.o
                0x08003e12                xcpStandardExtendedReset
 .text.xcpDaqWriteLock
                0x08003e20       0x4c xcp_daq.o
 .text.xcpDaqWriteUnlock
                0x08003e6c       0x20 xcp_daq.o
 .text.xcpDaqReadLock
                0x08003e8c       0x38 xcp_daq.o
 .text.xcpDaqReadUnlock
                0x08003ec4       0x38 xcp_daq.o
 .text.isActiveDaqList
                0x08003efc       0x50 xcp_daq.o
 .text.noActiveDaqLists
                0x08003f4c       0x50 xcp_daq.o
 .text.isValidDaqPtr
                0x08003f9c       0xb8 xcp_daq.o
 .text.isValidDaqEntry
                0x08004054       0x36 xcp_daq.o
 .text.isSupportedDaqListMode
                0x0800408a       0x26 xcp_daq.o
 .text.isValidStartStopMode
                0x080040b0       0x32 xcp_daq.o
 .text.isValidStartStopSynchMode
                0x080040e2       0x32 xcp_daq.o
 .text.absoluteOdtNumberIdentification
                0x08004114       0x10 xcp_daq.o
 .text.isDaqPackedModeEnabled
                0x08004124       0x6c xcp_daq.o
 .text.odtPacketSize
                0x08004190       0x54 xcp_daq.o
 .text.createDaqReservedPool
                0x080041e4       0x88 xcp_daq.o
 .text.destroyDaqReservedPool
                0x0800426c       0x2c xcp_daq.o
 .text.setDaqPtrInputPacketHandler
                0x08004298       0xdc xcp_daq.o
 .text.writeDaqInputPacketHandler
                0x08004374      0x198 xcp_daq.o
 .text.setDaqListModeInputPacketHandler
                0x0800450c      0x1c8 xcp_daq.o
 .text.startStopDaqListInputPacketHandler
                0x080046d4      0x3f4 xcp_daq.o
 .text.startStopDaqListOutputPacketHandler
                0x08004ac8       0x5c xcp_daq.o
 .text.startStopSynchInputPacketHandler
                0x08004b24      0x328 xcp_daq.o
 .text.getDaqProcessorInfoInputPacketHandler
                0x08004e4c       0x28 xcp_daq.o
 .text.getDaqProcessorInfoOutputPacketHandler
                0x08004e74       0xac xcp_daq.o
 .text.getDaqResolutionInfoInputPacketHandler
                0x08004f20       0x28 xcp_daq.o
 .text.getDaqResolutionInfoOutputPacketHandler
                0x08004f48       0xb8 xcp_daq.o
 .text.freeDaqInputPacketHandler
                0x08005000       0x5c xcp_daq.o
 .text.allocDaqInputPacketHandler
                0x0800505c      0x18c xcp_daq.o
 .text.allocOdtInputPacketHandler
                0x080051e8      0x1c0 xcp_daq.o
 .text.allocOdtEntryInputPacketHandler
                0x080053a8      0x270 xcp_daq.o
 .text.getDaqClockInputPacketHandler
                0x08005618       0x22 xcp_daq.o
 *fill*         0x0800563a        0x2 
 .text.setDaqPackedModeInputPacketHandler
                0x0800563c      0x21c xcp_daq.o
 .text.level1CommandInputPacketHandler
                0x08005858       0x64 xcp_daq.o
 .text.getPacket
                0x080058bc       0x24 xcp_daq.o
 .text.xcpDaqInit
                0x080058e0       0x38 xcp_daq.o
                0x080058e0                xcpDaqInit
 .text.xcpDaqGetPacketLookup
                0x08005918       0x18 xcp_daq.o
                0x08005918                xcpDaqGetPacketLookup
 .text.xcpDaqSetPacketLookup
                0x08005930       0x20 xcp_daq.o
                0x08005930                xcpDaqSetPacketLookup
 .text.xcpResetDaq
                0x08005950       0xa4 xcp_daq.o
 .text.daqWriteXCPDataForOdt
                0x080059f4       0x7c xcp_daq.o
 .text.odtWriteEntries
                0x08005a70       0x9c xcp_daq.o
 .text.xcpProcessDaq
                0x08005b0c      0x208 xcp_daq.o
 .text.xcpDaqEvent
                0x08005d14      0x108 xcp_daq.o
                0x08005d14                xcpDaqEvent
 .text.xcpDaqEventsFlush
                0x08005e1c      0x284 xcp_daq.o
                0x08005e1c                xcpDaqEventsFlush
 .text.xcpDaqLock
                0x080060a0       0x1e xcp_daq.o
                0x080060a0                xcpDaqLock
 .text.xcpDaqUnlock
                0x080060be        0xe xcp_daq.o
                0x080060be                xcpDaqUnlock
 .text.xcpResetDaqListStatus
                0x080060cc      0x19c xcp_daq.o
                0x080060cc                xcpResetDaqListStatus
 .text.xcpDaqReset
                0x08006268       0x20 xcp_daq.o
                0x08006268                xcpDaqReset
 .text.xcpDaqExtendedInit
                0x08006288        0xe xcp_daq.o
                0x08006288                xcpDaqExtendedInit
 .text.xcpDaqExtendedReset
                0x08006296        0xe xcp_daq.o
                0x08006296                xcpDaqExtendedReset
 .text.isValidShortDownloadSize
                0x080062a4       0x34 xcp_calibration.o
 .text.isValidDownloadSize
                0x080062d8       0x3a xcp_calibration.o
 *fill*         0x08006312        0x2 
 .text.xcpMemcpyToMTA
                0x08006314       0x34 xcp_calibration.o
 .text.downloadInputPacketHandler
                0x08006348       0xb0 xcp_calibration.o
 .text.shortDownloadInputPacketHandler
                0x080063f8       0xb8 xcp_calibration.o
 .text.getPacket
                0x080064b0       0x24 xcp_calibration.o
 .text.xcpCalibrationInit
                0x080064d4       0x14 xcp_calibration.o
                0x080064d4                xcpCalibrationInit
 .text.xcpCalibrationGetPacketLookup
                0x080064e8       0x18 xcp_calibration.o
                0x080064e8                xcpCalibrationGetPacketLookup
 .text.xcpCalibrationSetPacketLookup
                0x08006500       0x20 xcp_calibration.o
                0x08006500                xcpCalibrationSetPacketLookup
 .text.xcpCalibrationReset
                0x08006520        0xe xcp_calibration.o
                0x08006520                xcpCalibrationReset
 .text.xcpFifoInit
                0x0800652e       0x20 xcp_fifo.o
                0x0800652e                xcpFifoInit
 .text.xcpFifoEnqueue
                0x0800654e       0x2a xcp_fifo.o
                0x0800654e                xcpFifoEnqueue
 .text.xcpFifoDequeue
                0x08006578       0x3e xcp_fifo.o
                0x08006578                xcpFifoDequeue
 .text.xcpFifoEnqueueHead
                0x080065b6       0x32 xcp_fifo.o
                0x080065b6                xcpFifoEnqueueHead
 .text.xcpFifoReset
                0x080065e8       0x16 xcp_fifo.o
                0x080065e8                xcpFifoReset
 *fill*         0x080065fe        0x2 
 .text.xcpTransportEmptyTxFifo
                0x08006600       0x6c xcp_transport.o
 .text.xcpTransportEmptyRxFifo
                0x0800666c       0x6c xcp_transport.o
 .text.xcpTransportInit
                0x080066d8      0x138 xcp_transport.o
                0x080066d8                xcpTransportInit
 .text.xcpTransportTxReady
                0x08006810       0x1a xcp_transport.o
                0x08006810                xcpTransportTxReady
 .text.xcpTransportTxTrigger
                0x0800682a       0x1a xcp_transport.o
                0x0800682a                xcpTransportTxTrigger
 .text.xcpTransportTxPacketSet
                0x08006844      0x144 xcp_transport.o
                0x08006844                xcpTransportTxPacketSet
 .text.xcpTransportTx
                0x08006988       0xec xcp_transport.o
                0x08006988                xcpTransportTx
 .text.xcpTransportRx
                0x08006a74       0x80 xcp_transport.o
                0x08006a74                xcpTransportRx
 .text.xcpTransportRxPacketGet
                0x08006af4      0x12c xcp_transport.o
                0x08006af4                xcpTransportRxPacketGet
 .text.xcpTransportPacketOffset
                0x08006c20       0x20 xcp_transport.o
                0x08006c20                xcpTransportPacketOffset
 .text.xcpTransportMsgBufferSize
                0x08006c40       0x70 xcp_transport.o
                0x08006c40                xcpTransportMsgBufferSize
 .text.xcpTransportMaxDtoSize
                0x08006cb0        0xe xcp_transport.o
                0x08006cb0                xcpTransportMaxDtoSize
 .text.xcpTransportMaxCtoSize
                0x08006cbe        0xe xcp_transport.o
                0x08006cbe                xcpTransportMaxCtoSize
 .text.xcpTransportRestart
                0x08006ccc       0x44 xcp_transport.o
                0x08006ccc                xcpTransportRestart
 .text.xcpTransportResynch
                0x08006d10       0x40 xcp_transport.o
                0x08006d10                xcpTransportResynch
 .text.xcpTransportCtoReservedMemPoolId
                0x08006d50       0x18 xcp_transport.o
                0x08006d50                xcpTransportCtoReservedMemPoolId
 .text.xcpTransportReset
                0x08006d68       0xe4 xcp_transport.o
                0x08006d68                xcpTransportReset
 .text.xcpInitializePoolMemoryArea
                0x08006e4c       0x72 xcp_mem_default.o
 *fill*         0x08006ebe        0x2 
 .text.xcpMemInit
                0x08006ec0      0x1d4 xcp_mem_default.o
                0x08006ec0                xcpMemInit
 .text.xcpMemAlloc
                0x08007094       0xe8 xcp_mem_default.o
                0x08007094                xcpMemAlloc
 .text.xcpMemFree
                0x0800717c      0x170 xcp_mem_default.o
                0x0800717c                xcpMemFree
 .text.xcpMemReservedPoolCreate
                0x080072ec      0x224 xcp_mem_default.o
                0x080072ec                xcpMemReservedPoolCreate
 .text.xcpMemReservedPoolDestroy
                0x08007510      0x158 xcp_mem_default.o
                0x08007510                xcpMemReservedPoolDestroy
 .text.xcpMemCustomPoolCreate
                0x08007668       0xbc xcp_mem_default.o
                0x08007668                xcpMemCustomPoolCreate
 .text.xcpMemCustomPoolDestroy
                0x08007724       0x64 xcp_mem_default.o
                0x08007724                xcpMemCustomPoolDestroy
 .text.xcpMemAllocFromPool
                0x08007788      0x170 xcp_mem_default.o
                0x08007788                xcpMemAllocFromPool
 .text.xcpMemReset
                0x080078f8       0x50 xcp_mem_default.o
                0x080078f8                xcpMemReset
 .text.xcpDrvOpen
                0x08007948       0x64 xcp_drv_rtiostream.o
                0x08007948                xcpDrvOpen
 .text.xcpDrvIoctl
                0x080079ac       0x4c xcp_drv_rtiostream.o
                0x080079ac                xcpDrvIoctl
 .text.xcpDrvSend
                0x080079f8      0x14c xcp_drv_rtiostream.o
                0x080079f8                xcpDrvSend
 .text.xcpDrvRecv
                0x08007b44      0x14c xcp_drv_rtiostream.o
                0x08007b44                xcpDrvRecv
 .text.xcpDrvClose
                0x08007c90       0x5c xcp_drv_rtiostream.o
                0x08007c90                xcpDrvClose
 .text.xcpSortArray
                0x08007cec       0xcc xcp_utils.o
                0x08007cec                xcpSortArray
 .text.xcpSxiHtons
                0x08007db8       0x18 xcp_frame_serial.o
 .text.xcpSxiNtohs
                0x08007dd0       0x1c xcp_frame_serial.o
 .text.xcpSxiChecksum
                0x08007dec       0x3e xcp_frame_serial.o
                0x08007dec                xcpSxiChecksum
 *fill*         0x08007e2a        0x2 
 .text.xcpFrameInit
                0x08007e2c       0x70 xcp_frame_serial.o
                0x08007e2c                xcpFrameInit
 .text.xcpFrameMsgSend
                0x08007e9c      0x188 xcp_frame_serial.o
                0x08007e9c                xcpFrameMsgSend
 .text.xcpFrameMsgRecv
                0x08008024      0x180 xcp_frame_serial.o
                0x08008024                xcpFrameMsgRecv
 .text.xcpFrameCreateMsg
                0x080081a4       0x94 xcp_frame_serial.o
                0x080081a4                xcpFrameCreateMsg
 .text.xcpFrameExtractPacket
                0x08008238      0x158 xcp_frame_serial.o
                0x08008238                xcpFrameExtractPacket
 .text.xcpFrameHeaderSize
                0x08008390       0x10 xcp_frame_serial.o
                0x08008390                xcpFrameHeaderSize
 .text.xcpFrameTailSize
                0x080083a0       0x10 xcp_frame_serial.o
                0x080083a0                xcpFrameTailSize
 .text.xcpFrameMaxDtoSize
                0x080083b0       0x12 xcp_frame_serial.o
                0x080083b0                xcpFrameMaxDtoSize
 .text.xcpFrameMaxCtoSize
                0x080083c2       0x10 xcp_frame_serial.o
                0x080083c2                xcpFrameMaxCtoSize
 *fill*         0x080083d2        0x2 
 .text.xcpFrameRestart
                0x080083d4       0x30 xcp_frame_serial.o
                0x080083d4                xcpFrameRestart
 .text.xcpFrameSetCtoReservedMemPoolId
                0x08008404       0x20 xcp_frame_serial.o
                0x08008404                xcpFrameSetCtoReservedMemPoolId
 .text.xcpFrameReset
                0x08008424       0x70 xcp_frame_serial.o
                0x08008424                xcpFrameReset
 .text.xcpTransportGetInitParameters
                0x08008494       0x2e xcp_ext_param_default_serial.o
                0x08008494                xcpTransportGetInitParameters
 .text.xcpGetInitParameters
                0x080084c2       0x2e xcp_ext_param_default_serial.o
                0x080084c2                xcpGetInitParameters
 .text.HAL_Delay
                0x080084f0       0x2e overrideHALDelay.o
                0x080084f0                HAL_Delay
 *fill*         0x0800851e        0x2 
 .text.PeriphCommonClock_Config
                0x08008520       0x10 platform_timer.o
                0x08008520                PeriphCommonClock_Config
 .text.getCurrentTimestampInMicros
                0x08008530       0x3c platform_timer.o
                0x08008530                getCurrentTimestampInMicros
 .text.returnTimeElapsed
                0x0800856c       0x2c platform_timer.o
                0x0800856c                returnTimeElapsed
 .text.timestampInit
                0x08008598       0x28 platform_timer.o
 .text.getCurrentTimestamp
                0x080085c0       0x44 platform_timer.o
                0x080085c0                getCurrentTimestamp
 .text.__NVIC_SetPriority
                0x08008604       0x54 SysTickScheduler.o
 .text.SysTick_Config
                0x08008658       0x44 SysTickScheduler.o
 .text.SysTick_Isr
                0x0800869c       0x48 SysTickScheduler.o
 .text.SysTick_Handler
                0x080086e4       0x20 SysTickScheduler.o
                0x080086e4                SysTick_Handler
 .text.ARMCM_SysTick_Config
                0x08008704       0xb0 SysTickScheduler.o
                0x08008704                ARMCM_SysTick_Config
 .text.PendSV_Handler
                0x080087b4       0x44 m3m4m4f_multitasking.o
                0x080087b4                PendSV_Handler
 .text.SVC_Handler
                0x080087f8       0x58 m3m4m4f_multitasking.o
                0x080087f8                SVC_Handler
 .text.rtIOStreamOpen
                0x08008850       0x44 rtiostream_serial.o
                0x08008850                rtIOStreamOpen
 .text.rtIOStreamSend
                0x08008894       0x38 rtiostream_serial.o
                0x08008894                rtIOStreamSend
 .text.rtIOStreamRecv
                0x080088cc       0x48 rtiostream_serial.o
                0x080088cc                rtIOStreamRecv
 .text.rtIOStreamClose
                0x08008914       0x20 rtiostream_serial.o
                0x08008914                rtIOStreamClose
 .text.LL_DMA_GetDataLength
                0x08008934       0x30 stm_usart.o
 .text.getAvailableDataInBuffer
                0x08008964       0xcc stm_usart.o
                0x08008964                getAvailableDataInBuffer
 .text.getBytesToBeReadFromBuffer
                0x08008a30       0x6e stm_usart.o
                0x08008a30                getBytesToBeReadFromBuffer
 *fill*         0x08008a9e        0x2 
 .text.readDataFromBuffer
                0x08008aa0       0xdc stm_usart.o
                0x08008aa0                readDataFromBuffer
 .text.__NVIC_GetPriorityGrouping
                0x08008b7c       0x1c stm_lpuart.o
 .text.__NVIC_EnableIRQ
                0x08008b98       0x3c stm_lpuart.o
 .text.__NVIC_SetPriority
                0x08008bd4       0x54 stm_lpuart.o
 .text.NVIC_EncodePriority
                0x08008c28       0x66 stm_lpuart.o
 *fill*         0x08008c8e        0x2 
 .text.LL_DMA_EnableChannel
                0x08008c90       0x44 stm_lpuart.o
 .text.LL_DMA_DisableChannel
                0x08008cd4       0x44 stm_lpuart.o
 .text.LL_DMA_GetMode
                0x08008d18       0x34 stm_lpuart.o
 .text.LL_DMA_SetDataLength
                0x08008d4c       0x4c stm_lpuart.o
 .text.LL_DMA_ConfigAddresses
                0x08008d98       0x7c stm_lpuart.o
 .text.LL_DMA_IsActiveFlag_TC1
                0x08008e14       0x26 stm_lpuart.o
 .text.LL_DMA_ClearFlag_TC1
                0x08008e3a       0x1a stm_lpuart.o
 .text.LL_DMA_EnableIT_TC
                0x08008e54       0x44 stm_lpuart.o
 .text.LL_DMA_DisableIT_TC
                0x08008e98       0x44 stm_lpuart.o
 .text.LL_DMA_IsEnabledIT_TC
                0x08008edc       0x3c stm_lpuart.o
 .text.LL_LPUART_Enable
                0x08008f18       0x20 stm_lpuart.o
 .text.LL_LPUART_Disable
                0x08008f38       0x20 stm_lpuart.o
 .text.LL_LPUART_IsEnabled
                0x08008f58       0x26 stm_lpuart.o
 .text.LL_LPUART_IsActiveFlag_PE
                0x08008f7e       0x26 stm_lpuart.o
 .text.LL_LPUART_IsActiveFlag_FE
                0x08008fa4       0x26 stm_lpuart.o
 .text.LL_LPUART_IsActiveFlag_NE
                0x08008fca       0x26 stm_lpuart.o
 .text.LL_LPUART_IsActiveFlag_ORE
                0x08008ff0       0x26 stm_lpuart.o
 .text.LL_LPUART_IsActiveFlag_TC
                0x08009016       0x26 stm_lpuart.o
 .text.LL_LPUART_IsActiveFlag_TXE_TXFNF
                0x0800903c       0x26 stm_lpuart.o
 .text.LL_LPUART_ClearFlag_PE
                0x08009062       0x1a stm_lpuart.o
 .text.LL_LPUART_ClearFlag_FE
                0x0800907c       0x1a stm_lpuart.o
 .text.LL_LPUART_ClearFlag_NE
                0x08009096       0x1a stm_lpuart.o
 .text.LL_LPUART_ClearFlag_ORE
                0x080090b0       0x1a stm_lpuart.o
 .text.LL_LPUART_EnableIT_RXNE_RXFNE
                0x080090ca       0x42 stm_lpuart.o
 .text.LL_LPUART_EnableIT_PE
                0x0800910c       0x42 stm_lpuart.o
 .text.LL_LPUART_EnableIT_ERROR
                0x0800914e       0x46 stm_lpuart.o
 .text.LL_LPUART_DisableIT_RXNE_RXFNE
                0x08009194       0x42 stm_lpuart.o
 .text.LL_LPUART_DisableIT_TXE_TXFNF
                0x080091d6       0x42 stm_lpuart.o
 .text.LL_LPUART_DisableIT_PE
                0x08009218       0x42 stm_lpuart.o
 .text.LL_LPUART_DisableIT_ERROR
                0x0800925a       0x46 stm_lpuart.o
 .text.LL_LPUART_EnableDMAReq_RX
                0x080092a0       0x46 stm_lpuart.o
 .text.LL_LPUART_DisableDMAReq_RX
                0x080092e6       0x46 stm_lpuart.o
 .text.LL_LPUART_EnableDMAReq_TX
                0x0800932c       0x46 stm_lpuart.o
 .text.LL_LPUART_DisableDMAReq_TX
                0x08009372       0x46 stm_lpuart.o
 .text.LL_LPUART_DMA_GetRegAddr
                0x080093b8       0x2c stm_lpuart.o
 .text.LL_LPUART_ReceiveData8
                0x080093e4       0x1a stm_lpuart.o
 .text.LL_LPUART_TransmitData8
                0x080093fe       0x1e stm_lpuart.o
 .text.LPUART_RXDMAInterruptHandler
                0x0800941c       0xd4 stm_lpuart.o
                0x0800941c                LPUART_RXDMAInterruptHandler
 .text.LPUART_IsActiveFlagError
                0x080094f0       0xf4 stm_lpuart.o
                0x080094f0                LPUART_IsActiveFlagError
 .text.LPUART1_IRQHandler
                0x080095e4       0x14 stm_lpuart.o
                0x080095e4                LPUART1_IRQHandler
 .text.DMA1_Channel1_IRQHandler
                0x080095f8       0x20 stm_lpuart.o
                0x080095f8                DMA1_Channel1_IRQHandler
 .text.LPUART_ConfigureReceiveDMA
                0x08009618       0xae stm_lpuart.o
                0x08009618                LPUART_ConfigureReceiveDMA
 .text.LPUART_ConfigureTransmitDMA
                0x080096c6       0x7a stm_lpuart.o
                0x080096c6                LPUART_ConfigureTransmitDMA
 .text.MW_LPUART_GetReadErrorStatus
                0x08009740       0xc8 stm_lpuart.o
                0x08009740                MW_LPUART_GetReadErrorStatus
 .text.MW_LPUART_Initialize
                0x08009808      0x170 stm_lpuart.o
                0x08009808                MW_LPUART_Initialize
 .text.MW_LPUART_ReceiveUsingBuffer
                0x08009978       0x5c stm_lpuart.o
                0x08009978                MW_LPUART_ReceiveUsingBuffer
 .text.MW_LPUART_TransmitUsingPolling
                0x080099d4      0x184 stm_lpuart.o
                0x080099d4                MW_LPUART_TransmitUsingPolling
 .text.MW_LPUART_DeInit
                0x08009b58       0xaa stm_lpuart.o
                0x08009b58                MW_LPUART_DeInit
 .text.sys_arch_protect
                0x08009c02       0x22 sys_arch.o
                0x08009c02                sys_arch_protect
 .text.sys_arch_unprotect
                0x08009c24       0x20 sys_arch.o
                0x08009c24                sys_arch_unprotect
 .text.__NVIC_GetPriorityGrouping
                0x08009c44       0x1c main.o
 .text.__NVIC_EnableIRQ
                0x08009c60       0x3c main.o
 .text.__NVIC_SetPriority
                0x08009c9c       0x54 main.o
 .text.NVIC_EncodePriority
                0x08009cf0       0x66 main.o
 *fill*         0x08009d56        0x2 
 .text.LL_DMA_SetDataTransferDirection
                0x08009d58       0x50 main.o
 .text.LL_DMA_SetMode
                0x08009da8       0x4c main.o
 .text.LL_DMA_SetPeriphIncMode
                0x08009df4       0x4c main.o
 .text.LL_DMA_SetMemoryIncMode
                0x08009e40       0x4c main.o
 .text.LL_DMA_SetPeriphSize
                0x08009e8c       0x4c main.o
 .text.LL_DMA_SetMemorySize
                0x08009ed8       0x4c main.o
 .text.LL_DMA_SetChannelPriorityLevel
                0x08009f24       0x4c main.o
 .text.LL_DMA_SetPeriphRequest
                0x08009f70       0x54 main.o
 .text.LL_LPUART_Enable
                0x08009fc4       0x20 main.o
 .text.LL_LPUART_DisableFIFO
                0x08009fe4       0x20 main.o
 .text.LL_LPUART_SetTXFIFOThreshold
                0x0800a004       0x4e main.o
 .text.LL_LPUART_SetRXFIFOThreshold
                0x0800a052       0x4e main.o
 .text.LL_LPUART_IsActiveFlag_TEACK
                0x0800a0a0       0x28 main.o
 .text.LL_LPUART_IsActiveFlag_REACK
                0x0800a0c8       0x28 main.o
 .text.LL_RCC_HSI_Enable
                0x0800a0f0       0x20 main.o
 .text.LL_RCC_HSI_IsReady
                0x0800a110       0x28 main.o
 .text.LL_RCC_HSI_SetCalibTrimming
                0x0800a138       0x2c main.o
 .text.LL_RCC_SetSysClkSource
                0x0800a164       0x28 main.o
 .text.LL_RCC_GetSysClkSource
                0x0800a18c       0x1c main.o
 .text.LL_RCC_SetAHBPrescaler
                0x0800a1a8       0x28 main.o
 .text.LL_RCC_SetAPB1Prescaler
                0x0800a1d0       0x28 main.o
 .text.LL_RCC_SetAPB2Prescaler
                0x0800a1f8       0x28 main.o
 .text.LL_RCC_SetLPUARTClockSource
                0x0800a220       0x2c main.o
 .text.LL_RCC_PLL_Enable
                0x0800a24c       0x20 main.o
 .text.LL_RCC_PLL_IsReady
                0x0800a26c       0x28 main.o
 .text.LL_RCC_PLL_ConfigDomain_SYS
                0x0800a294       0x40 main.o
 .text.LL_RCC_PLL_EnableDomain_SYS
                0x0800a2d4       0x20 main.o
 .text.LL_AHB1_GRP1_EnableClock
                0x0800a2f4       0x30 main.o
 .text.LL_AHB2_GRP1_EnableClock
                0x0800a324       0x30 main.o
 .text.LL_APB1_GRP1_EnableClock
                0x0800a354       0x30 main.o
 .text.LL_APB1_GRP2_EnableClock
                0x0800a384       0x30 main.o
 .text.LL_SYSCFG_SetEXTISource
                0x0800a3b4       0x70 main.o
 .text.LL_FLASH_SetLatency
                0x0800a424       0x28 main.o
 .text.LL_FLASH_GetLatency
                0x0800a44c       0x1c main.o
 .text.LL_PWR_EnableRange1BoostMode
                0x0800a468       0x24 main.o
 .text.LL_TIM_DisableARRPreload
                0x0800a48c       0x20 main.o
 .text.LL_TIM_IC_SetActiveInput
                0x0800a4ac       0xc0 main.o
 .text.LL_TIM_IC_SetPrescaler
                0x0800a56c       0xc0 main.o
 .text.LL_TIM_IC_SetFilter
                0x0800a62c       0xc0 main.o
 .text.LL_TIM_IC_SetPolarity
                0x0800a6ec       0xac main.o
 .text.LL_TIM_SetEncoderMode
                0x0800a798       0x2a main.o
 .text.LL_TIM_SetTriggerOutput
                0x0800a7c2       0x2a main.o
 .text.LL_TIM_DisableMasterSlaveMode
                0x0800a7ec       0x20 main.o
 .text.LL_GPIO_SetPinMode
                0x0800a80c       0x7a main.o
 .text.LL_GPIO_SetPinPull
                0x0800a886       0x7a main.o
 .text.LL_GPIO_ResetOutputPin
                0x0800a900       0x1c main.o
 .text.SystemClock_Config
                0x0800a91c       0xb0 main.o
                0x0800a91c                SystemClock_Config
 .text.MX_LPUART1_UART_Init
                0x0800a9cc      0x148 main.o
                0x0800a9cc                MX_LPUART1_UART_Init
 .text.MX_TIM3_Init
                0x0800ab14      0x114 main.o
                0x0800ab14                MX_TIM3_Init
 .text.MX_DMA_Init
                0x0800ac28       0x34 main.o
                0x0800ac28                MX_DMA_Init
 .text.MX_GPIO_Init
                0x0800ac5c       0xd8 main.o
                0x0800ac5c                MX_GPIO_Init
 .text.HAL_TIM_PeriodElapsedCallback
                0x0800ad34       0x1e main.o
                0x0800ad34                HAL_TIM_PeriodElapsedCallback
 .text.Error_Handler
                0x0800ad52        0xc main.o
                0x0800ad52                Error_Handler
 *fill*         0x0800ad5e        0x2 
 .text.LL_EXTI_IsActiveFlag_0_31
                0x0800ad60       0x2c stm32g4xx_it.o
 .text.LL_EXTI_ClearFlag_0_31
                0x0800ad8c       0x20 stm32g4xx_it.o
 .text.NMI_Handler
                0x0800adac        0x8 stm32g4xx_it.o
                0x0800adac                NMI_Handler
 .text.HardFault_Handler
                0x0800adb4        0x8 stm32g4xx_it.o
                0x0800adb4                HardFault_Handler
 .text.MemManage_Handler
                0x0800adbc        0x8 stm32g4xx_it.o
                0x0800adbc                MemManage_Handler
 .text.BusFault_Handler
                0x0800adc4        0x8 stm32g4xx_it.o
                0x0800adc4                BusFault_Handler
 .text.UsageFault_Handler
                0x0800adcc        0x8 stm32g4xx_it.o
                0x0800adcc                UsageFault_Handler
 .text.DebugMon_Handler
                0x0800add4        0xe stm32g4xx_it.o
                0x0800add4                DebugMon_Handler
 *fill*         0x0800ade2        0x2 
 .text.TIM2_IRQHandler
                0x0800ade4       0x14 stm32g4xx_it.o
                0x0800ade4                TIM2_IRQHandler
 .text.EXTI15_10_IRQHandler
                0x0800adf8       0x1e stm32g4xx_it.o
                0x0800adf8                EXTI15_10_IRQHandler
 *fill*         0x0800ae16        0x2 
 .text.HAL_MspInit
                0x0800ae18       0x48 stm32g4xx_hal_msp.o
                0x0800ae18                HAL_MspInit
 .text.HAL_InitTick
                0x0800ae60       0xd8 stm32g4xx_hal_timebase_tim.o
                0x0800ae60                HAL_InitTick
 .text.LL_SetSystemCoreClock
                0x0800af38       0x20 stm32g4xx_ll_utils.o
                0x0800af38                LL_SetSystemCoreClock
 .text.LL_EXTI_EnableIT_0_31
                0x0800af58       0x24 stm32g4xx_ll_exti.o
 .text.LL_EXTI_EnableIT_32_63
                0x0800af7c       0x24 stm32g4xx_ll_exti.o
 .text.LL_EXTI_DisableIT_0_31
                0x0800afa0       0x28 stm32g4xx_ll_exti.o
 .text.LL_EXTI_DisableIT_32_63
                0x0800afc8       0x28 stm32g4xx_ll_exti.o
 .text.LL_EXTI_EnableEvent_0_31
                0x0800aff0       0x24 stm32g4xx_ll_exti.o
 .text.LL_EXTI_EnableEvent_32_63
                0x0800b014       0x24 stm32g4xx_ll_exti.o
 .text.LL_EXTI_DisableEvent_0_31
                0x0800b038       0x28 stm32g4xx_ll_exti.o
 .text.LL_EXTI_DisableEvent_32_63
                0x0800b060       0x28 stm32g4xx_ll_exti.o
 .text.LL_EXTI_EnableRisingTrig_0_31
                0x0800b088       0x24 stm32g4xx_ll_exti.o
 .text.LL_EXTI_EnableRisingTrig_32_63
                0x0800b0ac       0x24 stm32g4xx_ll_exti.o
 .text.LL_EXTI_DisableRisingTrig_0_31
                0x0800b0d0       0x28 stm32g4xx_ll_exti.o
 .text.LL_EXTI_DisableRisingTrig_32_63
                0x0800b0f8       0x28 stm32g4xx_ll_exti.o
 .text.LL_EXTI_EnableFallingTrig_0_31
                0x0800b120       0x24 stm32g4xx_ll_exti.o
 .text.LL_EXTI_EnableFallingTrig_32_63
                0x0800b144       0x24 stm32g4xx_ll_exti.o
 .text.LL_EXTI_DisableFallingTrig_0_31
                0x0800b168       0x28 stm32g4xx_ll_exti.o
 .text.LL_EXTI_DisableFallingTrig_32_63
                0x0800b190       0x28 stm32g4xx_ll_exti.o
 .text.LL_EXTI_Init
                0x0800b1b8      0x1ec stm32g4xx_ll_exti.o
                0x0800b1b8                LL_EXTI_Init
 .text.LL_GPIO_SetPinMode
                0x0800b3a4       0x7a stm32g4xx_ll_gpio.o
 .text.LL_GPIO_SetPinOutputType
                0x0800b41e       0x30 stm32g4xx_ll_gpio.o
 .text.LL_GPIO_SetPinSpeed
                0x0800b44e       0x7a stm32g4xx_ll_gpio.o
 .text.LL_GPIO_SetPinPull
                0x0800b4c8       0x7a stm32g4xx_ll_gpio.o
 .text.LL_GPIO_SetAFPin_0_7
                0x0800b542       0x7a stm32g4xx_ll_gpio.o
 .text.LL_GPIO_SetAFPin_8_15
                0x0800b5bc       0x7e stm32g4xx_ll_gpio.o
 .text.LL_GPIO_Init
                0x0800b63a       0xdc stm32g4xx_ll_gpio.o
                0x0800b63a                LL_GPIO_Init
 .text.LL_LPUART_IsEnabled
                0x0800b716       0x26 stm32g4xx_ll_lpuart.o
 .text.LL_LPUART_SetPrescaler
                0x0800b73c       0x28 stm32g4xx_ll_lpuart.o
 .text.LL_LPUART_SetStopBitsLength
                0x0800b764       0x26 stm32g4xx_ll_lpuart.o
 .text.LL_LPUART_SetHWFlowCtrl
                0x0800b78a       0x26 stm32g4xx_ll_lpuart.o
 .text.LL_LPUART_SetBaudRate
                0x0800b7b0       0x98 stm32g4xx_ll_lpuart.o
 .text.LL_LPUART_Init
                0x0800b848       0x98 stm32g4xx_ll_lpuart.o
                0x0800b848                LL_LPUART_Init
 .text.LL_RCC_HSI_IsReady
                0x0800b8e0       0x28 stm32g4xx_ll_rcc.o
 .text.LL_RCC_LSE_IsReady
                0x0800b908       0x28 stm32g4xx_ll_rcc.o
 .text.LL_RCC_GetSysClkSource
                0x0800b930       0x1c stm32g4xx_ll_rcc.o
 .text.LL_RCC_GetAHBPrescaler
                0x0800b94c       0x1c stm32g4xx_ll_rcc.o
 .text.LL_RCC_GetAPB1Prescaler
                0x0800b968       0x1c stm32g4xx_ll_rcc.o
 .text.LL_RCC_GetLPUARTClockSource
                0x0800b984       0x24 stm32g4xx_ll_rcc.o
 .text.LL_RCC_PLL_GetMainSource
                0x0800b9a8       0x1c stm32g4xx_ll_rcc.o
 .text.LL_RCC_PLL_GetN
                0x0800b9c4       0x1c stm32g4xx_ll_rcc.o
 .text.LL_RCC_PLL_GetR
                0x0800b9e0       0x1c stm32g4xx_ll_rcc.o
 .text.LL_RCC_PLL_GetDivider
                0x0800b9fc       0x1c stm32g4xx_ll_rcc.o
 .text.LL_RCC_GetLPUARTClockFreq
                0x0800ba18       0x84 stm32g4xx_ll_rcc.o
                0x0800ba18                LL_RCC_GetLPUARTClockFreq
 .text.RCC_GetSystemClockFreq
                0x0800ba9c       0x4c stm32g4xx_ll_rcc.o
 .text.RCC_GetHCLKClockFreq
                0x0800bae8       0x30 stm32g4xx_ll_rcc.o
 .text.RCC_GetPCLK1ClockFreq
                0x0800bb18       0x2c stm32g4xx_ll_rcc.o
 .text.RCC_PLL_GetFreqDomain_SYS
                0x0800bb44       0x68 stm32g4xx_ll_rcc.o
 .text.HAL_Init
                0x0800bbac       0x30 stm32g4xx_hal.o
                0x0800bbac                HAL_Init
 .text.HAL_IncTick
                0x0800bbdc       0x24 stm32g4xx_hal.o
                0x0800bbdc                HAL_IncTick
 .text.HAL_GetTick
                0x0800bc00       0x18 stm32g4xx_hal.o
                0x0800bc00                HAL_GetTick
 .text.HAL_RCC_GetHCLKFreq
                0x0800bc18       0x18 stm32g4xx_hal_rcc.o
                0x0800bc18                HAL_RCC_GetHCLKFreq
 .text.HAL_RCC_GetPCLK1Freq
                0x0800bc30       0x2c stm32g4xx_hal_rcc.o
                0x0800bc30                HAL_RCC_GetPCLK1Freq
 .text.HAL_RCC_GetClockConfig
                0x0800bc5c       0x64 stm32g4xx_hal_rcc.o
                0x0800bc5c                HAL_RCC_GetClockConfig
 .text.HAL_PWREx_DisableUCPDDeadBattery
                0x0800bcc0       0x20 stm32g4xx_hal_pwr_ex.o
                0x0800bcc0                HAL_PWREx_DisableUCPDDeadBattery
 .text.__NVIC_SetPriorityGrouping
                0x0800bce0       0x48 stm32g4xx_hal_cortex.o
 .text.__NVIC_GetPriorityGrouping
                0x0800bd28       0x1c stm32g4xx_hal_cortex.o
 .text.__NVIC_EnableIRQ
                0x0800bd44       0x3c stm32g4xx_hal_cortex.o
 .text.__NVIC_SetPriority
                0x0800bd80       0x54 stm32g4xx_hal_cortex.o
 .text.NVIC_EncodePriority
                0x0800bdd4       0x66 stm32g4xx_hal_cortex.o
 .text.HAL_NVIC_SetPriorityGrouping
                0x0800be3a       0x16 stm32g4xx_hal_cortex.o
                0x0800be3a                HAL_NVIC_SetPriorityGrouping
 .text.HAL_NVIC_SetPriority
                0x0800be50       0x34 stm32g4xx_hal_cortex.o
                0x0800be50                HAL_NVIC_SetPriority
 .text.HAL_NVIC_EnableIRQ
                0x0800be84       0x1c stm32g4xx_hal_cortex.o
                0x0800be84                HAL_NVIC_EnableIRQ
 .text.HAL_TIM_Base_Init
                0x0800bea0       0xae stm32g4xx_hal_tim.o
                0x0800bea0                HAL_TIM_Base_Init
 .text.HAL_TIM_Base_MspInit
                0x0800bf4e       0x14 stm32g4xx_hal_tim.o
                0x0800bf4e                HAL_TIM_Base_MspInit
 *fill*         0x0800bf62        0x2 
 .text.HAL_TIM_Base_Start_IT
                0x0800bf64       0xf0 stm32g4xx_hal_tim.o
                0x0800bf64                HAL_TIM_Base_Start_IT
 .text.HAL_TIM_IRQHandler
                0x0800c054      0x2fe stm32g4xx_hal_tim.o
                0x0800c054                HAL_TIM_IRQHandler
 .text.HAL_TIM_OC_DelayElapsedCallback
                0x0800c352       0x14 stm32g4xx_hal_tim.o
                0x0800c352                HAL_TIM_OC_DelayElapsedCallback
 .text.HAL_TIM_IC_CaptureCallback
                0x0800c366       0x14 stm32g4xx_hal_tim.o
                0x0800c366                HAL_TIM_IC_CaptureCallback
 .text.HAL_TIM_PWM_PulseFinishedCallback
                0x0800c37a       0x14 stm32g4xx_hal_tim.o
                0x0800c37a                HAL_TIM_PWM_PulseFinishedCallback
 .text.HAL_TIM_TriggerCallback
                0x0800c38e       0x14 stm32g4xx_hal_tim.o
                0x0800c38e                HAL_TIM_TriggerCallback
 *fill*         0x0800c3a2        0x2 
 .text.TIM_Base_SetConfig
                0x0800c3a4      0x150 stm32g4xx_hal_tim.o
                0x0800c3a4                TIM_Base_SetConfig
 .text.HAL_TIMEx_CommutCallback
                0x0800c4f4       0x14 stm32g4xx_hal_tim_ex.o
                0x0800c4f4                HAL_TIMEx_CommutCallback
 .text.HAL_TIMEx_BreakCallback
                0x0800c508       0x14 stm32g4xx_hal_tim_ex.o
                0x0800c508                HAL_TIMEx_BreakCallback
 .text.HAL_TIMEx_Break2Callback
                0x0800c51c       0x14 stm32g4xx_hal_tim_ex.o
                0x0800c51c                HAL_TIMEx_Break2Callback
 .text.HAL_TIMEx_EncoderIndexCallback
                0x0800c530       0x14 stm32g4xx_hal_tim_ex.o
                0x0800c530                HAL_TIMEx_EncoderIndexCallback
 .text.HAL_TIMEx_DirectionChangeCallback
                0x0800c544       0x14 stm32g4xx_hal_tim_ex.o
                0x0800c544                HAL_TIMEx_DirectionChangeCallback
 .text.HAL_TIMEx_IndexErrorCallback
                0x0800c558       0x14 stm32g4xx_hal_tim_ex.o
                0x0800c558                HAL_TIMEx_IndexErrorCallback
 .text.HAL_TIMEx_TransitionErrorCallback
                0x0800c56c       0x14 stm32g4xx_hal_tim_ex.o
                0x0800c56c                HAL_TIMEx_TransitionErrorCallback
 .text.LL_TIM_SetPrescaler
                0x0800c580       0x1c stm32g4xx_ll_tim.o
 .text.LL_TIM_SetAutoReload
                0x0800c59c       0x1c stm32g4xx_ll_tim.o
 .text.LL_TIM_SetRepetitionCounter
                0x0800c5b8       0x1c stm32g4xx_ll_tim.o
 .text.LL_TIM_GenerateEvent_UPDATE
                0x0800c5d4       0x20 stm32g4xx_ll_tim.o
 .text.LL_TIM_Init
                0x0800c5f4      0x144 stm32g4xx_ll_tim.o
                0x0800c5f4                LL_TIM_Init
 .text.SystemInit
                0x0800c738       0x24 system_stm32g4xx.o
                0x0800c738                SystemInit
 .text.Reset_Handler
                0x0800c75c       0x50 startup_stm32g474retx.o
                0x0800c75c                Reset_Handler
 .text.Default_Handler
                0x0800c7ac        0x2 startup_stm32g474retx.o
                0x0800c7ac                RTC_Alarm_IRQHandler
                0x0800c7ac                EXTI2_IRQHandler
                0x0800c7ac                TIM8_TRG_COM_IRQHandler
                0x0800c7ac                TIM8_CC_IRQHandler
                0x0800c7ac                HRTIM1_Master_IRQHandler
                0x0800c7ac                SPI4_IRQHandler
                0x0800c7ac                FDCAN3_IT0_IRQHandler
                0x0800c7ac                TIM1_CC_IRQHandler
                0x0800c7ac                HRTIM1_FLT_IRQHandler
                0x0800c7ac                HRTIM1_TIMF_IRQHandler
                0x0800c7ac                USB_HP_IRQHandler
                0x0800c7ac                CORDIC_IRQHandler
                0x0800c7ac                HRTIM1_TIMD_IRQHandler
                0x0800c7ac                DMA2_Channel8_IRQHandler
                0x0800c7ac                EXTI3_IRQHandler
                0x0800c7ac                I2C3_ER_IRQHandler
                0x0800c7ac                EXTI0_IRQHandler
                0x0800c7ac                I2C2_EV_IRQHandler
                0x0800c7ac                FPU_IRQHandler
                0x0800c7ac                FDCAN1_IT1_IRQHandler
                0x0800c7ac                TIM1_UP_TIM16_IRQHandler
                0x0800c7ac                ADC1_2_IRQHandler
                0x0800c7ac                HRTIM1_TIME_IRQHandler
                0x0800c7ac                SPI1_IRQHandler
                0x0800c7ac                TIM6_DAC_IRQHandler
                0x0800c7ac                HRTIM1_TIMC_IRQHandler
                0x0800c7ac                TIM8_UP_IRQHandler
                0x0800c7ac                DMA2_Channel2_IRQHandler
                0x0800c7ac                DMA1_Channel4_IRQHandler
                0x0800c7ac                TIM20_TRG_COM_IRQHandler
                0x0800c7ac                USART3_IRQHandler
                0x0800c7ac                DMA1_Channel7_IRQHandler
                0x0800c7ac                UART5_IRQHandler
                0x0800c7ac                ADC3_IRQHandler
                0x0800c7ac                TIM4_IRQHandler
                0x0800c7ac                DMA2_Channel1_IRQHandler
                0x0800c7ac                QUADSPI_IRQHandler
                0x0800c7ac                I2C1_EV_IRQHandler
                0x0800c7ac                DMA1_Channel6_IRQHandler
                0x0800c7ac                UART4_IRQHandler
                0x0800c7ac                DMA2_Channel4_IRQHandler
                0x0800c7ac                TIM3_IRQHandler
                0x0800c7ac                RCC_IRQHandler
                0x0800c7ac                TIM20_UP_IRQHandler
                0x0800c7ac                Default_Handler
                0x0800c7ac                DMA2_Channel7_IRQHandler
                0x0800c7ac                RTC_TAMP_LSECSS_IRQHandler
                0x0800c7ac                FMAC_IRQHandler
                0x0800c7ac                DMA1_Channel8_IRQHandler
                0x0800c7ac                HRTIM1_TIMA_IRQHandler
                0x0800c7ac                TIM7_DAC_IRQHandler
                0x0800c7ac                FDCAN3_IT1_IRQHandler
                0x0800c7ac                TIM5_IRQHandler
                0x0800c7ac                UCPD1_IRQHandler
                0x0800c7ac                I2C3_EV_IRQHandler
                0x0800c7ac                EXTI9_5_IRQHandler
                0x0800c7ac                RTC_WKUP_IRQHandler
                0x0800c7ac                PVD_PVM_IRQHandler
                0x0800c7ac                SPI2_IRQHandler
                0x0800c7ac                ADC5_IRQHandler
                0x0800c7ac                DMA2_Channel5_IRQHandler
                0x0800c7ac                CRS_IRQHandler
                0x0800c7ac                DMA1_Channel5_IRQHandler
                0x0800c7ac                USB_LP_IRQHandler
                0x0800c7ac                EXTI4_IRQHandler
                0x0800c7ac                RNG_IRQHandler
                0x0800c7ac                HRTIM1_TIMB_IRQHandler
                0x0800c7ac                TIM1_TRG_COM_TIM17_IRQHandler
                0x0800c7ac                FDCAN2_IT1_IRQHandler
                0x0800c7ac                DMA1_Channel3_IRQHandler
                0x0800c7ac                ADC4_IRQHandler
                0x0800c7ac                WWDG_IRQHandler
                0x0800c7ac                I2C4_EV_IRQHandler
                0x0800c7ac                FDCAN2_IT0_IRQHandler
                0x0800c7ac                DMA2_Channel6_IRQHandler
                0x0800c7ac                FDCAN1_IT0_IRQHandler
                0x0800c7ac                COMP7_IRQHandler
                0x0800c7ac                COMP1_2_3_IRQHandler
                0x0800c7ac                EXTI1_IRQHandler
                0x0800c7ac                USART2_IRQHandler
                0x0800c7ac                COMP4_5_6_IRQHandler
                0x0800c7ac                TIM20_BRK_IRQHandler
                0x0800c7ac                I2C2_ER_IRQHandler
                0x0800c7ac                DMA1_Channel2_IRQHandler
                0x0800c7ac                TIM8_BRK_IRQHandler
                0x0800c7ac                FLASH_IRQHandler
                0x0800c7ac                TIM20_CC_IRQHandler
                0x0800c7ac                USART1_IRQHandler
                0x0800c7ac                SPI3_IRQHandler
                0x0800c7ac                I2C1_ER_IRQHandler
                0x0800c7ac                FMC_IRQHandler
                0x0800c7ac                LPTIM1_IRQHandler
                0x0800c7ac                DMAMUX_OVR_IRQHandler
                0x0800c7ac                I2C4_ER_IRQHandler
                0x0800c7ac                USBWakeUp_IRQHandler
                0x0800c7ac                SAI1_IRQHandler
                0x0800c7ac                DMA2_Channel3_IRQHandler
                0x0800c7ac                TIM1_BRK_TIM15_IRQHandler
 *fill*         0x0800c7ae        0x2 
 .text.fmod     0x0800c7b0       0x6c C:/ProgramData/MATLAB/SupportPackages/R2024b/3P.instrset/gnuarm-armcortex.instrset/win/bin/../lib/gcc/arm-none-eabi/13.2.1/thumb/v7e-m+fp/hard\libm.a(libm_a-w_fmod.o)
                0x0800c7b0                fmod
 .text.__ieee754_fmod
                0x0800c81c      0x30c C:/ProgramData/MATLAB/SupportPackages/R2024b/3P.instrset/gnuarm-armcortex.instrset/win/bin/../lib/gcc/arm-none-eabi/13.2.1/thumb/v7e-m+fp/hard\libm.a(libm_a-e_fmod.o)
                0x0800c81c                __ieee754_fmod
 .text.__udivmoddi4
                0x0800cb28      0x2bc C:/ProgramData/MATLAB/SupportPackages/R2024b/3P.instrset/gnuarm-armcortex.instrset/win/bin/../lib/gcc/arm-none-eabi/13.2.1/thumb/v7e-m+fp/hard\libgcc.a(_udivmoddi4.o)
                0x0800cb28                __udivmoddi4
 .text.memset   0x0800cde4       0x10 C:/ProgramData/MATLAB/SupportPackages/R2024b/3P.instrset/gnuarm-armcortex.instrset/win/bin/../lib/gcc/arm-none-eabi/13.2.1/thumb/v7e-m+fp/hard\libg_nano.a(libc_a-memset.o)
                0x0800cde4                memset
 .text.__errno  0x0800cdf4        0xc C:/ProgramData/MATLAB/SupportPackages/R2024b/3P.instrset/gnuarm-armcortex.instrset/win/bin/../lib/gcc/arm-none-eabi/13.2.1/thumb/v7e-m+fp/hard\libg_nano.a(libc_a-errno.o)
                0x0800cdf4                __errno
 .text.__libc_init_array
                0x0800ce00       0x48 C:/ProgramData/MATLAB/SupportPackages/R2024b/3P.instrset/gnuarm-armcortex.instrset/win/bin/../lib/gcc/arm-none-eabi/13.2.1/thumb/v7e-m+fp/hard\libg_nano.a(libc_a-init.o)
                0x0800ce00                __libc_init_array
 .text.memcpy   0x0800ce48       0x1c C:/ProgramData/MATLAB/SupportPackages/R2024b/3P.instrset/gnuarm-armcortex.instrset/win/bin/../lib/gcc/arm-none-eabi/13.2.1/thumb/v7e-m+fp/hard\libg_nano.a(libc_a-memcpy-stub.o)
                0x0800ce48                memcpy
 *(.glue_7)
 .glue_7        0x0800ce64        0x0 linker stubs
 *(.glue_7t)
 .glue_7t       0x0800ce64        0x0 linker stubs
 *(.eh_frame)
 .eh_frame      0x0800ce64        0x0 C:/ProgramData/MATLAB/SupportPackages/R2024b/3P.instrset/gnuarm-armcortex.instrset/win/bin/../lib/gcc/arm-none-eabi/13.2.1/thumb/v7e-m+fp/hard/crtbegin.o
 *(.init)
 .init          0x0800ce64        0x4 C:/ProgramData/MATLAB/SupportPackages/R2024b/3P.instrset/gnuarm-armcortex.instrset/win/bin/../lib/gcc/arm-none-eabi/13.2.1/thumb/v7e-m+fp/hard/crti.o
                0x0800ce64                _init
 .init          0x0800ce68        0x8 C:/ProgramData/MATLAB/SupportPackages/R2024b/3P.instrset/gnuarm-armcortex.instrset/win/bin/../lib/gcc/arm-none-eabi/13.2.1/thumb/v7e-m+fp/hard/crtn.o
 *(.fini)
 .fini          0x0800ce70        0x4 C:/ProgramData/MATLAB/SupportPackages/R2024b/3P.instrset/gnuarm-armcortex.instrset/win/bin/../lib/gcc/arm-none-eabi/13.2.1/thumb/v7e-m+fp/hard/crti.o
                0x0800ce70                _fini
 .fini          0x0800ce74        0x8 C:/ProgramData/MATLAB/SupportPackages/R2024b/3P.instrset/gnuarm-armcortex.instrset/win/bin/../lib/gcc/arm-none-eabi/13.2.1/thumb/v7e-m+fp/hard/crtn.o
                0x0800ce7c                        . = ALIGN (0x4)
                0x0800ce7c                        _etext = .

.vfp11_veneer   0x0800ce7c        0x0
 .vfp11_veneer  0x0800ce7c        0x0 linker stubs

.v4_bx          0x0800ce7c        0x0
 .v4_bx         0x0800ce7c        0x0 linker stubs

.iplt           0x0800ce7c        0x0
 .iplt          0x0800ce7c        0x0 C:/ProgramData/MATLAB/SupportPackages/R2024b/3P.instrset/gnuarm-armcortex.instrset/win/bin/../lib/gcc/arm-none-eabi/13.2.1/thumb/v7e-m+fp/hard/crtbegin.o

.rodata         0x0800ce80     0x2a18
                0x0800ce80                        . = ALIGN (0x4)
 *(.rodata)
 .rodata        0x0800ce80      0x2b9 xcp_ext_mode.o
 *fill*         0x0800d139        0x3 
 .rodata        0x0800d13c      0x12e xcp_ext_common.o
 *fill*         0x0800d26a        0x2 
 .rodata        0x0800d26c       0x4c xcp_ext_classic_trigger.o
 .rodata        0x0800d2b8      0x278 xcp.o
 .rodata        0x0800d530      0x3a9 xcp_standard.o
 *fill*         0x0800d8d9        0x3 
 .rodata        0x0800d8dc     0x1010 xcp_daq.o
 .rodata        0x0800e8ec       0xdd xcp_calibration.o
 *fill*         0x0800e9c9        0x3 
 .rodata        0x0800e9cc      0x56e xcp_transport.o
 *fill*         0x0800ef3a        0x2 
 .rodata        0x0800ef3c       0xf5 xcp_mem_default.o
 *fill*         0x0800f031        0x3 
 .rodata        0x0800f034      0x228 xcp_drv_rtiostream.o
 .rodata        0x0800f25c      0x4aa xcp_frame_serial.o
 *(.rodata*)
 *fill*         0x0800f706        0x2 
 .rodata.Encoder_M
                0x0800f708        0x4 Encoder.o
                0x0800f708                Encoder_M
 .rodata.rtAlwaysEnabled.0
                0x0800f70c        0x1 Encoder.o
 *fill*         0x0800f70d        0x3 
 .rodata.standardSupportedRxPacket
                0x0800f710       0x54 xcp_standard.o
 .rodata.daqSupportedRxPacket
                0x0800f764       0x9c xcp_daq.o
 .rodata.calibrationSupportedRxPacket
                0x0800f800       0x18 xcp_calibration.o
 .rodata.CHANNEL_OFFSET_TAB
                0x0800f818        0x8 stm_usart.o
 .rodata.CHANNEL_OFFSET_TAB
                0x0800f820        0x8 stm_lpuart.o
 .rodata.CHANNEL_OFFSET_TAB
                0x0800f828        0x8 main.o
 .rodata.OFFSET_TAB_CCMRx
                0x0800f830        0xa main.o
 *fill*         0x0800f83a        0x2 
 .rodata.SHIFT_TAB_ICxx
                0x0800f83c        0xa main.o
 *fill*         0x0800f846        0x2 
 .rodata.SHIFT_TAB_CCxP
                0x0800f848        0xa main.o
 *fill*         0x0800f852        0x2 
 .rodata.LPUART_PRESCALER_TAB
                0x0800f854       0x18 stm32g4xx_ll_lpuart.o
 .rodata.AHBPrescTable
                0x0800f86c       0x10 system_stm32g4xx.o
                0x0800f86c                AHBPrescTable
 .rodata.APBPrescTable
                0x0800f87c        0x8 system_stm32g4xx.o
                0x0800f87c                APBPrescTable
 *fill*         0x0800f884        0x4 
 .rodata.Zero   0x0800f888       0x10 C:/ProgramData/MATLAB/SupportPackages/R2024b/3P.instrset/gnuarm-armcortex.instrset/win/bin/../lib/gcc/arm-none-eabi/13.2.1/thumb/v7e-m+fp/hard\libm.a(libm_a-e_fmod.o)
                0x0800f898                        . = ALIGN (0x4)

.ARM.extab      0x0800f898        0x0
                0x0800f898                        . = ALIGN (0x4)
 *(.ARM.extab* .gnu.linkonce.armextab.*)
                0x0800f898                        . = ALIGN (0x4)

.ARM            0x0800f898        0x8
                0x0800f898                        . = ALIGN (0x4)
                0x0800f898                        __exidx_start = .
 *(.ARM.exidx*)
 .ARM.exidx.text.__udivmoddi4
                0x0800f898        0x8 C:/ProgramData/MATLAB/SupportPackages/R2024b/3P.instrset/gnuarm-armcortex.instrset/win/bin/../lib/gcc/arm-none-eabi/13.2.1/thumb/v7e-m+fp/hard\libgcc.a(_udivmoddi4.o)
                0x0800f8a0                        __exidx_end = .
                0x0800f8a0                        . = ALIGN (0x4)

.preinit_array  0x0800f8a0        0x0
                0x0800f8a0                        . = ALIGN (0x4)
                0x0800f8a0                        PROVIDE (__preinit_array_start = .)
 *(.preinit_array*)
                0x0800f8a0                        PROVIDE (__preinit_array_end = .)
                0x0800f8a0                        . = ALIGN (0x4)

.init_array     0x0800f8a0        0x4
                0x0800f8a0                        . = ALIGN (0x4)
                0x0800f8a0                        PROVIDE (__init_array_start = .)
 *(SORT_BY_NAME(.init_array.*))
 *(.init_array*)
 .init_array    0x0800f8a0        0x4 C:/ProgramData/MATLAB/SupportPackages/R2024b/3P.instrset/gnuarm-armcortex.instrset/win/bin/../lib/gcc/arm-none-eabi/13.2.1/thumb/v7e-m+fp/hard/crtbegin.o
                0x0800f8a4                        PROVIDE (__init_array_end = .)
                0x0800f8a4                        . = ALIGN (0x4)

.fini_array     0x0800f8a4        0x4
                0x0800f8a4                        . = ALIGN (0x4)
                [!provide]                        PROVIDE (__fini_array_start = .)
 *(SORT_BY_NAME(.fini_array.*))
 *(.fini_array*)
 .fini_array    0x0800f8a4        0x4 C:/ProgramData/MATLAB/SupportPackages/R2024b/3P.instrset/gnuarm-armcortex.instrset/win/bin/../lib/gcc/arm-none-eabi/13.2.1/thumb/v7e-m+fp/hard/crtbegin.o
                [!provide]                        PROVIDE (__fini_array_end = .)
                0x0800f8a8                        . = ALIGN (0x4)
                0x0800f8a8                        _sidata = LOADADDR (.data)

.rel.dyn        0x0800f8a8        0x0
 .rel.iplt      0x0800f8a8        0x0 C:/ProgramData/MATLAB/SupportPackages/R2024b/3P.instrset/gnuarm-armcortex.instrset/win/bin/../lib/gcc/arm-none-eabi/13.2.1/thumb/v7e-m+fp/hard/crtbegin.o

.data           0x20000000       0xe4 load address 0x0800f8a8
                0x20000000                        . = ALIGN (0x4)
                0x20000000                        _sdata = .
 *(.data)
 *(.data*)
 .data.xcpExtmodeFinalSimulationTime
                0x20000000        0x8 xcp_ext_common.o
                0x20000000                xcpExtmodeFinalSimulationTime
 .data.xcpClassicTriggerDuration
                0x20000008        0x4 xcp_ext_classic_trigger.o
                0x20000008                xcpClassicTriggerDuration
 .data.xcpClassicTriggerArmRequest
                0x2000000c        0x1 xcp_ext_classic_trigger.o
                0x2000000c                xcpClassicTriggerArmRequest
 *fill*         0x2000000d        0x3 
 .data.startStopDaqListId
                0x20000010        0x4 xcp_daq.o
 .data.xcpCurrentDaq
                0x20000014        0x4 xcp_daq.o
 .data.xcpEventCustomMemoryManager
                0x20000018        0xc xcp_daq.o
 .data.xcpCtoReservedMemPoolId
                0x20000024        0x4 xcp_transport.o
 .data.xcpMemMainBlockSizes
                0x20000028        0xc xcp_mem_default.o
 .data.xcpMemMainBlocksNumber
                0x20000034        0xc xcp_mem_default.o
 .data.drvID    0x20000040        0x4 xcp_drv_rtiostream.o
 .data.xcpCtoReservedMemPoolId
                0x20000044        0x4 xcp_frame_serial.o
 .data.uartObj  0x20000048       0x40 rtiostream_serial.o
                0x20000048                uartObj
 .data.uwTickPrio
                0x20000088        0x4 stm32g4xx_hal.o
                0x20000088                uwTickPrio
 .data.uwTickFreq
                0x2000008c        0x4 stm32g4xx_hal.o
                0x2000008c                uwTickFreq
 .data.SystemCoreClock
                0x20000090        0x4 system_stm32g4xx.o
                0x20000090                SystemCoreClock
 .data._impure_ptr
                0x20000094        0x4 C:/ProgramData/MATLAB/SupportPackages/R2024b/3P.instrset/gnuarm-armcortex.instrset/win/bin/../lib/gcc/arm-none-eabi/13.2.1/thumb/v7e-m+fp/hard\libg_nano.a(libc_a-impure.o)
                0x20000094                _impure_ptr
 .data._impure_data
                0x20000098       0x4c C:/ProgramData/MATLAB/SupportPackages/R2024b/3P.instrset/gnuarm-armcortex.instrset/win/bin/../lib/gcc/arm-none-eabi/13.2.1/thumb/v7e-m+fp/hard\libg_nano.a(libc_a-impure.o)
                0x20000098                _impure_data
 *(.RamFunc)
 *(.RamFunc*)
                0x200000e4                        . = ALIGN (0x4)
                0x200000e4                        _edata = .

.tm_clone_table
                0x200000e4        0x0 load address 0x0800f98c
 .tm_clone_table
                0x200000e4        0x0 C:/ProgramData/MATLAB/SupportPackages/R2024b/3P.instrset/gnuarm-armcortex.instrset/win/bin/../lib/gcc/arm-none-eabi/13.2.1/thumb/v7e-m+fp/hard/crtbegin.o
 .tm_clone_table
                0x200000e4        0x0 C:/ProgramData/MATLAB/SupportPackages/R2024b/3P.instrset/gnuarm-armcortex.instrset/win/bin/../lib/gcc/arm-none-eabi/13.2.1/thumb/v7e-m+fp/hard/crtend.o

.igot.plt       0x200000e4        0x0 load address 0x0800f98c
 .igot.plt      0x200000e4        0x0 C:/ProgramData/MATLAB/SupportPackages/R2024b/3P.instrset/gnuarm-armcortex.instrset/win/bin/../lib/gcc/arm-none-eabi/13.2.1/thumb/v7e-m+fp/hard/crtbegin.o
                0x200000e4                        . = ALIGN (0x4)

.bss            0x200000e8     0x10a8 load address 0x0800f98c
                0x200000e8                        _sbss = .
                0x200000e8                        __bss_start__ = _sbss
 *(.bss)
 *(.bss*)
 .bss.completed.1
                0x200000e8        0x1 C:/ProgramData/MATLAB/SupportPackages/R2024b/3P.instrset/gnuarm-armcortex.instrset/win/bin/../lib/gcc/arm-none-eabi/13.2.1/thumb/v7e-m+fp/hard/crtbegin.o
 *fill*         0x200000e9        0x3 
 .bss.object.0  0x200000ec       0x18 C:/ProgramData/MATLAB/SupportPackages/R2024b/3P.instrset/gnuarm-armcortex.instrset/win/bin/../lib/gcc/arm-none-eabi/13.2.1/thumb/v7e-m+fp/hard/crtbegin.o
 .bss.mw_tim3   0x20000104       0x8c stm_timer_ll.o
                0x20000104                mw_tim3
 .bss.firstIndexReceived.0
                0x20000190        0x1 stm_timer_ll.o
 *fill*         0x20000191        0x3 
 .bss.xcpCustomTriggerFunction
                0x20000194        0x8 xcp_ext_mode.o
 .bss.Encoder_B
                0x2000019c        0x8 Encoder.o
                0x2000019c                Encoder_B
 .bss.Encoder_DW
                0x200001a4       0x10 Encoder.o
                0x200001a4                Encoder_DW
 *fill*         0x200001b4        0x4 
 .bss.Encoder_M_
                0x200001b8       0x48 Encoder.o
 .bss.rt_ExtModeInfo.2
                0x20000200       0x14 Encoder.o
 .bss.systemRan.1
                0x20000214        0x8 Encoder.o
 .bss.IsrOverrun
                0x2000021c        0x4 ert_main.o
                0x2000021c                IsrOverrun
 .bss.OverrunFlag
                0x20000220        0x1 ert_main.o
 .bss.stopRequested
                0x20000221        0x1 ert_main.o
                0x20000221                stopRequested
 .bss.runModel  0x20000222        0x1 ert_main.o
                0x20000222                runModel
 .bss.xcpModelStartRequest
                0x20000223        0x1 xcp_ext_common.o
                0x20000223                xcpModelStartRequest
 .bss.xcpModelStopRequest
                0x20000224        0x1 xcp_ext_common.o
                0x20000224                xcpModelStopRequest
 .bss.xcpModelStatus
                0x20000225        0x1 xcp_ext_common.o
                0x20000225                xcpModelStatus
 *fill*         0x20000226        0x2 
 .bss.xcpModelChecksum0
                0x20000228        0x4 xcp_ext_common.o
                0x20000228                xcpModelChecksum0
 .bss.xcpModelChecksum1
                0x2000022c        0x4 xcp_ext_common.o
                0x2000022c                xcpModelChecksum1
 .bss.xcpModelChecksum2
                0x20000230        0x4 xcp_ext_common.o
                0x20000230                xcpModelChecksum2
 .bss.xcpModelChecksum3
                0x20000234        0x4 xcp_ext_common.o
                0x20000234                xcpModelChecksum3
 .bss.xcpModelIntegerCode
                0x20000238        0x4 xcp_ext_common.o
                0x20000238                xcpModelIntegerCode
 .bss.xcpExtmodeSimulationComplete
                0x2000023c        0x1 xcp_ext_common.o
                0x2000023c                xcpExtmodeSimulationComplete
 *fill*         0x2000023d        0x3 
 .bss.xcpDummyDoubleVariable
                0x20000240        0x8 xcp_ext_common.o
                0x20000240                xcpDummyDoubleVariable
 .bss.xcpDummyUint64Variable
                0x20000248        0x8 xcp_ext_common.o
                0x20000248                xcpDummyUint64Variable
 .bss.xcpCurrentSimulationTimeInMs
                0x20000250        0x8 xcp_ext_common.o
                0x20000250                xcpCurrentSimulationTimeInMs
 .bss.xcpBaseRateSimulationTime
                0x20000258        0x8 xcp_ext_common.o
 .bss.xcpClassicTriggerEventId
                0x20000260        0x2 xcp_ext_classic_trigger.o
                0x20000260                xcpClassicTriggerEventId
 *fill*         0x20000262        0x2 
 .bss.xcpClassicTriggerSignalAddress
                0x20000264        0x4 xcp_ext_classic_trigger.o
                0x20000264                xcpClassicTriggerSignalAddress
 .bss.xcpClassicTriggerSignalAddressExtension
                0x20000268        0x1 xcp_ext_classic_trigger.o
                0x20000268                xcpClassicTriggerSignalAddressExtension
 *fill*         0x20000269        0x7 
 .bss.xcpClassicTriggerLevel
                0x20000270        0x8 xcp_ext_classic_trigger.o
                0x20000270                xcpClassicTriggerLevel
 .bss.xcpClassicTriggerHoldOff
                0x20000278        0x4 xcp_ext_classic_trigger.o
                0x20000278                xcpClassicTriggerHoldOff
 .bss.xcpClassicTriggerDelay
                0x2000027c        0x4 xcp_ext_classic_trigger.o
                0x2000027c                xcpClassicTriggerDelay
 .bss.xcpClassicTriggerDirection
                0x20000280        0x1 xcp_ext_classic_trigger.o
                0x20000280                xcpClassicTriggerDirection
 .bss.xcpClassicTriggerCancelRequest
                0x20000281        0x1 xcp_ext_classic_trigger.o
                0x20000281                xcpClassicTriggerCancelRequest
 .bss.xcpClassicTriggerSource
                0x20000282        0x1 xcp_ext_classic_trigger.o
                0x20000282                xcpClassicTriggerSource
 .bss.xcpClassicTriggerMode
                0x20000283        0x1 xcp_ext_classic_trigger.o
                0x20000283                xcpClassicTriggerMode
 .bss.xcpClassicTriggerStatus
                0x20000284        0x1 xcp_ext_classic_trigger.o
                0x20000284                xcpClassicTriggerStatus
 *fill*         0x20000285        0x3 
 .bss.xcpOldSignalValue
                0x20000288        0x8 xcp_ext_classic_trigger.o
 .bss.xcpOldSignalValueAvailable
                0x20000290        0x1 xcp_ext_classic_trigger.o
 .bss.xcpOldClassicTriggerSource
                0x20000291        0x1 xcp_ext_classic_trigger.o
 .bss.xcpTriggerEnabled
                0x20000292        0x1 xcp_ext_classic_trigger.o
 .bss.xcpSignalTriggerFired
                0x20000293        0x1 xcp_ext_classic_trigger.o
 .bss.xcpTriggerCount
                0x20000294        0x4 xcp_ext_classic_trigger.o
 .bss.xcpForcedTriggerEnabled
                0x20000298        0x1 xcp_ext_classic_trigger.o
 .bss.xcpForceTriggerEnableRequest
                0x20000299        0x1 xcp_ext_classic_trigger.o
 .bss.initialized
                0x2000029a        0x1 xcp.o
 .bss.xcpStatus
                0x2000029b        0x1 xcp.o
 .bss.xcpSessionStatus
                0x2000029c        0x1 xcp.o
 .bss.xcpResourceProtectionStatus
                0x2000029d        0x1 xcp.o
 .bss.xcpSessionConfigurationId
                0x2000029e        0x2 xcp.o
 .bss.groupPacketLookup
                0x200002a0       0x10 xcp.o
 .bss.xcpMta    0x200002b0        0x8 xcp_standard.o
 .bss.xcpUploadSize
                0x200002b8        0x1 xcp_standard.o
 *fill*         0x200002b9        0x3 
 .bss.packetLookup
                0x200002bc        0x4 xcp_standard.o
 .bss.xcpDynamicDaqLists
                0x200002c0        0x8 xcp_daq.o
 .bss.xcpRunningEventCounter
                0x200002c8        0x4 xcp_daq.o
 .bss.daqLock   0x200002cc        0x4 xcp_daq.o
 .bss.packetLookup
                0x200002d0        0x4 xcp_daq.o
 .bss.packetLookup
                0x200002d4        0x4 xcp_calibration.o
 .bss.txFifo    0x200002d8       0x10 xcp_transport.o
 .bss.txLock    0x200002e8        0x4 xcp_transport.o
 .bss.rxFifo    0x200002ec        0x8 xcp_transport.o
 .bss.rxLock    0x200002f4        0x4 xcp_transport.o
 .bss.initialized
                0x200002f8        0x1 xcp_transport.o
 *fill*         0x200002f9        0x3 
 .bss.xcpMemPoolDescriptors
                0x200002fc       0xc0 xcp_mem_default.o
 .bss.xcpMemCustomPoolDescriptors
                0x200003bc        0x8 xcp_mem_default.o
 .bss.xcpMemMainChunk
                0x200003c4      0x3a7 xcp_mem_default.o
 *fill*         0x2000076b        0x1 
 .bss.xcpMemReservedPoolsChunk
                0x2000076c      0x427 xcp_mem_default.o
 *fill*         0x20000b93        0x1 
 .bss.xcpMemReservedPoolsChunkUsedBytes
                0x20000b94        0x4 xcp_mem_default.o
 .bss.xcpMemLock
                0x20000b98        0x4 xcp_mem_default.o
 .bss.forceBlocking
                0x20000b9c        0x1 xcp_drv_rtiostream.o
 *fill*         0x20000b9d        0x1 
 .bss.txCounter
                0x20000b9e        0x2 xcp_frame_serial.o
 .bss.rxCounter
                0x20000ba0        0x2 xcp_frame_serial.o
 *fill*         0x20000ba2        0x2 
 .bss.firstRxCounterReceived
                0x20000ba4        0x4 xcp_frame_serial.o
 .bss.initialized
                0x20000ba8        0x1 xcp_frame_serial.o
 *fill*         0x20000ba9        0x3 
 .bss.timestampInitialized
                0x20000bac        0x4 platform_timer.o
 .bss.timestampStartTime
                0x20000bb0        0x4 platform_timer.o
 .bss.schdl_counter
                0x20000bb4        0x4 SysTickScheduler.o
                0x20000bb4                schdl_counter
 .bss.schdl_counter_max
                0x20000bb8        0x4 SysTickScheduler.o
                0x20000bb8                schdl_counter_max
 .bss.taskToSchedule
                0x20000bbc        0x4 m3m4m4f_multitasking.o
                0x20000bbc                taskToSchedule
 .bss.mw_ext_h  0x20000bc0        0x4 rtiostream_serial.o
                0x20000bc0                mw_ext_h
 .bss.UARTRxBuffer
                0x20000bc4        0x4 rtiostream_serial.o
                0x20000bc4                UARTRxBuffer
 .bss.mw_lpuart1
                0x20000bc8       0x40 stm_lpuart.o
                0x20000bc8                mw_lpuart1
 .bss.LPUART1ReceiveBuffer
                0x20000c08      0x400 stm_lpuart.o
                0x20000c08                LPUART1ReceiveBuffer
 .bss.htim2     0x20001008       0x4c stm32g4xx_hal_timebase_tim.o
                0x20001008                htim2
 .bss.uwTick    0x20001054        0x4 stm32g4xx_hal.o
                0x20001054                uwTick
 .bss.__sf      0x20001058      0x138 C:/ProgramData/MATLAB/SupportPackages/R2024b/3P.instrset/gnuarm-armcortex.instrset/win/bin/../lib/gcc/arm-none-eabi/13.2.1/thumb/v7e-m+fp/hard\libg_nano.a(libc_a-findfp.o)
                0x20001058                __sf
 *(COMMON)
                0x20001190                        . = ALIGN (0x4)
                0x20001190                        _ebss = .
                0x20001190                        __bss_end__ = _ebss

._user_heap_stack
                0x20001190      0x600 load address 0x0800f98c
                0x20001190                        . = ALIGN (0x8)
                [!provide]                        PROVIDE (end = .)
                0x20001190                        PROVIDE (_end = .)
                0x20001390                        . = (. + _Min_Heap_Size)
 *fill*         0x20001190      0x200 
                0x20001790                        . = (. + _Min_Stack_Size)
 *fill*         0x20001390      0x400 
                0x20001790                        . = ALIGN (0x8)

/DISCARD/
 libc.a(*)
 libm.a(*)
 libgcc.a(*)

.ARM.attributes
                0x00000000       0x30
 *(.ARM.attributes)
 .ARM.attributes
                0x00000000       0x22 C:/ProgramData/MATLAB/SupportPackages/R2024b/3P.instrset/gnuarm-armcortex.instrset/win/bin/../lib/gcc/arm-none-eabi/13.2.1/thumb/v7e-m+fp/hard/crti.o
 .ARM.attributes
                0x00000022       0x34 C:/ProgramData/MATLAB/SupportPackages/R2024b/3P.instrset/gnuarm-armcortex.instrset/win/bin/../lib/gcc/arm-none-eabi/13.2.1/thumb/v7e-m+fp/hard/crtbegin.o
 .ARM.attributes
                0x00000056       0x34 stm_timer_ll.o
 .ARM.attributes
                0x0000008a       0x34 xcp_ext_mode.o
 .ARM.attributes
                0x000000be       0x34 Encoder.o
 .ARM.attributes
                0x000000f2       0x34 ert_main.o
 .ARM.attributes
                0x00000126       0x34 xcp_ext_common.o
 .ARM.attributes
                0x0000015a       0x34 xcp_ext_classic_trigger.o
 .ARM.attributes
                0x0000018e       0x34 xcp.o
 .ARM.attributes
                0x000001c2       0x34 xcp_standard.o
 .ARM.attributes
                0x000001f6       0x34 xcp_daq.o
 .ARM.attributes
                0x0000022a       0x34 xcp_calibration.o
 .ARM.attributes
                0x0000025e       0x34 xcp_fifo.o
 .ARM.attributes
                0x00000292       0x34 xcp_transport.o
 .ARM.attributes
                0x000002c6       0x34 xcp_mem_default.o
 .ARM.attributes
                0x000002fa       0x34 xcp_drv_rtiostream.o
 .ARM.attributes
                0x0000032e       0x34 xcp_utils.o
 .ARM.attributes
                0x00000362       0x34 xcp_frame_serial.o
 .ARM.attributes
                0x00000396       0x34 xcp_ext_param_default_serial.o
 .ARM.attributes
                0x000003ca       0x34 overrideHALDelay.o
 .ARM.attributes
                0x000003fe       0x34 platform_timer.o
 .ARM.attributes
                0x00000432       0x34 SysTickScheduler.o
 .ARM.attributes
                0x00000466       0x34 m3m4m4f_multitasking.o
 .ARM.attributes
                0x0000049a       0x34 rtiostream_serial.o
 .ARM.attributes
                0x000004ce       0x34 stm_usart.o
 .ARM.attributes
                0x00000502       0x34 stm_lpuart.o
 .ARM.attributes
                0x00000536       0x34 sys_arch.o
 .ARM.attributes
                0x0000056a       0x34 main.o
 .ARM.attributes
                0x0000059e       0x34 stm32g4xx_it.o
 .ARM.attributes
                0x000005d2       0x34 stm32g4xx_hal_msp.o
 .ARM.attributes
                0x00000606       0x34 stm32g4xx_hal_timebase_tim.o
 .ARM.attributes
                0x0000063a       0x34 stm32g4xx_ll_utils.o
 .ARM.attributes
                0x0000066e       0x34 stm32g4xx_ll_exti.o
 .ARM.attributes
                0x000006a2       0x34 stm32g4xx_ll_gpio.o
 .ARM.attributes
                0x000006d6       0x34 stm32g4xx_ll_lpuart.o
 .ARM.attributes
                0x0000070a       0x34 stm32g4xx_ll_rcc.o
 .ARM.attributes
                0x0000073e       0x34 stm32g4xx_hal.o
 .ARM.attributes
                0x00000772       0x34 stm32g4xx_hal_rcc.o
 .ARM.attributes
                0x000007a6       0x34 stm32g4xx_hal_pwr_ex.o
 .ARM.attributes
                0x000007da       0x34 stm32g4xx_hal_cortex.o
 .ARM.attributes
                0x0000080e       0x34 stm32g4xx_hal_tim.o
 .ARM.attributes
                0x00000842       0x34 stm32g4xx_hal_tim_ex.o
 .ARM.attributes
                0x00000876       0x34 stm32g4xx_ll_tim.o
 .ARM.attributes
                0x000008aa       0x34 system_stm32g4xx.o
 .ARM.attributes
                0x000008de       0x21 startup_stm32g474retx.o
 .ARM.attributes