Archive member included to satisfy reference by file (symbol)

C:/ProgramData/MATLAB/SupportPackages/R2024b/3P.instrset/gnuarm-armcortex.instrset/win/bin/../lib/gcc/arm-none-eabi/13.2.1/thumb/v7e-m+fp/hard\libm.a(libm_a-w_fmod.o)
                              xcp_ext_common.o (fmod)
C:/ProgramData/MATLAB/SupportPackages/R2024b/3P.instrset/gnuarm-armcortex.instrset/win/bin/../lib/gcc/arm-none-eabi/13.2.1/thumb/v7e-m+fp/hard\libm.a(libm_a-e_fmod.o)
                              C:/ProgramData/MATLAB/SupportPackages/R2024b/3P.instrset/gnuarm-armcortex.instrset/win/bin/../lib/gcc/arm-none-eabi/13.2.1/thumb/v7e-m+fp/hard\libm.a(libm_a-w_fmod.o) (__ieee754_fmod)
C:/ProgramData/MATLAB/SupportPackages/R2024b/3P.instrset/gnuarm-armcortex.instrset/win/bin/../lib/gcc/arm-none-eabi/13.2.1/thumb/v7e-m+fp/hard\libgcc.a(_arm_muldf3.o)
                              QEI_Pulling.o (__aeabi_dmul)
C:/ProgramData/MATLAB/SupportPackages/R2024b/3P.instrset/gnuarm-armcortex.instrset/win/bin/../lib/gcc/arm-none-eabi/13.2.1/thumb/v7e-m+fp/hard\libgcc.a(_arm_addsubdf3.o)
                              QEI_Pulling.o (__aeabi_dsub)
C:/ProgramData/MATLAB/SupportPackages/R2024b/3P.instrset/gnuarm-armcortex.instrset/win/bin/../lib/gcc/arm-none-eabi/13.2.1/thumb/v7e-m+fp/hard\libgcc.a(_arm_muldivdf3.o)
                              xcp_ext_common.o (__aeabi_ddiv)
C:/ProgramData/MATLAB/SupportPackages/R2024b/3P.instrset/gnuarm-armcortex.instrset/win/bin/../lib/gcc/arm-none-eabi/13.2.1/thumb/v7e-m+fp/hard\libgcc.a(_arm_cmpdf2.o)
                              xcp_ext_mode.o (__aeabi_dcmpeq)
C:/ProgramData/MATLAB/SupportPackages/R2024b/3P.instrset/gnuarm-armcortex.instrset/win/bin/../lib/gcc/arm-none-eabi/13.2.1/thumb/v7e-m+fp/hard\libgcc.a(_arm_unorddf2.o)
                              C:/ProgramData/MATLAB/SupportPackages/R2024b/3P.instrset/gnuarm-armcortex.instrset/win/bin/../lib/gcc/arm-none-eabi/13.2.1/thumb/v7e-m+fp/hard\libm.a(libm_a-w_fmod.o) (__aeabi_dcmpun)
C:/ProgramData/MATLAB/SupportPackages/R2024b/3P.instrset/gnuarm-armcortex.instrset/win/bin/../lib/gcc/arm-none-eabi/13.2.1/thumb/v7e-m+fp/hard\libgcc.a(_arm_fixunsdfsi.o)
                              xcp_ext_common.o (__aeabi_d2uiz)
C:/ProgramData/MATLAB/SupportPackages/R2024b/3P.instrset/gnuarm-armcortex.instrset/win/bin/../lib/gcc/arm-none-eabi/13.2.1/thumb/v7e-m+fp/hard\libgcc.a(_aeabi_uldivmod.o)
                              stm32g4xx_ll_lpuart.o (__aeabi_uldivmod)
C:/ProgramData/MATLAB/SupportPackages/R2024b/3P.instrset/gnuarm-armcortex.instrset/win/bin/../lib/gcc/arm-none-eabi/13.2.1/thumb/v7e-m+fp/hard\libgcc.a(_udivmoddi4.o)
                              C:/ProgramData/MATLAB/SupportPackages/R2024b/3P.instrset/gnuarm-armcortex.instrset/win/bin/../lib/gcc/arm-none-eabi/13.2.1/thumb/v7e-m+fp/hard\libgcc.a(_aeabi_uldivmod.o) (__udivmoddi4)
C:/ProgramData/MATLAB/SupportPackages/R2024b/3P.instrset/gnuarm-armcortex.instrset/win/bin/../lib/gcc/arm-none-eabi/13.2.1/thumb/v7e-m+fp/hard\libgcc.a(_dvmd_tls.o)
                              C:/ProgramData/MATLAB/SupportPackages/R2024b/3P.instrset/gnuarm-armcortex.instrset/win/bin/../lib/gcc/arm-none-eabi/13.2.1/thumb/v7e-m+fp/hard\libgcc.a(_aeabi_uldivmod.o) (__aeabi_ldiv0)
C:/ProgramData/MATLAB/SupportPackages/R2024b/3P.instrset/gnuarm-armcortex.instrset/win/bin/../lib/gcc/arm-none-eabi/13.2.1/thumb/v7e-m+fp/hard\libg_nano.a(libc_a-exit.o)
                              C:/ProgramData/MATLAB/SupportPackages/R2024b/3P.instrset/gnuarm-armcortex.instrset/win/bin/../lib/gcc/arm-none-eabi/13.2.1/thumb/v7e-m+fp/hard/crt0.o (exit)
C:/ProgramData/MATLAB/SupportPackages/R2024b/3P.instrset/gnuarm-armcortex.instrset/win/bin/../lib/gcc/arm-none-eabi/13.2.1/thumb/v7e-m+fp/hard\libg_nano.a(libc_a-findfp.o)
                              C:/ProgramData/MATLAB/SupportPackages/R2024b/3P.instrset/gnuarm-armcortex.instrset/win/bin/../lib/gcc/arm-none-eabi/13.2.1/thumb/v7e-m+fp/hard\libg_nano.a(libc_a-exit.o) (__stdio_exit_handler)
C:/ProgramData/MATLAB/SupportPackages/R2024b/3P.instrset/gnuarm-armcortex.instrset/win/bin/../lib/gcc/arm-none-eabi/13.2.1/thumb/v7e-m+fp/hard\libg_nano.a(libc_a-fwalk.o)
                              C:/ProgramData/MATLAB/SupportPackages/R2024b/3P.instrset/gnuarm-armcortex.instrset/win/bin/../lib/gcc/arm-none-eabi/13.2.1/thumb/v7e-m+fp/hard\libg_nano.a(libc_a-findfp.o) (_fwalk_sglue)
C:/ProgramData/MATLAB/SupportPackages/R2024b/3P.instrset/gnuarm-armcortex.instrset/win/bin/../lib/gcc/arm-none-eabi/13.2.1/thumb/v7e-m+fp/hard\libg_nano.a(libc_a-stdio.o)
                              C:/ProgramData/MATLAB/SupportPackages/R2024b/3P.instrset/gnuarm-armcortex.instrset/win/bin/../lib/gcc/arm-none-eabi/13.2.1/thumb/v7e-m+fp/hard\libg_nano.a(libc_a-findfp.o) (__sread)
C:/ProgramData/MATLAB/SupportPackages/R2024b/3P.instrset/gnuarm-armcortex.instrset/win/bin/../lib/gcc/arm-none-eabi/13.2.1/thumb/v7e-m+fp/hard\libg_nano.a(libc_a-memset.o)
[...]
Memory Configuration

Name             Origin             Length             Attributes
RAM              0x20000000         0x00020000         xrw
FLASH            0x08000000         0x00080000         xr
*default*        0x00000000         0xffffffff

Linker script and memory map

LOAD C:/ProgramData/MATLAB/SupportPackages/R2024b/3P.instrset/gnuarm-armcortex.instrset/win/bin/../lib/gcc/arm-none-eabi/13.2.1/thumb/v7e-m+fp/hard/crti.o
LOAD C:/ProgramData/MATLAB/SupportPackages/R2024b/3P.instrset/gnuarm-armcortex.instrset/win/bin/../lib/gcc/arm-none-eabi/13.2.1/thumb/v7e-m+fp/hard/crtbegin.o
LOAD C:/ProgramData/MATLAB/SupportPackages/R2024b/3P.instrset/gnuarm-armcortex.instrset/win/bin/../lib/gcc/arm-none-eabi/13.2.1/thumb/v7e-m+fp/hard/crt0.o
LOAD xcp_ext_mode.o
LOAD QEI_Pulling.o
LOAD ert_main.o
LOAD xcp_ext_common.o
LOAD xcp_ext_classic_trigger.o
LOAD xcp.o
LOAD xcp_standard.o
LOAD xcp_daq.o
LOAD xcp_calibration.o
LOAD xcp_fifo.o
LOAD xcp_transport.o
LOAD xcp_mem_default.o
LOAD xcp_drv_rtiostream.o
LOAD xcp_utils.o
LOAD xcp_frame_serial.o
LOAD xcp_ext_param_default_serial.o
LOAD overrideHALDelay.o
LOAD platform_timer.o
LOAD SysTickScheduler.o
LOAD m3m4m4f_multitasking.o
LOAD rtiostream_serial.o
LOAD stm_usart.o
LOAD stm_lpuart.o
LOAD sys_arch.o
LOAD main.o
LOAD stm32g4xx_it.o
LOAD stm32g4xx_hal_msp.o
LOAD stm32g4xx_hal_timebase_tim.o
LOAD stm32g4xx_ll_utils.o
LOAD stm32g4xx_ll_exti.o
LOAD stm32g4xx_ll_gpio.o
LOAD stm32g4xx_ll_dma.o
LOAD stm32g4xx_ll_lpuart.o
LOAD stm32g4xx_ll_rcc.o
LOAD stm32g4xx_ll_pwr.o
LOAD stm32g4xx_hal.o
LOAD stm32g4xx_hal_rcc.o
LOAD stm32g4xx_hal_rcc_ex.o
LOAD stm32g4xx_hal_flash.o
LOAD stm32g4xx_hal_flash_ex.o
LOAD stm32g4xx_hal_flash_ramfunc.o
LOAD stm32g4xx_hal_gpio.o
LOAD stm32g4xx_hal_exti.o
LOAD stm32g4xx_hal_dma.o
LOAD stm32g4xx_hal_dma_ex.o
LOAD stm32g4xx_hal_pwr.o
LOAD stm32g4xx_hal_pwr_ex.o
LOAD stm32g4xx_hal_cortex.o
LOAD stm32g4xx_hal_tim.o
LOAD stm32g4xx_hal_tim_ex.o
LOAD stm32g4xx_ll_tim.o
LOAD system_stm32g4xx.o
LOAD syscalls.o
LOAD sysmem.o
LOAD startup_stm32g474retx.o
LOAD C:/ProgramData/MATLAB/SupportPackages/R2024b/3P.instrset/cmsis_dsp.instrset/Lib/GCC/arm_cortexm4ldfsp_math/libCMSISDSP.a
LOAD C:/ProgramData/MATLAB/SupportPackages/R2024b/toolbox/shared/supportpackages/stm32/lib/GCC/libmw_pdmfilter_m4_spfp.lib
LOAD C:/ProgramData/MATLAB/SupportPackages/R2024b/3P.instrset/gnuarm-armcortex.instrset/win/bin/../lib/gcc/arm-none-eabi/13.2.1/thumb/v7e-m+fp/hard\libstdc++_nano.a
LOAD C:/ProgramData/MATLAB/SupportPackages/R2024b/3P.instrset/gnuarm-armcortex.instrset/win/bin/../lib/gcc/arm-none-eabi/13.2.1/thumb/v7e-m+fp/hard\libm.a
START GROUP
LOAD C:/ProgramData/MATLAB/SupportPackages/R2024b/3P.instrset/gnuarm-armcortex.instrset/win/bin/../lib/gcc/arm-none-eabi/13.2.1/thumb/v7e-m+fp/hard\libgcc.a
LOAD C:/ProgramData/MATLAB/SupportPackages/R2024b/3P.instrset/gnuarm-armcortex.instrset/win/bin/../lib/gcc/arm-none-eabi/13.2.1/thumb/v7e-m+fp/hard\libg_nano.a
LOAD C:/ProgramData/MATLAB/SupportPackages/R2024b/3P.instrset/gnuarm-armcortex.instrset/win/bin/../lib/gcc/arm-none-eabi/13.2.1/thumb/v7e-m+fp/hard\libc_nano.a
END GROUP
START GROUP
LOAD C:/ProgramData/MATLAB/SupportPackages/R2024b/3P.instrset/gnuarm-armcortex.instrset/win/bin/../lib/gcc/arm-none-eabi/13.2.1/thumb/v7e-m+fp/hard\libgcc.a
LOAD C:/ProgramData/MATLAB/SupportPackages/R2024b/3P.instrset/gnuarm-armcortex.instrset/win/bin/../lib/gcc/arm-none-eabi/13.2.1/thumb/v7e-m+fp/hard\libc_nano.a
LOAD C:/ProgramData/MATLAB/SupportPackages/R2024b/3P.instrset/gnuarm-armcortex.instrset/win/bin/../lib/gcc/arm-none-eabi/13.2.1/thumb/v7e-m+fp/hard\libnosys.a
END GROUP
START GROUP
LOAD C:/ProgramData/MATLAB/SupportPackages/R2024b/3P.instrset/gnuarm-armcortex.instrset/win/bin/../lib/gcc/arm-none-eabi/13.2.1/thumb/v7e-m+fp/hard\libgcc.a
LOAD C:/ProgramData/MATLAB/SupportPackages/R2024b/3P.instrset/gnuarm-armcortex.instrset/win/bin/../lib/gcc/arm-none-eabi/13.2.1/thumb/v7e-m+fp/hard\libc_nano.a
LOAD C:/ProgramData/MATLAB/SupportPackages/R2024b/3P.instrset/gnuarm-armcortex.instrset/win/bin/../lib/gcc/arm-none-eabi/13.2.1/thumb/v7e-m+fp/hard\libnosys.a
END GROUP
LOAD C:/ProgramData/MATLAB/SupportPackages/R2024b/3P.instrset/gnuarm-armcortex.instrset/win/bin/../lib/gcc/arm-none-eabi/13.2.1/thumb/v7e-m+fp/hard/crtend.o
LOAD C:/ProgramData/MATLAB/SupportPackages/R2024b/3P.instrset/gnuarm-armcortex.instrset/win/bin/../lib/gcc/arm-none-eabi/13.2.1/thumb/v7e-m+fp/hard/crtn.o
                0x20020000                        _estack = (ORIGIN (RAM) + LENGTH (RAM))
                0x00000200                        _Min_Heap_Size = 0x200
                0x00000400                        _Min_Stack_Size = 0x400

.isr_vector     0x08000000      0x1d8
                0x08000000                        . = ALIGN (0x4)
 *(.isr_vector)
 .isr_vector    0x08000000      0x1d8 startup_stm32g474retx.o
                0x08000000                g_pfnVectors
                0x080001d8                        . = ALIGN (0x4)

.text           0x080001d8     0xbf58
                0x080001d8                        . = ALIGN (0x4)
 *(.text)
 .text          0x080001d8      0x378 C:/ProgramData/MATLAB/SupportPackages/R2024b/3P.instrset/gnuarm-armcortex.instrset/win/bin/../lib/gcc/arm-none-eabi/13.2.1/thumb/v7e-m+fp/hard\libgcc.a(_arm_addsubdf3.o)
                0x080001d8                __aeabi_drsub
                0x080001e0                __aeabi_dsub
                0x080001e0                __subdf3
                0x080001e4                __aeabi_dadd
                0x080001e4                __adddf3
                0x0800045c                __floatunsidf
                0x0800045c                __aeabi_ui2d
                0x0800047c                __floatsidf
                0x0800047c                __aeabi_i2d
                0x080004a0                __aeabi_f2d
                0x080004a0                __extendsfdf2
                0x080004e4                __floatundidf
                0x080004e4                __aeabi_ul2d
                0x080004f4                __floatdidf
                0x080004f4                __aeabi_l2d
 .text          0x08000550      0x424 C:/ProgramData/MATLAB/SupportPackages/R2024b/3P.instrset/gnuarm-armcortex.instrset/win/bin/../lib/gcc/arm-none-eabi/13.2.1/thumb/v7e-m+fp/hard\libgcc.a(_arm_muldivdf3.o)
                0x08000550                __aeabi_dmul
                0x08000550                __muldf3
                0x080007a4                __divdf3
                0x080007a4                __aeabi_ddiv
 .text          0x08000974      0x110 C:/ProgramData/MATLAB/SupportPackages/R2024b/3P.instrset/gnuarm-armcortex.instrset/win/bin/../lib/gcc/arm-none-eabi/13.2.1/thumb/v7e-m+fp/hard\libgcc.a(_arm_cmpdf2.o)
                0x08000974                __gtdf2
                0x08000974                __gedf2
                0x0800097c                __ltdf2
                0x0800097c                __ledf2
                0x08000984                __nedf2
                0x08000984                __eqdf2
                0x08000984                __cmpdf2
                0x08000a00                __aeabi_cdrcmple
                0x08000a10                __aeabi_cdcmpeq
                0x08000a10                __aeabi_cdcmple
                0x08000a20                __aeabi_dcmpeq
                0x08000a34                __aeabi_dcmplt
                0x08000a48                __aeabi_dcmple
                0x08000a5c                __aeabi_dcmpge
                0x08000a70                __aeabi_dcmpgt
 .text          0x08000a84       0x2c C:/ProgramData/MATLAB/SupportPackages/R2024b/3P.instrset/gnuarm-armcortex.instrset/win/bin/../lib/gcc/arm-none-eabi/13.2.1/thumb/v7e-m+fp/hard\libgcc.a(_arm_unorddf2.o)
                0x08000a84                __unorddf2
                0x08000a84                __aeabi_dcmpun
 .text          0x08000ab0       0x40 C:/ProgramData/MATLAB/SupportPackages/R2024b/3P.instrset/gnuarm-armcortex.instrset/win/bin/../lib/gcc/arm-none-eabi/13.2.1/thumb/v7e-m+fp/hard\libgcc.a(_arm_fixunsdfsi.o)
                0x08000ab0                __aeabi_d2uiz
                0x08000ab0                __fixunsdfsi
 .text          0x08000af0       0x30 C:/ProgramData/MATLAB/SupportPackages/R2024b/3P.instrset/gnuarm-armcortex.instrset/win/bin/../lib/gcc/arm-none-eabi/13.2.1/thumb/v7e-m+fp/hard\libgcc.a(_aeabi_uldivmod.o)
                0x08000af0                __aeabi_uldivmod
 .text          0x08000b20        0x4 C:/ProgramData/MATLAB/SupportPackages/R2024b/3P.instrset/gnuarm-armcortex.instrset/win/bin/../lib/gcc/arm-none-eabi/13.2.1/thumb/v7e-m+fp/hard\libgcc.a(_dvmd_tls.o)
                0x08000b20                __aeabi_idiv0
                0x08000b20                __aeabi_ldiv0
 *(.text*)
 .text.deregister_tm_clones
                0x08000b24       0x1c C:/ProgramData/MATLAB/SupportPackages/R2024b/3P.instrset/gnuarm-armcortex.instrset/win/bin/../lib/gcc/arm-none-eabi/13.2.1/thumb/v7e-m+fp/hard/crtbegin.o
 .text.register_tm_clones
                0x08000b40       0x24 C:/ProgramData/MATLAB/SupportPackages/R2024b/3P.instrset/gnuarm-armcortex.instrset/win/bin/../lib/gcc/arm-none-eabi/13.2.1/thumb/v7e-m+fp/hard/crtbegin.o
 .text.__do_global_dtors_aux
                0x08000b64       0x28 C:/ProgramData/MATLAB/SupportPackages/R2024b/3P.instrset/gnuarm-armcortex.instrset/win/bin/../lib/gcc/arm-none-eabi/13.2.1/thumb/v7e-m+fp/hard/crtbegin.o
 .text.frame_dummy
                0x08000b8c       0x24 C:/ProgramData/MATLAB/SupportPackages/R2024b/3P.instrset/gnuarm-armcortex.instrset/win/bin/../lib/gcc/arm-none-eabi/13.2.1/thumb/v7e-m+fp/hard/crtbegin.o
 .text.extmodeParseArgs
                0x08000bb0       0x1e xcp_ext_mode.o
                0x08000bb0                extmodeParseArgs
 *fill*         0x08000bce        0x2 
 .text.extmodeInit
                0x08000bd0      0x128 xcp_ext_mode.o
                0x08000bd0                extmodeInit
 .text.extmodeWaitForHostRequest
                0x08000cf8       0xcc xcp_ext_mode.o
                0x08000cf8                extmodeWaitForHostRequest
 .text.extmodeEvent
                0x08000dc4       0xfc xcp_ext_mode.o
                0x08000dc4                extmodeEvent
 .text.extmodeBackgroundRun
                0x08000ec0       0x20 xcp_ext_mode.o
                0x08000ec0                extmodeBackgroundRun
 .text.extmodeReset
                0x08000ee0       0x40 xcp_ext_mode.o
                0x08000ee0                extmodeReset
 .text.extmodeStopRequested
                0x08000f20       0x18 xcp_ext_mode.o
                0x08000f20                extmodeStopRequested
 .text.extmodeSimulationComplete
                0x08000f38       0x18 xcp_ext_mode.o
                0x08000f38                extmodeSimulationComplete
 .text.LL_GPIO_ReadInputPort
                0x08000f50       0x18 QEI_Pulling.o
 .text.QEI_Pulling_step
                0x08000f68      0x138 QEI_Pulling.o
                0x08000f68                QEI_Pulling_step
 .text.QEI_Pulling_initialize
                0x080010a0       0xac QEI_Pulling.o
                0x080010a0                QEI_Pulling_initialize
 .text.QEI_Pulling_terminate
                0x0800114c        0xe QEI_Pulling.o
                0x0800114c                QEI_Pulling_terminate
 *fill*         0x0800115a        0x2 
 .text.rt_OneStep
                0x0800115c       0x78 ert_main.o
                0x0800115c                rt_OneStep
 .text.main     0x080011d4      0x18c ert_main.o
                0x080011d4                main
 .text.xcp_void_printf
                0x08001360       0x12 xcp_ext_common.o
                0x08001360                xcp_void_printf
 .text.xcpCopyTimeValue
                0x08001372       0x26 xcp_ext_common.o
 .text.xcpExtModeUpdateTime
                0x08001398      0x13c xcp_ext_common.o
                0x08001398                xcpExtModeUpdateTime
 .text.xcpExtModeInit
                0x080014d4       0xb0 xcp_ext_common.o
                0x080014d4                xcpExtModeInit
 .text.xcpExtModeRunBackground
                0x08001584      0x13c xcp_ext_common.o
                0x08001584                xcpExtModeRunBackground
 .text.xcpExtModeReset
                0x080016c0      0x128 xcp_ext_common.o
                0x080016c0                xcpExtModeReset
 .text.sampleSignalTrigger
                0x080017e8      0x1b4 xcp_ext_classic_trigger.o
 .text.updateTriggerStatus
                0x0800199c      0x2b8 xcp_ext_classic_trigger.o
 .text.xcpExtModeClassicTriggerInit
                0x08001c54       0x68 xcp_ext_classic_trigger.o
                0x08001c54                xcpExtModeClassicTriggerInit
 .text.xcpExtModeClassicTriggerEnabled
                0x08001cbc      0x100 xcp_ext_classic_trigger.o
                0x08001cbc                xcpExtModeClassicTriggerEnabled
 .text.xcpExtModeClassicTriggerReset
                0x08001dbc       0xf4 xcp_ext_classic_trigger.o
                0x08001dbc                xcpExtModeClassicTriggerReset
 .text.xcpExtModeClassicTriggerForceEnableStatusUpdate
                0x08001eb0       0x78 xcp_ext_classic_trigger.o
                0x08001eb0                xcpExtModeClassicTriggerForceEnableStatusUpdate
 .text.msgBufferRealloc
                0x08001f28       0x72 xcp.o
 *fill*         0x08001f9a        0x2 
 .text.discardInputPacketHandler
                0x08001f9c       0x3c xcp.o
 .text.unknownInputPacketHandler
                0x08001fd8       0x34 xcp.o
 .text.xcpGetPacketGroupID
                0x0800200c       0x74 xcp.o
 .text.xcpGetPacketHandlers
                0x08002080      0x124 xcp.o
 .text.xcpStatusSet
                0x080021a4       0x20 xcp.o
                0x080021a4                xcpStatusSet
 .text.xcpSessionStatusGet
                0x080021c4       0x18 xcp.o
                0x080021c4                xcpSessionStatusGet
 .text.xcpSessionStatusSetMask
                0x080021dc       0x28 xcp.o
                0x080021dc                xcpSessionStatusSetMask
 .text.xcpSessionStatusClearMask
                0x08002204       0x34 xcp.o
                0x08002204                xcpSessionStatusClearMask
 .text.xcpResourceProtectionStatusGet
                0x08002238       0x18 xcp.o
                0x08002238                xcpResourceProtectionStatusGet
 .text.xcpSessionConfigurationIdGet
                0x08002250       0x18 xcp.o
                0x08002250                xcpSessionConfigurationIdGet
 .text.genericOutputPacketHandler
                0x08002268      0x11c xcp.o
                0x08002268                genericOutputPacketHandler
 .text.xcpFindPacket
                0x08002384       0x6e xcp.o
                0x08002384                xcpFindPacket
 *fill*         0x080023f2        0x2 
 .text.xcpInit  0x080023f4       0x64 xcp.o
                0x080023f4                xcpInit
 .text.xcpRun   0x08002458      0x194 xcp.o
                0x08002458                xcpRun
 .text.xcpEvent
                0x080025ec       0x50 xcp.o
                0x080025ec                xcpEvent
 .text.xcpGetStatus
                0x0800263c       0x18 xcp.o
                0x0800263c                xcpGetStatus
 .text.xcpReset
                0x08002654       0x40 xcp.o
                0x08002654                xcpReset
 .text.xcpPackedModeEventsFlush
                0x08002694       0x1e xcp.o
                0x08002694                xcpPackedModeEventsFlush
 .text.xcpPackedModeEventReset
                0x080026b2       0x2a xcp.o
                0x080026b2                xcpPackedModeEventReset
 .text.isValidUploadSize
                0x080026dc       0x30 xcp_standard.o
 .text.xcpMemcpyFromMTA
                0x0800270c       0x38 xcp_standard.o
 .text.connectInputPacketHandler
                0x08002744       0xa4 xcp_standard.o
 .text.connectOutputPacketHandler
                0x080027e8       0xd4 xcp_standard.o
 .text.disconnectInputPacketHandler
                0x080028bc       0x54 xcp_standard.o
 .text.getStatusInputPacketHandler
                0x08002910       0x28 xcp_standard.o
 .text.getStatusOutputPacketHandler
                0x08002938       0x80 xcp_standard.o
 .text.synchInputPacketHandler
                0x080029b8       0x44 xcp_standard.o
 .text.setMTAInputPacketHandler
                0x080029fc       0x78 xcp_standard.o
 .text.uploadInputPacketHandler
                0x08002a74       0x98 xcp_standard.o
 .text.uploadOutputPacketHandler
                0x08002b0c       0x9c xcp_standard.o
 .text.shortUploadInputPacketHandler
                0x08002ba8       0xa4 xcp_standard.o
 .text.shortUploadOutputPacketHandler
                0x08002c4c       0x9c xcp_standard.o
 .text.getPacket
                0x08002ce8       0x24 xcp_standard.o
 .text.xcpStandardInit
                0x08002d0c       0x18 xcp_standard.o
                0x08002d0c                xcpStandardInit
 .text.xcpStandardGetPacketLookup
                0x08002d24       0x18 xcp_standard.o
                0x08002d24                xcpStandardGetPacketLookup
 .text.xcpStandardSetPacketLookup
                0x08002d3c       0x20 xcp_standard.o
                0x08002d3c                xcpStandardSetPacketLookup
 .text.xcpStandardReset
                0x08002d5c       0x12 xcp_standard.o
                0x08002d5c                xcpStandardReset
 *fill*         0x08002d6e        0x2 
 .text.xcpStandardGetAddressFromMta
                0x08002d70       0x18 xcp_standard.o
                0x08002d70                xcpStandardGetAddressFromMta
 .text.xcpStandardSetMta
                0x08002d88       0x3c xcp_standard.o
                0x08002d88                xcpStandardSetMta
 .text.xcpStandardIncrementMta
                0x08002dc4       0x28 xcp_standard.o
                0x08002dc4                xcpStandardIncrementMta
 .text.xcpStandardExtendedInit
                0x08002dec        0xe xcp_standard.o
                0x08002dec                xcpStandardExtendedInit
 .text.xcpStandardExtendedReset
                0x08002dfa        0xe xcp_standard.o
                0x08002dfa                xcpStandardExtendedReset
 .text.xcpDaqWriteLock
                0x08002e08       0x4c xcp_daq.o
 .text.xcpDaqWriteUnlock
                0x08002e54       0x20 xcp_daq.o
 .text.xcpDaqReadLock
                0x08002e74       0x38 xcp_daq.o
 .text.xcpDaqReadUnlock
                0x08002eac       0x38 xcp_daq.o
 .text.isActiveDaqList
                0x08002ee4       0x50 xcp_daq.o
 .text.noActiveDaqLists
                0x08002f34       0x50 xcp_daq.o
 .text.isValidDaqPtr
                0x08002f84       0xb8 xcp_daq.o
 .text.isValidDaqEntry
                0x0800303c       0x36 xcp_daq.o
 .text.isSupportedDaqListMode
                0x08003072       0x26 xcp_daq.o
 .text.isValidStartStopMode
                0x08003098       0x32 xcp_daq.o
 .text.isValidStartStopSynchMode
                0x080030ca       0x32 xcp_daq.o
 .text.absoluteOdtNumberIdentification
                0x080030fc       0x10 xcp_daq.o
 .text.isDaqPackedModeEnabled
                0x0800310c       0x6c xcp_daq.o
 .text.odtPacketSize
                0x08003178       0x54 xcp_daq.o
 .text.createDaqReservedPool
                0x080031cc       0x88 xcp_daq.o
 .text.destroyDaqReservedPool
                0x08003254       0x2c xcp_daq.o
 .text.setDaqPtrInputPacketHandler
                0x08003280       0xdc xcp_daq.o
 .text.writeDaqInputPacketHandler
                0x0800335c      0x198 xcp_daq.o
 .text.setDaqListModeInputPacketHandler
                0x080034f4      0x1c8 xcp_daq.o
 .text.startStopDaqListInputPacketHandler
                0x080036bc      0x3f4 xcp_daq.o
 .text.startStopDaqListOutputPacketHandler
                0x08003ab0       0x5c xcp_daq.o
 .text.startStopSynchInputPacketHandler
                0x08003b0c      0x328 xcp_daq.o
 .text.getDaqProcessorInfoInputPacketHandler
                0x08003e34       0x28 xcp_daq.o
 .text.getDaqProcessorInfoOutputPacketHandler
                0x08003e5c       0xac xcp_daq.o
 .text.getDaqResolutionInfoInputPacketHandler
                0x08003f08       0x28 xcp_daq.o
 .text.getDaqResolutionInfoOutputPacketHandler
                0x08003f30       0xb8 xcp_daq.o
 .text.freeDaqInputPacketHandler
                0x08003fe8       0x5c xcp_daq.o
 .text.allocDaqInputPacketHandler
                0x08004044      0x18c xcp_daq.o
 .text.allocOdtInputPacketHandler
                0x080041d0      0x1c0 xcp_daq.o
 .text.allocOdtEntryInputPacketHandler
                0x08004390      0x270 xcp_daq.o
 .text.getDaqClockInputPacketHandler
                0x08004600       0x22 xcp_daq.o
 *fill*         0x08004622        0x2 
 .text.setDaqPackedModeInputPacketHandler
                0x08004624      0x21c xcp_daq.o
 .text.level1CommandInputPacketHandler
                0x08004840       0x64 xcp_daq.o
 .text.getPacket
                0x080048a4       0x24 xcp_daq.o
 .text.xcpDaqInit
                0x080048c8       0x38 xcp_daq.o
                0x080048c8                xcpDaqInit
 .text.xcpDaqGetPacketLookup
                0x08004900       0x18 xcp_daq.o
                0x08004900                xcpDaqGetPacketLookup
 .text.xcpDaqSetPacketLookup
                0x08004918       0x20 xcp_daq.o
                0x08004918                xcpDaqSetPacketLookup
 .text.xcpResetDaq
                0x08004938       0xa4 xcp_daq.o
 .text.daqWriteXCPDataForOdt
                0x080049dc       0x7c xcp_daq.o
 .text.odtWriteEntries
                0x08004a58       0x9c xcp_daq.o
 .text.xcpProcessDaq
                0x08004af4      0x208 xcp_daq.o
 .text.xcpDaqEvent
                0x08004cfc      0x108 xcp_daq.o
                0x08004cfc                xcpDaqEvent
 .text.xcpDaqEventsFlush
                0x08004e04      0x284 xcp_daq.o
                0x08004e04                xcpDaqEventsFlush
 .text.xcpDaqLock
                0x08005088       0x1e xcp_daq.o
                0x08005088                xcpDaqLock
 .text.xcpDaqUnlock
                0x080050a6        0xe xcp_daq.o
                0x080050a6                xcpDaqUnlock
 .text.xcpResetDaqListStatus
                0x080050b4      0x19c xcp_daq.o
                0x080050b4                xcpResetDaqListStatus
 .text.xcpDaqReset
                0x08005250       0x20 xcp_daq.o
                0x08005250                xcpDaqReset
 .text.xcpDaqExtendedInit
                0x08005270        0xe xcp_daq.o
                0x08005270                xcpDaqExtendedInit
 .text.xcpDaqExtendedReset
                0x0800527e        0xe xcp_daq.o
                0x0800527e                xcpDaqExtendedReset
 .text.isValidShortDownloadSize
                0x0800528c       0x34 xcp_calibration.o
 .text.isValidDownloadSize
                0x080052c0       0x3a xcp_calibration.o
 *fill*         0x080052fa        0x2 
 .text.xcpMemcpyToMTA
                0x080052fc       0x34 xcp_calibration.o
 .text.downloadInputPacketHandler
                0x08005330       0xb0 xcp_calibration.o
 .text.shortDownloadInputPacketHandler
                0x080053e0       0xb8 xcp_calibration.o
 .text.getPacket
                0x08005498       0x24 xcp_calibration.o
 .text.xcpCalibrationInit
                0x080054bc       0x14 xcp_calibration.o
                0x080054bc                xcpCalibrationInit
 .text.xcpCalibrationGetPacketLookup
                0x080054d0       0x18 xcp_calibration.o
                0x080054d0                xcpCalibrationGetPacketLookup
 .text.xcpCalibrationSetPacketLookup
                0x080054e8       0x20 xcp_calibration.o
                0x080054e8                xcpCalibrationSetPacketLookup
 .text.xcpCalibrationReset
                0x08005508        0xe xcp_calibration.o
                0x08005508                xcpCalibrationReset
 .text.xcpFifoInit
                0x08005516       0x20 xcp_fifo.o
                0x08005516                xcpFifoInit
 .text.xcpFifoEnqueue
                0x08005536       0x2a xcp_fifo.o
                0x08005536                xcpFifoEnqueue
 .text.xcpFifoDequeue
                0x08005560       0x3e xcp_fifo.o
                0x08005560                xcpFifoDequeue
 .text.xcpFifoEnqueueHead
                0x0800559e       0x32 xcp_fifo.o
                0x0800559e                xcpFifoEnqueueHead
 .text.xcpFifoReset
                0x080055d0       0x16 xcp_fifo.o
                0x080055d0                xcpFifoReset
 *fill*         0x080055e6        0x2 
 .text.xcpTransportEmptyTxFifo
                0x080055e8       0x6c xcp_transport.o
 .text.xcpTransportEmptyRxFifo
                0x08005654       0x6c xcp_transport.o
 .text.xcpTransportInit
                0x080056c0      0x138 xcp_transport.o
                0x080056c0                xcpTransportInit
 .text.xcpTransportTxReady
                0x080057f8       0x1a xcp_transport.o
                0x080057f8                xcpTransportTxReady
 .text.xcpTransportTxTrigger
                0x08005812       0x1a xcp_transport.o
                0x08005812                xcpTransportTxTrigger
 .text.xcpTransportTxPacketSet
                0x0800582c      0x144 xcp_transport.o
                0x0800582c                xcpTransportTxPacketSet
 .text.xcpTransportTx
                0x08005970       0xec xcp_transport.o
                0x08005970                xcpTransportTx
 .text.xcpTransportRx
                0x08005a5c       0x80 xcp_transport.o
                0x08005a5c                xcpTransportRx
 .text.xcpTransportRxPacketGet
                0x08005adc      0x12c xcp_transport.o
                0x08005adc                xcpTransportRxPacketGet
 .text.xcpTransportPacketOffset
                0x08005c08       0x20 xcp_transport.o
                0x08005c08                xcpTransportPacketOffset
 .text.xcpTransportMsgBufferSize
                0x08005c28       0x70 xcp_transport.o
                0x08005c28                xcpTransportMsgBufferSize
 .text.xcpTransportMaxDtoSize
                0x08005c98        0xe xcp_transport.o
                0x08005c98                xcpTransportMaxDtoSize
 .text.xcpTransportMaxCtoSize
                0x08005ca6        0xe xcp_transport.o
                0x08005ca6                xcpTransportMaxCtoSize
 .text.xcpTransportRestart
                0x08005cb4       0x44 xcp_transport.o
                0x08005cb4                xcpTransportRestart
 .text.xcpTransportResynch
                0x08005cf8       0x40 xcp_transport.o
                0x08005cf8                xcpTransportResynch
 .text.xcpTransportCtoReservedMemPoolId
                0x08005d38       0x18 xcp_transport.o
                0x08005d38                xcpTransportCtoReservedMemPoolId
 .text.xcpTransportReset
                0x08005d50       0xe4 xcp_transport.o
                0x08005d50                xcpTransportReset
 .text.xcpInitializePoolMemoryArea
                0x08005e34       0x72 xcp_mem_default.o
 *fill*         0x08005ea6        0x2 
 .text.xcpMemInit
                0x08005ea8      0x1d4 xcp_mem_default.o
                0x08005ea8                xcpMemInit
 .text.xcpMemAlloc
                0x0800607c       0xe8 xcp_mem_default.o
                0x0800607c                xcpMemAlloc
 .text.xcpMemFree
                0x08006164      0x170 xcp_mem_default.o
                0x08006164                xcpMemFree
 .text.xcpMemReservedPoolCreate
                0x080062d4      0x224 xcp_mem_default.o
                0x080062d4                xcpMemReservedPoolCreate
 .text.xcpMemReservedPoolDestroy
                0x080064f8      0x158 xcp_mem_default.o
                0x080064f8                xcpMemReservedPoolDestroy
 .text.xcpMemCustomPoolCreate
                0x08006650       0xbc xcp_mem_default.o
                0x08006650                xcpMemCustomPoolCreate
 .text.xcpMemCustomPoolDestroy
                0x0800670c       0x64 xcp_mem_default.o
                0x0800670c                xcpMemCustomPoolDestroy
 .text.xcpMemAllocFromPool
                0x08006770      0x170 xcp_mem_default.o
                0x08006770                xcpMemAllocFromPool
 .text.xcpMemReset
                0x080068e0       0x50 xcp_mem_default.o
                0x080068e0                xcpMemReset
 .text.xcpDrvOpen
                0x08006930       0x64 xcp_drv_rtiostream.o
                0x08006930                xcpDrvOpen
 .text.xcpDrvIoctl
                0x08006994       0x4c xcp_drv_rtiostream.o
                0x08006994                xcpDrvIoctl
 .text.xcpDrvSend
                0x080069e0      0x14c xcp_drv_rtiostream.o
                0x080069e0                xcpDrvSend
 .text.xcpDrvRecv
                0x08006b2c      0x14c xcp_drv_rtiostream.o
                0x08006b2c                xcpDrvRecv
 .text.xcpDrvClose
                0x08006c78       0x5c xcp_drv_rtiostream.o
                0x08006c78                xcpDrvClose
 .text.xcpSortArray
                0x08006cd4       0xcc xcp_utils.o
                0x08006cd4                xcpSortArray
 .text.xcpSxiHtons
                0x08006da0       0x18 xcp_frame_serial.o
 .text.xcpSxiNtohs
                0x08006db8       0x1c xcp_frame_serial.o
 .text.xcpSxiChecksum
                0x08006dd4       0x3e xcp_frame_serial.o
                0x08006dd4                xcpSxiChecksum
 *fill*         0x08006e12        0x2 
 .text.xcpFrameInit
                0x08006e14       0x70 xcp_frame_serial.o
                0x08006e14                xcpFrameInit
 .text.xcpFrameMsgSend
                0x08006e84      0x188 xcp_frame_serial.o
                0x08006e84                xcpFrameMsgSend
 .text.xcpFrameMsgRecv
                0x0800700c      0x180 xcp_frame_serial.o
                0x0800700c                xcpFrameMsgRecv
 .text.xcpFrameCreateMsg
                0x0800718c       0x94 xcp_frame_serial.o
                0x0800718c                xcpFrameCreateMsg
 .text.xcpFrameExtractPacket
                0x08007220      0x158 xcp_frame_serial.o
                0x08007220                xcpFrameExtractPacket
 .text.xcpFrameHeaderSize
                0x08007378       0x10 xcp_frame_serial.o
                0x08007378                xcpFrameHeaderSize
 .text.xcpFrameTailSize
                0x08007388       0x10 xcp_frame_serial.o
                0x08007388                xcpFrameTailSize
 .text.xcpFrameMaxDtoSize
                0x08007398       0x12 xcp_frame_serial.o
                0x08007398                xcpFrameMaxDtoSize
 .text.xcpFrameMaxCtoSize
                0x080073aa       0x10 xcp_frame_serial.o
                0x080073aa                xcpFrameMaxCtoSize
 *fill*         0x080073ba        0x2 
 .text.xcpFrameRestart
                0x080073bc       0x30 xcp_frame_serial.o
                0x080073bc                xcpFrameRestart
 .text.xcpFrameSetCtoReservedMemPoolId
                0x080073ec       0x20 xcp_frame_serial.o
                0x080073ec                xcpFrameSetCtoReservedMemPoolId
 .text.xcpFrameReset
                0x0800740c       0x70 xcp_frame_serial.o
                0x0800740c                xcpFrameReset
 .text.xcpTransportGetInitParameters
                0x0800747c       0x2e xcp_ext_param_default_serial.o
                0x0800747c                xcpTransportGetInitParameters
 .text.xcpGetInitParameters
                0x080074aa       0x2e xcp_ext_param_default_serial.o
                0x080074aa                xcpGetInitParameters
 .text.HAL_Delay
                0x080074d8       0x2e overrideHALDelay.o
                0x080074d8                HAL_Delay
 *fill*         0x08007506        0x2 
 .text.PeriphCommonClock_Config
                0x08007508       0x10 platform_timer.o
                0x08007508                PeriphCommonClock_Config
 .text.getCurrentTimestampInMicros
                0x08007518       0x3c platform_timer.o
                0x08007518                getCurrentTimestampInMicros
 .text.returnTimeElapsed
                0x08007554       0x2c platform_timer.o
                0x08007554                returnTimeElapsed
 .text.timestampInit
                0x08007580       0x28 platform_timer.o
 .text.getCurrentTimestamp
                0x080075a8       0x44 platform_timer.o
                0x080075a8                getCurrentTimestamp
 .text.__NVIC_SetPriority
                0x080075ec       0x54 SysTickScheduler.o
 .text.SysTick_Config
                0x08007640       0x44 SysTickScheduler.o
 .text.SysTick_Isr
                0x08007684       0x48 SysTickScheduler.o
 .text.SysTick_Handler
                0x080076cc       0x20 SysTickScheduler.o
                0x080076cc                SysTick_Handler
 .text.ARMCM_SysTick_Config
                0x080076ec       0xb0 SysTickScheduler.o
                0x080076ec                ARMCM_SysTick_Config
 .text.PendSV_Handler
                0x0800779c       0x44 m3m4m4f_multitasking.o
                0x0800779c                PendSV_Handler
 .text.SVC_Handler
                0x080077e0       0x58 m3m4m4f_multitasking.o
                0x080077e0                SVC_Handler
 .text.rtIOStreamOpen
                0x08007838       0x44 rtiostream_serial.o
                0x08007838                rtIOStreamOpen
 .text.rtIOStreamSend
                0x0800787c       0x38 rtiostream_serial.o
                0x0800787c                rtIOStreamSend
 .text.rtIOStreamRecv
                0x080078b4       0x48 rtiostream_serial.o
                0x080078b4                rtIOStreamRecv
 .text.rtIOStreamClose
                0x080078fc       0x20 rtiostream_serial.o
                0x080078fc                rtIOStreamClose
 .text.LL_DMA_GetDataLength
                0x0800791c       0x30 stm_usart.o
 .text.getAvailableDataInBuffer
                0x0800794c       0xcc stm_usart.o
                0x0800794c                getAvailableDataInBuffer
 .text.getBytesToBeReadFromBuffer
                0x08007a18       0x6e stm_usart.o
                0x08007a18                getBytesToBeReadFromBuffer
 *fill*         0x08007a86        0x2 
 .text.readDataFromBuffer
                0x08007a88       0xdc stm_usart.o
                0x08007a88                readDataFromBuffer
 .text.__NVIC_GetPriorityGrouping
                0x08007b64       0x1c stm_lpuart.o
 .text.__NVIC_EnableIRQ
                0x08007b80       0x3c stm_lpuart.o
 .text.__NVIC_SetPriority
                0x08007bbc       0x54 stm_lpuart.o
 .text.NVIC_EncodePriority
                0x08007c10       0x66 stm_lpuart.o
 *fill*         0x08007c76        0x2 
 .text.LL_DMA_EnableChannel
                0x08007c78       0x44 stm_lpuart.o
 .text.LL_DMA_DisableChannel
                0x08007cbc       0x44 stm_lpuart.o
 .text.LL_DMA_GetMode
                0x08007d00       0x34 stm_lpuart.o
 .text.LL_DMA_SetDataLength
                0x08007d34       0x4c stm_lpuart.o
 .text.LL_DMA_ConfigAddresses
                0x08007d80       0x7c stm_lpuart.o
 .text.LL_DMA_IsActiveFlag_TC1
                0x08007dfc       0x26 stm_lpuart.o
 .text.LL_DMA_ClearFlag_TC1
                0x08007e22       0x1a stm_lpuart.o
 .text.LL_DMA_EnableIT_TC
                0x08007e3c       0x44 stm_lpuart.o
 .text.LL_DMA_DisableIT_TC
                0x08007e80       0x44 stm_lpuart.o
 .text.LL_DMA_IsEnabledIT_TC
                0x08007ec4       0x3c stm_lpuart.o
 .text.LL_LPUART_Enable
                0x08007f00       0x20 stm_lpuart.o
 .text.LL_LPUART_Disable
                0x08007f20       0x20 stm_lpuart.o
 .text.LL_LPUART_IsEnabled
                0x08007f40       0x26 stm_lpuart.o
 .text.LL_LPUART_IsActiveFlag_PE
                0x08007f66       0x26 stm_lpuart.o
 .text.LL_LPUART_IsActiveFlag_FE
                0x08007f8c       0x26 stm_lpuart.o
 .text.LL_LPUART_IsActiveFlag_NE
                0x08007fb2       0x26 stm_lpuart.o
 .text.LL_LPUART_IsActiveFlag_ORE
                0x08007fd8       0x26 stm_lpuart.o
 .text.LL_LPUART_IsActiveFlag_TC
                0x08007ffe       0x26 stm_lpuart.o
 .text.LL_LPUART_IsActiveFlag_TXE_TXFNF
                0x08008024       0x26 stm_lpuart.o
 .text.LL_LPUART_ClearFlag_PE
                0x0800804a       0x1a stm_lpuart.o
 .text.LL_LPUART_ClearFlag_FE
                0x08008064       0x1a stm_lpuart.o
 .text.LL_LPUART_ClearFlag_NE
                0x0800807e       0x1a stm_lpuart.o
 .text.LL_LPUART_ClearFlag_ORE
                0x08008098       0x1a stm_lpuart.o
 .text.LL_LPUART_EnableIT_RXNE_RXFNE
                0x080080b2       0x42 stm_lpuart.o
 .text.LL_LPUART_EnableIT_PE
                0x080080f4       0x42 stm_lpuart.o
 .text.LL_LPUART_EnableIT_ERROR
                0x08008136       0x46 stm_lpuart.o
 .text.LL_LPUART_DisableIT_RXNE_RXFNE
                0x0800817c       0x42 stm_lpuart.o
 .text.LL_LPUART_DisableIT_TXE_TXFNF
                0x080081be       0x42 stm_lpuart.o
 .text.LL_LPUART_DisableIT_PE
                0x08008200       0x42 stm_lpuart.o
 .text.LL_LPUART_DisableIT_ERROR
                0x08008242       0x46 stm_lpuart.o
 .text.LL_LPUART_EnableDMAReq_RX
                0x08008288       0x46 stm_lpuart.o
 .text.LL_LPUART_DisableDMAReq_RX
                0x080082ce       0x46 stm_lpuart.o
 .text.LL_LPUART_EnableDMAReq_TX
                0x08008314       0x46 stm_lpuart.o
 .text.LL_LPUART_DisableDMAReq_TX
                0x0800835a       0x46 stm_lpuart.o
 .text.LL_LPUART_DMA_GetRegAddr
                0x080083a0       0x2c stm_lpuart.o
 .text.LL_LPUART_ReceiveData8
                0x080083cc       0x1a stm_lpuart.o
 .text.LL_LPUART_TransmitData8
                0x080083e6       0x1e stm_lpuart.o
 .text.LPUART_RXDMAInterruptHandler
                0x08008404       0xd4 stm_lpuart.o
                0x08008404                LPUART_RXDMAInterruptHandler
 .text.LPUART_IsActiveFlagError
                0x080084d8       0xf4 stm_lpuart.o
                0x080084d8                LPUART_IsActiveFlagError
 .text.LPUART1_IRQHandler
                0x080085cc       0x14 stm_lpuart.o
                0x080085cc                LPUART1_IRQHandler
 .text.DMA1_Channel1_IRQHandler
                0x080085e0       0x20 stm_lpuart.o
                0x080085e0                DMA1_Channel1_IRQHandler
 .text.LPUART_ConfigureReceiveDMA
                0x08008600       0xae stm_lpuart.o
                0x08008600                LPUART_ConfigureReceiveDMA
 .text.LPUART_ConfigureTransmitDMA
                0x080086ae       0x7a stm_lpuart.o
                0x080086ae                LPUART_ConfigureTransmitDMA
 .text.MW_LPUART_GetReadErrorStatus
                0x08008728       0xc8 stm_lpuart.o
                0x08008728                MW_LPUART_GetReadErrorStatus
 .text.MW_LPUART_Initialize
                0x080087f0      0x170 stm_lpuart.o
                0x080087f0                MW_LPUART_Initialize
 .text.MW_LPUART_ReceiveUsingBuffer
                0x08008960       0x5c stm_lpuart.o
                0x08008960                MW_LPUART_ReceiveUsingBuffer
 .text.MW_LPUART_TransmitUsingPolling
                0x080089bc      0x184 stm_lpuart.o
                0x080089bc                MW_LPUART_TransmitUsingPolling
 .text.MW_LPUART_DeInit
                0x08008b40       0xaa stm_lpuart.o
                0x08008b40                MW_LPUART_DeInit
 .text.sys_arch_protect
                0x08008bea       0x22 sys_arch.o
                0x08008bea                sys_arch_protect
 .text.sys_arch_unprotect
                0x08008c0c       0x20 sys_arch.o
                0x08008c0c                sys_arch_unprotect
 .text.__NVIC_GetPriorityGrouping
                0x08008c2c       0x1c main.o
 .text.__NVIC_EnableIRQ
                0x08008c48       0x3c main.o
 .text.__NVIC_SetPriority
                0x08008c84       0x54 main.o
 .text.NVIC_EncodePriority
                0x08008cd8       0x66 main.o
 *fill*         0x08008d3e        0x2 
 .text.LL_DMA_SetDataTransferDirection
                0x08008d40       0x50 main.o
 .text.LL_DMA_SetMode
                0x08008d90       0x4c main.o
 .text.LL_DMA_SetPeriphIncMode
                0x08008ddc       0x4c main.o
 .text.LL_DMA_SetMemoryIncMode
                0x08008e28       0x4c main.o
 .text.LL_DMA_SetPeriphSize
                0x08008e74       0x4c main.o
 .text.LL_DMA_SetMemorySize
                0x08008ec0       0x4c main.o
 .text.LL_DMA_SetChannelPriorityLevel
                0x08008f0c       0x4c main.o
 .text.LL_DMA_SetPeriphRequest
                0x08008f58       0x54 main.o
 .text.LL_LPUART_Enable
                0x08008fac       0x20 main.o
 .text.LL_LPUART_DisableFIFO
                0x08008fcc       0x20 main.o
 .text.LL_LPUART_SetTXFIFOThreshold
                0x08008fec       0x4e main.o
 .text.LL_LPUART_SetRXFIFOThreshold
                0x0800903a       0x4e main.o
 .text.LL_LPUART_IsActiveFlag_TEACK
                0x08009088       0x28 main.o
 .text.LL_LPUART_IsActiveFlag_REACK
                0x080090b0       0x28 main.o
 .text.LL_RCC_HSI_Enable
                0x080090d8       0x20 main.o
 .text.LL_RCC_HSI_IsReady
                0x080090f8       0x28 main.o
 .text.LL_RCC_HSI_SetCalibTrimming
                0x08009120       0x2c main.o
 .text.LL_RCC_SetSysClkSource
                0x0800914c       0x28 main.o
 .text.LL_RCC_GetSysClkSource
                0x08009174       0x1c main.o
 .text.LL_RCC_SetAHBPrescaler
                0x08009190       0x28 main.o
 .text.LL_RCC_SetAPB1Prescaler
                0x080091b8       0x28 main.o
 .text.LL_RCC_SetAPB2Prescaler
                0x080091e0       0x28 main.o
 .text.LL_RCC_SetLPUARTClockSource
                0x08009208       0x2c main.o
 .text.LL_RCC_PLL_Enable
                0x08009234       0x20 main.o
 .text.LL_RCC_PLL_IsReady
                0x08009254       0x28 main.o
 .text.LL_RCC_PLL_ConfigDomain_SYS
                0x0800927c       0x40 main.o
 .text.LL_RCC_PLL_EnableDomain_SYS
                0x080092bc       0x20 main.o
 .text.LL_AHB1_GRP1_EnableClock
                0x080092dc       0x30 main.o
 .text.LL_AHB2_GRP1_EnableClock
                0x0800930c       0x30 main.o
 .text.LL_APB1_GRP1_EnableClock
                0x0800933c       0x30 main.o
 .text.LL_APB1_GRP2_EnableClock
                0x0800936c       0x30 main.o
 .text.LL_APB2_GRP1_EnableClock
                0x0800939c       0x30 main.o
 .text.LL_SYSCFG_SetEXTISource
                0x080093cc       0x70 main.o
 .text.LL_FLASH_SetLatency
                0x0800943c       0x28 main.o
 .text.LL_FLASH_GetLatency
                0x08009464       0x1c main.o
 .text.LL_PWR_EnableRange1BoostMode
                0x08009480       0x24 main.o
 .text.LL_TIM_DisableARRPreload
                0x080094a4       0x20 main.o
 .text.LL_TIM_IC_SetActiveInput
                0x080094c4       0xc0 main.o
 .text.LL_TIM_IC_SetPrescaler
                0x08009584       0xc0 main.o
 .text.LL_TIM_IC_SetFilter
                0x08009644       0xc0 main.o
 .text.LL_TIM_IC_SetPolarity
                0x08009704       0xac main.o
 .text.LL_TIM_SetEncoderMode
                0x080097b0       0x2a main.o
 .text.LL_TIM_SetTriggerOutput
                0x080097da       0x2a main.o
 .text.LL_TIM_SetTriggerOutput2
                0x08009804       0x26 main.o
 .text.LL_TIM_DisableMasterSlaveMode
                0x0800982a       0x20 main.o
 .text.LL_GPIO_SetPinMode
                0x0800984a       0x7a main.o
 .text.LL_GPIO_SetPinPull
                0x080098c4       0x7a main.o
 .text.LL_GPIO_ResetOutputPin
                0x0800993e       0x1c main.o
 *fill*         0x0800995a        0x2 
 .text.SystemClock_Config
                0x0800995c       0xb0 main.o
                0x0800995c                SystemClock_Config
 .text.MX_LPUART1_UART_Init
                0x08009a0c      0x148 main.o
                0x08009a0c                MX_LPUART1_UART_Init
 .text.MX_TIM3_Init
                0x08009b54      0x114 main.o
                0x08009b54                MX_TIM3_Init
 .text.MX_TIM4_Init
                0x08009c68      0x118 main.o
                0x08009c68                MX_TIM4_Init
 .text.MX_TIM8_Init
                0x08009d80      0x128 main.o
                0x08009d80                MX_TIM8_Init
 .text.MX_DMA_Init
                0x08009ea8       0x34 main.o
                0x08009ea8                MX_DMA_Init
 .text.MX_GPIO_Init
                0x08009edc      0x10c main.o
                0x08009edc                MX_GPIO_Init
 .text.HAL_TIM_PeriodElapsedCallback
                0x08009fe8       0x1e main.o
                0x08009fe8                HAL_TIM_PeriodElapsedCallback
 .text.Error_Handler
                0x0800a006        0xc main.o
                0x0800a006                Error_Handler
 *fill*         0x0800a012        0x2 
 .text.LL_EXTI_IsActiveFlag_0_31
                0x0800a014       0x2c stm32g4xx_it.o
 .text.LL_EXTI_ClearFlag_0_31
                0x0800a040       0x20 stm32g4xx_it.o
 .text.NMI_Handler
                0x0800a060        0x8 stm32g4xx_it.o
                0x0800a060                NMI_Handler
 .text.HardFault_Handler
                0x0800a068        0x8 stm32g4xx_it.o
                0x0800a068                HardFault_Handler
 .text.MemManage_Handler
                0x0800a070        0x8 stm32g4xx_it.o
                0x0800a070                MemManage_Handler
 .text.BusFault_Handler
                0x0800a078        0x8 stm32g4xx_it.o
                0x0800a078                BusFault_Handler
 .text.UsageFault_Handler
                0x0800a080        0x8 stm32g4xx_it.o
                0x0800a080                UsageFault_Handler
 .text.DebugMon_Handler
                0x0800a088        0xe stm32g4xx_it.o
                0x0800a088                DebugMon_Handler
 *fill*         0x0800a096        0x2 
 .text.TIM2_IRQHandler
                0x0800a098       0x14 stm32g4xx_it.o
                0x0800a098                TIM2_IRQHandler
 .text.EXTI15_10_IRQHandler
                0x0800a0ac       0x1e stm32g4xx_it.o
                0x0800a0ac                EXTI15_10_IRQHandler
 *fill*         0x0800a0ca        0x2 
 .text.HAL_MspInit
                0x0800a0cc       0x48 stm32g4xx_hal_msp.o
                0x0800a0cc                HAL_MspInit
 .text.HAL_InitTick
                0x0800a114       0xd8 stm32g4xx_hal_timebase_tim.o
                0x0800a114                HAL_InitTick
 .text.LL_SetSystemCoreClock
                0x0800a1ec       0x20 stm32g4xx_ll_utils.o
                0x0800a1ec                LL_SetSystemCoreClock
 .text.LL_EXTI_EnableIT_0_31
                0x0800a20c       0x24 stm32g4xx_ll_exti.o
 .text.LL_EXTI_EnableIT_32_63
                0x0800a230       0x24 stm32g4xx_ll_exti.o
 .text.LL_EXTI_DisableIT_0_31
                0x0800a254       0x28 stm32g4xx_ll_exti.o
 .text.LL_EXTI_DisableIT_32_63
                0x0800a27c       0x28 stm32g4xx_ll_exti.o
 .text.LL_EXTI_EnableEvent_0_31
                0x0800a2a4       0x24 stm32g4xx_ll_exti.o
 .text.LL_EXTI_EnableEvent_32_63
                0x0800a2c8       0x24 stm32g4xx_ll_exti.o
 .text.LL_EXTI_DisableEvent_0_31
                0x0800a2ec       0x28 stm32g4xx_ll_exti.o
 .text.LL_EXTI_DisableEvent_32_63
                0x0800a314       0x28 stm32g4xx_ll_exti.o
 .text.LL_EXTI_EnableRisingTrig_0_31
                0x0800a33c       0x24 stm32g4xx_ll_exti.o
 .text.LL_EXTI_EnableRisingTrig_32_63
                0x0800a360       0x24 stm32g4xx_ll_exti.o
 .text.LL_EXTI_DisableRisingTrig_0_31
                0x0800a384       0x28 stm32g4xx_ll_exti.o
 .text.LL_EXTI_DisableRisingTrig_32_63
                0x0800a3ac       0x28 stm32g4xx_ll_exti.o
 .text.LL_EXTI_EnableFallingTrig_0_31
                0x0800a3d4       0x24 stm32g4xx_ll_exti.o
 .text.LL_EXTI_EnableFallingTrig_32_63
                0x0800a3f8       0x24 stm32g4xx_ll_exti.o
 .text.LL_EXTI_DisableFallingTrig_0_31
                0x0800a41c       0x28 stm32g4xx_ll_exti.o
 .text.LL_EXTI_DisableFallingTrig_32_63
                0x0800a444       0x28 stm32g4xx_ll_exti.o
 .text.LL_EXTI_Init
                0x0800a46c      0x1ec stm32g4xx_ll_exti.o
                0x0800a46c                LL_EXTI_Init
 .text.LL_GPIO_SetPinMode
                0x0800a658       0x7a stm32g4xx_ll_gpio.o
 .text.LL_GPIO_SetPinOutputType
                0x0800a6d2       0x30 stm32g4xx_ll_gpio.o
 .text.LL_GPIO_SetPinSpeed
                0x0800a702       0x7a stm32g4xx_ll_gpio.o
 .text.LL_GPIO_SetPinPull
                0x0800a77c       0x7a stm32g4xx_ll_gpio.o
 .text.LL_GPIO_SetAFPin_0_7
                0x0800a7f6       0x7a stm32g4xx_ll_gpio.o
 .text.LL_GPIO_SetAFPin_8_15
                0x0800a870       0x7e stm32g4xx_ll_gpio.o
 .text.LL_GPIO_Init
                0x0800a8ee       0xdc stm32g4xx_ll_gpio.o
                0x0800a8ee                LL_GPIO_Init
 .text.LL_LPUART_IsEnabled
                0x0800a9ca       0x26 stm32g4xx_ll_lpuart.o
 .text.LL_LPUART_SetPrescaler
                0x0800a9f0       0x28 stm32g4xx_ll_lpuart.o
 .text.LL_LPUART_SetStopBitsLength
                0x0800aa18       0x26 stm32g4xx_ll_lpuart.o
 .text.LL_LPUART_SetHWFlowCtrl
                0x0800aa3e       0x26 stm32g4xx_ll_lpuart.o
 .text.LL_LPUART_SetBaudRate
                0x0800aa64       0x98 stm32g4xx_ll_lpuart.o
 .text.LL_LPUART_Init
                0x0800aafc       0x98 stm32g4xx_ll_lpuart.o
                0x0800aafc                LL_LPUART_Init
 .text.LL_RCC_HSI_IsReady
                0x0800ab94       0x28 stm32g4xx_ll_rcc.o
 .text.LL_RCC_LSE_IsReady
                0x0800abbc       0x28 stm32g4xx_ll_rcc.o
 .text.LL_RCC_GetSysClkSource
                0x0800abe4       0x1c stm32g4xx_ll_rcc.o
 .text.LL_RCC_GetAHBPrescaler
                0x0800ac00       0x1c stm32g4xx_ll_rcc.o
 .text.LL_RCC_GetAPB1Prescaler
                0x0800ac1c       0x1c stm32g4xx_ll_rcc.o
 .text.LL_RCC_GetLPUARTClockSource
                0x0800ac38       0x24 stm32g4xx_ll_rcc.o
 .text.LL_RCC_PLL_GetMainSource
                0x0800ac5c       0x1c stm32g4xx_ll_rcc.o
 .text.LL_RCC_PLL_GetN
                0x0800ac78       0x1c stm32g4xx_ll_rcc.o
 .text.LL_RCC_PLL_GetR
                0x0800ac94       0x1c stm32g4xx_ll_rcc.o
 .text.LL_RCC_PLL_GetDivider
                0x0800acb0       0x1c stm32g4xx_ll_rcc.o
 .text.LL_RCC_GetLPUARTClockFreq
                0x0800accc       0x84 stm32g4xx_ll_rcc.o
                0x0800accc                LL_RCC_GetLPUARTClockFreq
 .text.RCC_GetSystemClockFreq
                0x0800ad50       0x4c stm32g4xx_ll_rcc.o
 .text.RCC_GetHCLKClockFreq
                0x0800ad9c       0x30 stm32g4xx_ll_rcc.o
 .text.RCC_GetPCLK1ClockFreq
                0x0800adcc       0x2c stm32g4xx_ll_rcc.o
 .text.RCC_PLL_GetFreqDomain_SYS
                0x0800adf8       0x68 stm32g4xx_ll_rcc.o
 .text.HAL_Init
                0x0800ae60       0x30 stm32g4xx_hal.o
                0x0800ae60                HAL_Init
 .text.HAL_IncTick
                0x0800ae90       0x24 stm32g4xx_hal.o
                0x0800ae90                HAL_IncTick
 .text.HAL_GetTick
                0x0800aeb4       0x18 stm32g4xx_hal.o
                0x0800aeb4                HAL_GetTick
 .text.HAL_RCC_GetHCLKFreq
                0x0800aecc       0x18 stm32g4xx_hal_rcc.o
                0x0800aecc                HAL_RCC_GetHCLKFreq
 .text.HAL_RCC_GetPCLK1Freq
                0x0800aee4       0x2c stm32g4xx_hal_rcc.o
                0x0800aee4                HAL_RCC_GetPCLK1Freq
 .text.HAL_RCC_GetClockConfig
                0x0800af10       0x64 stm32g4xx_hal_rcc.o
                0x0800af10                HAL_RCC_GetClockConfig
 .text.HAL_PWREx_DisableUCPDDeadBattery
                0x0800af74       0x20 stm32g4xx_hal_pwr_ex.o
                0x0800af74                HAL_PWREx_DisableUCPDDeadBattery
 .text.__NVIC_SetPriorityGrouping
                0x0800af94       0x48 stm32g4xx_hal_cortex.o
 .text.__NVIC_GetPriorityGrouping
                0x0800afdc       0x1c stm32g4xx_hal_cortex.o
 .text.__NVIC_EnableIRQ
                0x0800aff8       0x3c stm32g4xx_hal_cortex.o
 .text.__NVIC_SetPriority
                0x0800b034       0x54 stm32g4xx_hal_cortex.o
 .text.NVIC_EncodePriority
                0x0800b088       0x66 stm32g4xx_hal_cortex.o
 .text.HAL_NVIC_SetPriorityGrouping
                0x0800b0ee       0x16 stm32g4xx_hal_cortex.o
                0x0800b0ee                HAL_NVIC_SetPriorityGrouping
 .text.HAL_NVIC_SetPriority
                0x0800b104       0x34 stm32g4xx_hal_cortex.o
                0x0800b104                HAL_NVIC_SetPriority
 .text.HAL_NVIC_EnableIRQ
                0x0800b138       0x1c stm32g4xx_hal_cortex.o
                0x0800b138                HAL_NVIC_EnableIRQ
 .text.HAL_TIM_Base_Init
                0x0800b154       0xae stm32g4xx_hal_tim.o
                0x0800b154                HAL_TIM_Base_Init
 .text.HAL_TIM_Base_MspInit
                0x0800b202       0x14 stm32g4xx_hal_tim.o
                0x0800b202                HAL_TIM_Base_MspInit
 *fill*         0x0800b216        0x2 
 .text.HAL_TIM_Base_Start_IT
                0x0800b218       0xf0 stm32g4xx_hal_tim.o
                0x0800b218                HAL_TIM_Base_Start_IT
 .text.HAL_TIM_IRQHandler
                0x0800b308      0x2fe stm32g4xx_hal_tim.o
                0x0800b308                HAL_TIM_IRQHandler
 .text.HAL_TIM_OC_DelayElapsedCallback
                0x0800b606       0x14 stm32g4xx_hal_tim.o
                0x0800b606                HAL_TIM_OC_DelayElapsedCallback
 .text.HAL_TIM_IC_CaptureCallback
                0x0800b61a       0x14 stm32g4xx_hal_tim.o
                0x0800b61a                HAL_TIM_IC_CaptureCallback
 .text.HAL_TIM_PWM_PulseFinishedCallback
                0x0800b62e       0x14 stm32g4xx_hal_tim.o
                0x0800b62e                HAL_TIM_PWM_PulseFinishedCallback
 .text.HAL_TIM_TriggerCallback
                0x0800b642       0x14 stm32g4xx_hal_tim.o
                0x0800b642                HAL_TIM_TriggerCallback
 *fill*         0x0800b656        0x2 
 .text.TIM_Base_SetConfig
                0x0800b658      0x150 stm32g4xx_hal_tim.o
                0x0800b658                TIM_Base_SetConfig
 .text.HAL_TIMEx_CommutCallback
                0x0800b7a8       0x14 stm32g4xx_hal_tim_ex.o
                0x0800b7a8                HAL_TIMEx_CommutCallback
 .text.HAL_TIMEx_BreakCallback
                0x0800b7bc       0x14 stm32g4xx_hal_tim_ex.o
                0x0800b7bc                HAL_TIMEx_BreakCallback
 .text.HAL_TIMEx_Break2Callback
                0x0800b7d0       0x14 stm32g4xx_hal_tim_ex.o
                0x0800b7d0                HAL_TIMEx_Break2Callback
 .text.HAL_TIMEx_EncoderIndexCallback
                0x0800b7e4       0x14 stm32g4xx_hal_tim_ex.o
                0x0800b7e4                HAL_TIMEx_EncoderIndexCallback
 .text.HAL_TIMEx_DirectionChangeCallback
                0x0800b7f8       0x14 stm32g4xx_hal_tim_ex.o
                0x0800b7f8                HAL_TIMEx_DirectionChangeCallback
 .text.HAL_TIMEx_IndexErrorCallback
                0x0800b80c       0x14 stm32g4xx_hal_tim_ex.o
                0x0800b80c                HAL_TIMEx_IndexErrorCallback
 .text.HAL_TIMEx_TransitionErrorCallback
                0x0800b820       0x14 stm32g4xx_hal_tim_ex.o
                0x0800b820                HAL_TIMEx_TransitionErrorCallback
 .text.LL_TIM_SetPrescaler
                0x0800b834       0x1c stm32g4xx_ll_tim.o
 .text.LL_TIM_SetAutoReload
                0x0800b850       0x1c stm32g4xx_ll_tim.o
 .text.LL_TIM_SetRepetitionCounter
                0x0800b86c       0x1c stm32g4xx_ll_tim.o
 .text.LL_TIM_GenerateEvent_UPDATE
                0x0800b888       0x20 stm32g4xx_ll_tim.o
 .text.LL_TIM_Init
                0x0800b8a8      0x144 stm32g4xx_ll_tim.o
                0x0800b8a8                LL_TIM_Init
 .text.SystemInit
                0x0800b9ec       0x24 system_stm32g4xx.o
                0x0800b9ec                SystemInit
 .text.Reset_Handler
                0x0800ba10       0x50 startup_stm32g474retx.o
                0x0800ba10                Reset_Handler
 .text.Default_Handler
                0x0800ba60        0x2 startup_stm32g474retx.o
                0x0800ba60                RTC_Alarm_IRQHandler
                0x0800ba60                EXTI2_IRQHandler
                0x0800ba60                TIM8_TRG_COM_IRQHandler
                0x0800ba60                TIM8_CC_IRQHandler
                0x0800ba60                HRTIM1_Master_IRQHandler
                0x0800ba60                SPI4_IRQHandler
                0x0800ba60                FDCAN3_IT0_IRQHandler
                0x0800ba60                TIM1_CC_IRQHandler
                0x0800ba60                HRTIM1_FLT_IRQHandler
                0x0800ba60                HRTIM1_TIMF_IRQHandler
                0x0800ba60                USB_HP_IRQHandler
                0x0800ba60                CORDIC_IRQHandler
                0x0800ba60                HRTIM1_TIMD_IRQHandler
                0x0800ba60                DMA2_Channel8_IRQHandler
                0x0800ba60                EXTI3_IRQHandler
                0x0800ba60                I2C3_ER_IRQHandler
                0x0800ba60                EXTI0_IRQHandler
                0x0800ba60                I2C2_EV_IRQHandler
                0x0800ba60                FPU_IRQHandler
                0x0800ba60                FDCAN1_IT1_IRQHandler
                0x0800ba60                TIM1_UP_TIM16_IRQHandler
                0x0800ba60                ADC1_2_IRQHandler
                0x0800ba60                HRTIM1_TIME_IRQHandler
                0x0800ba60                SPI1_IRQHandler
                0x0800ba60                TIM6_DAC_IRQHandler
                0x0800ba60                HRTIM1_TIMC_IRQHandler
                0x0800ba60                TIM8_UP_IRQHandler
                0x0800ba60                DMA2_Channel2_IRQHandler
                0x0800ba60                DMA1_Channel4_IRQHandler
                0x0800ba60                TIM20_TRG_COM_IRQHandler
                0x0800ba60                USART3_IRQHandler
                0x0800ba60                DMA1_Channel7_IRQHandler
                0x0800ba60                UART5_IRQHandler
                0x0800ba60                ADC3_IRQHandler
                0x0800ba60                TIM4_IRQHandler
                0x0800ba60                DMA2_Channel1_IRQHandler
                0x0800ba60                QUADSPI_IRQHandler
                0x0800ba60                I2C1_EV_IRQHandler
                0x0800ba60                DMA1_Channel6_IRQHandler
                0x0800ba60                UART4_IRQHandler
                0x0800ba60                DMA2_Channel4_IRQHandler
                0x0800ba60                TIM3_IRQHandler
                0x0800ba60                RCC_IRQHandler
                0x0800ba60                TIM20_UP_IRQHandler
                0x0800ba60                Default_Handler
                0x0800ba60                DMA2_Channel7_IRQHandler
                0x0800ba60                RTC_TAMP_LSECSS_IRQHandler
                0x0800ba60                FMAC_IRQHandler
                0x0800ba60                DMA1_Channel8_IRQHandler
                0x0800ba60                HRTIM1_TIMA_IRQHandler
                0x0800ba60                TIM7_DAC_IRQHandler
                0x0800ba60                FDCAN3_IT1_IRQHandler
                0x0800ba60                TIM5_IRQHandler
                0x0800ba60                UCPD1_IRQHandler
                0x0800ba60                I2C3_EV_IRQHandler
                0x0800ba60                EXTI9_5_IRQHandler
                0x0800ba60                RTC_WKUP_IRQHandler
                0x0800ba60                PVD_PVM_IRQHandler
                0x0800ba60                SPI2_IRQHandler
                0x0800ba60                ADC5_IRQHandler
                0x0800ba60                DMA2_Channel5_IRQHandler
                0x0800ba60                CRS_IRQHandler
                0x0800ba60                DMA1_Channel5_IRQHandler
                0x0800ba60                USB_LP_IRQHandler
                0x0800ba60                EXTI4_IRQHandler
                0x0800ba60                RNG_IRQHandler
                0x0800ba60                HRTIM1_TIMB_IRQHandler
                0x0800ba60                TIM1_TRG_COM_TIM17_IRQHandler
                0x0800ba60                FDCAN2_IT1_IRQHandler
                0x0800ba60                DMA1_Channel3_IRQHandler
                0x0800ba60                ADC4_IRQHandler
                0x0800ba60                WWDG_IRQHandler
                0x0800ba60                I2C4_EV_IRQHandler
                0x0800ba60                FDCAN2_IT0_IRQHandler
                0x0800ba60                DMA2_Channel6_IRQHandler
                0x0800ba60                FDCAN1_IT0_IRQHandler
                0x0800ba60                COMP7_IRQHandler
                0x0800ba60                COMP1_2_3_IRQHandler
                0x0800ba60                EXTI1_IRQHandler
                0x0800ba60                USART2_IRQHandler
                0x0800ba60                COMP4_5_6_IRQHandler
                0x0800ba60                TIM20_BRK_IRQHandler
                0x0800ba60                I2C2_ER_IRQHandler
                0x0800ba60                DMA1_Channel2_IRQHandler
                0x0800ba60                TIM8_BRK_IRQHandler
                0x0800ba60                FLASH_IRQHandler
                0x0800ba60                TIM20_CC_IRQHandler
                0x0800ba60                USART1_IRQHandler
                0x0800ba60                SPI3_IRQHandler
                0x0800ba60                I2C1_ER_IRQHandler
                0x0800ba60                FMC_IRQHandler
                0x0800ba60                LPTIM1_IRQHandler
                0x0800ba60                DMAMUX_OVR_IRQHandler
                0x0800ba60                I2C4_ER_IRQHandler
                0x0800ba60                USBWakeUp_IRQHandler
                0x0800ba60                SAI1_IRQHandler
                0x0800ba60                DMA2_Channel3_IRQHandler
                0x0800ba60                TIM1_BRK_TIM15_IRQHandler
 *fill*         0x0800ba62        0x2 
 .text.fmod     0x0800ba64       0x6c C:/ProgramData/MATLAB/SupportPackages/R2024b/3P.instrset/gnuarm-armcortex.instrset/win/bin/../lib/gcc/arm-none-eabi/13.2.1/thumb/v7e-m+fp/hard\libm.a(libm_a-w_fmod.o)
                0x0800ba64                fmod
 .text.__ieee754_fmod
                0x0800bad0      0x30c C:/ProgramData/MATLAB/SupportPackages/R2024b/3P.instrset/gnuarm-armcortex.instrset/win/bin/../lib/gcc/arm-none-eabi/13.2.1/thumb/v7e-m+fp/hard\libm.a(libm_a-e_fmod.o)
                0x0800bad0                __ieee754_fmod
 .text.__udivmoddi4
                0x0800bddc      0x2bc C:/ProgramData/MATLAB/SupportPackages/R2024b/3P.instrset/gnuarm-armcortex.instrset/win/bin/../lib/gcc/arm-none-eabi/13.2.1/thumb/v7e-m+fp/hard\libgcc.a(_udivmoddi4.o)
                0x0800bddc                __udivmoddi4
 .text.memset   0x0800c098       0x10 C:/ProgramData/MATLAB/SupportPackages/R2024b/3P.instrset/gnuarm-armcortex.instrset/win/bin/../lib/gcc/arm-none-eabi/13.2.1/thumb/v7e-m+fp/hard\libg_nano.a(libc_a-memset.o)
                0x0800c098                memset
 .text.__errno  0x0800c0a8        0xc C:/ProgramData/MATLAB/SupportPackages/R2024b/3P.instrset/gnuarm-armcortex.instrset/win/bin/../lib/gcc/arm-none-eabi/13.2.1/thumb/v7e-m+fp/hard\libg_nano.a(libc_a-errno.o)
                0x0800c0a8                __errno
 .text.__libc_init_array
                0x0800c0b4       0x48 C:/ProgramData/MATLAB/SupportPackages/R2024b/3P.instrset/gnuarm-armcortex.instrset/win/bin/../lib/gcc/arm-none-eabi/13.2.1/thumb/v7e-m+fp/hard\libg_nano.a(libc_a-init.o)
                0x0800c0b4                __libc_init_array
 .text.memcpy   0x0800c0fc       0x1c C:/ProgramData/MATLAB/SupportPackages/R2024b/3P.instrset/gnuarm-armcortex.instrset/win/bin/../lib/gcc/arm-none-eabi/13.2.1/thumb/v7e-m+fp/hard\libg_nano.a(libc_a-memcpy-stub.o)
                0x0800c0fc                memcpy
 *(.glue_7)
 .glue_7        0x0800c118        0x0 linker stubs
 *(.glue_7t)
 .glue_7t       0x0800c118        0x0 linker stubs
 *(.eh_frame)
 .eh_frame      0x0800c118        0x0 C:/ProgramData/MATLAB/SupportPackages/R2024b/3P.instrset/gnuarm-armcortex.instrset/win/bin/../lib/gcc/arm-none-eabi/13.2.1/thumb/v7e-m+fp/hard/crtbegin.o
 *(.init)
 .init          0x0800c118        0x4 C:/ProgramData/MATLAB/SupportPackages/R2024b/3P.instrset/gnuarm-armcortex.instrset/win/bin/../lib/gcc/arm-none-eabi/13.2.1/thumb/v7e-m+fp/hard/crti.o
                0x0800c118                _init
 .init          0x0800c11c        0x8 C:/ProgramData/MATLAB/SupportPackages/R2024b/3P.instrset/gnuarm-armcortex.instrset/win/bin/../lib/gcc/arm-none-eabi/13.2.1/thumb/v7e-m+fp/hard/crtn.o
 *(.fini)
 .fini          0x0800c124        0x4 C:/ProgramData/MATLAB/SupportPackages/R2024b/3P.instrset/gnuarm-armcortex.instrset/win/bin/../lib/gcc/arm-none-eabi/13.2.1/thumb/v7e-m+fp/hard/crti.o
                0x0800c124                _fini
 .fini          0x0800c128        0x8 C:/ProgramData/MATLAB/SupportPackages/R2024b/3P.instrset/gnuarm-armcortex.instrset/win/bin/../lib/gcc/arm-none-eabi/13.2.1/thumb/v7e-m+fp/hard/crtn.o
                0x0800c130                        . = ALIGN (0x4)
                0x0800c130                        _etext = .

.vfp11_veneer   0x0800c130        0x0
 .vfp11_veneer  0x0800c130        0x0 linker stubs

.v4_bx          0x0800c130        0x0
 .v4_bx         0x0800c130        0x0 linker stubs

.iplt           0x0800c130        0x0
 .iplt          0x0800c130        0x0 C:/ProgramData/MATLAB/SupportPackages/R2024b/3P.instrset/gnuarm-armcortex.instrset/win/bin/../lib/gcc/arm-none-eabi/13.2.1/thumb/v7e-m+fp/hard/crtbegin.o

.rodata         0x0800c130     0x2a18
                0x0800c130                        . = ALIGN (0x4)
 *(.rodata)
 .rodata        0x0800c130      0x2b9 xcp_ext_mode.o
 *fill*         0x0800c3e9        0x3 
 .rodata        0x0800c3ec      0x12e xcp_ext_common.o
 *fill*         0x0800c51a        0x2 
 .rodata        0x0800c51c       0x4c xcp_ext_classic_trigger.o
 .rodata        0x0800c568      0x278 xcp.o
 .rodata        0x0800c7e0      0x3a9 xcp_standard.o
 *fill*         0x0800cb89        0x3 
 .rodata        0x0800cb8c     0x1010 xcp_daq.o
 .rodata        0x0800db9c       0xdd xcp_calibration.o
 *fill*         0x0800dc79        0x3 
 .rodata        0x0800dc7c      0x56e xcp_transport.o
 *fill*         0x0800e1ea        0x2 
 .rodata        0x0800e1ec       0xf5 xcp_mem_default.o
 *fill*         0x0800e2e1        0x3 
 .rodata        0x0800e2e4      0x228 xcp_drv_rtiostream.o
 .rodata        0x0800e50c      0x4aa xcp_frame_serial.o
 *(.rodata*)
 *fill*         0x0800e9b6        0x2 
 .rodata.QEI_Pulling_M
                0x0800e9b8        0x4 QEI_Pulling.o
                0x0800e9b8                QEI_Pulling_M
 .rodata.rtAlwaysEnabled.0
                0x0800e9bc        0x1 QEI_Pulling.o
 *fill*         0x0800e9bd        0x3 
 .rodata.standardSupportedRxPacket
                0x0800e9c0       0x54 xcp_standard.o
 .rodata.daqSupportedRxPacket
                0x0800ea14       0x9c xcp_daq.o
 .rodata.calibrationSupportedRxPacket
                0x0800eab0       0x18 xcp_calibration.o
 .rodata.CHANNEL_OFFSET_TAB
                0x0800eac8        0x8 stm_usart.o
 .rodata.CHANNEL_OFFSET_TAB
                0x0800ead0        0x8 stm_lpuart.o
 .rodata.CHANNEL_OFFSET_TAB
                0x0800ead8        0x8 main.o
 .rodata.OFFSET_TAB_CCMRx
                0x0800eae0        0xa main.o
 *fill*         0x0800eaea        0x2 
 .rodata.SHIFT_TAB_ICxx
                0x0800eaec        0xa main.o
 *fill*         0x0800eaf6        0x2 
 .rodata.SHIFT_TAB_CCxP
                0x0800eaf8        0xa main.o
 *fill*         0x0800eb02        0x2 
 .rodata.LPUART_PRESCALER_TAB
                0x0800eb04       0x18 stm32g4xx_ll_lpuart.o
 .rodata.AHBPrescTable
                0x0800eb1c       0x10 system_stm32g4xx.o
                0x0800eb1c                AHBPrescTable
 .rodata.APBPrescTable
                0x0800eb2c        0x8 system_stm32g4xx.o
                0x0800eb2c                APBPrescTable
 *fill*         0x0800eb34        0x4 
 .rodata.Zero   0x0800eb38       0x10 C:/ProgramData/MATLAB/SupportPackages/R2024b/3P.instrset/gnuarm-armcortex.instrset/win/bin/../lib/gcc/arm-none-eabi/13.2.1/thumb/v7e-m+fp/hard\libm.a(libm_a-e_fmod.o)
                0x0800eb48                        . = ALIGN (0x4)

.ARM.extab      0x0800eb48        0x0
                0x0800eb48                        . = ALIGN (0x4)
 *(.ARM.extab* .gnu.linkonce.armextab.*)
                0x0800eb48                        . = ALIGN (0x4)

.ARM            0x0800eb48        0x8
                0x0800eb48                        . = ALIGN (0x4)
                0x0800eb48                        __exidx_start = .
 *(.ARM.exidx*)
 .ARM.exidx.text.__udivmoddi4
                0x0800eb48        0x8 C:/ProgramData/MATLAB/SupportPackages/R2024b/3P.instrset/gnuarm-armcortex.instrset/win/bin/../lib/gcc/arm-none-eabi/13.2.1/thumb/v7e-m+fp/hard\libgcc.a(_udivmoddi4.o)
                0x0800eb50                        __exidx_end = .
                0x0800eb50                        . = ALIGN (0x4)

.preinit_array  0x0800eb50        0x0
                0x0800eb50                        . = ALIGN (0x4)
                0x0800eb50                        PROVIDE (__preinit_array_start = .)
 *(.preinit_array*)
                0x0800eb50                        PROVIDE (__preinit_array_end = .)
                0x0800eb50                        . = ALIGN (0x4)

.init_array     0x0800eb50        0x4
                0x0800eb50                        . = ALIGN (0x4)
                0x0800eb50                        PROVIDE (__init_array_start = .)
 *(SORT_BY_NAME(.init_array.*))
 *(.init_array*)
 .init_array    0x0800eb50        0x4 C:/ProgramData/MATLAB/SupportPackages/R2024b/3P.instrset/gnuarm-armcortex.instrset/win/bin/../lib/gcc/arm-none-eabi/13.2.1/thumb/v7e-m+fp/hard/crtbegin.o
                0x0800eb54                        PROVIDE (__init_array_end = .)
                0x0800eb54                        . = ALIGN (0x4)

.fini_array     0x0800eb54        0x4
                0x0800eb54                        . = ALIGN (0x4)
                [!provide]                        PROVIDE (__fini_array_start = .)
 *(SORT_BY_NAME(.fini_array.*))
 *(.fini_array*)
 .fini_array    0x0800eb54        0x4 C:/ProgramData/MATLAB/SupportPackages/R2024b/3P.instrset/gnuarm-armcortex.instrset/win/bin/../lib/gcc/arm-none-eabi/13.2.1/thumb/v7e-m+fp/hard/crtbegin.o
                [!provide]                        PROVIDE (__fini_array_end = .)
                0x0800eb58                        . = ALIGN (0x4)
                0x0800eb58                        _sidata = LOADADDR (.data)

.rel.dyn        0x0800eb58        0x0
 .rel.iplt      0x0800eb58        0x0 C:/ProgramData/MATLAB/SupportPackages/R2024b/3P.instrset/gnuarm-armcortex.instrset/win/bin/../lib/gcc/arm-none-eabi/13.2.1/thumb/v7e-m+fp/hard/crtbegin.o

.data           0x20000000       0xe4 load address 0x0800eb58
                0x20000000                        . = ALIGN (0x4)
                0x20000000                        _sdata = .
 *(.data)
 *(.data*)
 .data.xcpExtmodeFinalSimulationTime
                0x20000000        0x8 xcp_ext_common.o
                0x20000000                xcpExtmodeFinalSimulationTime
 .data.xcpClassicTriggerDuration
                0x20000008        0x4 xcp_ext_classic_trigger.o
                0x20000008                xcpClassicTriggerDuration
 .data.xcpClassicTriggerArmRequest
                0x2000000c        0x1 xcp_ext_classic_trigger.o
                0x2000000c                xcpClassicTriggerArmRequest
 *fill*         0x2000000d        0x3 
 .data.startStopDaqListId
                0x20000010        0x4 xcp_daq.o
 .data.xcpCurrentDaq
                0x20000014        0x4 xcp_daq.o
 .data.xcpEventCustomMemoryManager
                0x20000018        0xc xcp_daq.o
 .data.xcpCtoReservedMemPoolId
                0x20000024        0x4 xcp_transport.o
 .data.xcpMemMainBlockSizes
                0x20000028        0xc xcp_mem_default.o
 .data.xcpMemMainBlocksNumber
                0x20000034        0xc xcp_mem_default.o
 .data.drvID    0x20000040        0x4 xcp_drv_rtiostream.o
 .data.xcpCtoReservedMemPoolId
                0x20000044        0x4 xcp_frame_serial.o
 .data.uartObj  0x20000048       0x40 rtiostream_serial.o
                0x20000048                uartObj
 .data.uwTickPrio
                0x20000088        0x4 stm32g4xx_hal.o
                0x20000088                uwTickPrio
 .data.uwTickFreq
                0x2000008c        0x4 stm32g4xx_hal.o
                0x2000008c                uwTickFreq
 .data.SystemCoreClock
                0x20000090        0x4 system_stm32g4xx.o
                0x20000090                SystemCoreClock
 .data._impure_ptr
                0x20000094        0x4 C:/ProgramData/MATLAB/SupportPackages/R2024b/3P.instrset/gnuarm-armcortex.instrset/win/bin/../lib/gcc/arm-none-eabi/13.2.1/thumb/v7e-m+fp/hard\libg_nano.a(libc_a-impure.o)
                0x20000094                _impure_ptr
 .data._impure_data
                0x20000098       0x4c C:/ProgramData/MATLAB/SupportPackages/R2024b/3P.instrset/gnuarm-armcortex.instrset/win/bin/../lib/gcc/arm-none-eabi/13.2.1/thumb/v7e-m+fp/hard\libg_nano.a(libc_a-impure.o)
                0x20000098                _impure_data
 *(.RamFunc)
 *(.RamFunc*)
                0x200000e4                        . = ALIGN (0x4)
                0x200000e4                        _edata = .

.tm_clone_table
                0x200000e4        0x0 load address 0x0800ec3c
 .tm_clone_table
                0x200000e4        0x0 C:/ProgramData/MATLAB/SupportPackages/R2024b/3P.instrset/gnuarm-armcortex.instrset/win/bin/../lib/gcc/arm-none-eabi/13.2.1/thumb/v7e-m+fp/hard/crtbegin.o
 .tm_clone_table
                0x200000e4        0x0 C:/ProgramData/MATLAB/SupportPackages/R2024b/3P.instrset/gnuarm-armcortex.instrset/win/bin/../lib/gcc/arm-none-eabi/13.2.1/thumb/v7e-m+fp/hard/crtend.o

.igot.plt       0x200000e4        0x0 load address 0x0800ec3c
 .igot.plt      0x200000e4        0x0 C:/ProgramData/MATLAB/SupportPackages/R2024b/3P.instrset/gnuarm-armcortex.instrset/win/bin/../lib/gcc/arm-none-eabi/13.2.1/thumb/v7e-m+fp/hard/crtbegin.o
                0x200000e4                        . = ALIGN (0x4)

.bss            0x200000e8     0x10c8 load address 0x0800ec3c
                0x200000e8                        _sbss = .
                0x200000e8                        __bss_start__ = _sbss
 *(.bss)
 *(.bss*)
 .bss.completed.1
                0x200000e8        0x1 C:/ProgramData/MATLAB/SupportPackages/R2024b/3P.instrset/gnuarm-armcortex.instrset/win/bin/../lib/gcc/arm-none-eabi/13.2.1/thumb/v7e-m+fp/hard/crtbegin.o
 *fill*         0x200000e9        0x3 
 .bss.object.0  0x200000ec       0x18 C:/ProgramData/MATLAB/SupportPackages/R2024b/3P.instrset/gnuarm-armcortex.instrset/win/bin/../lib/gcc/arm-none-eabi/13.2.1/thumb/v7e-m+fp/hard/crtbegin.o
 .bss.xcpCustomTriggerFunction
                0x20000104        0x8 xcp_ext_mode.o
 *fill*         0x2000010c        0x4 
 .bss.QEI_Pulling_B
                0x20000110       0x10 QEI_Pulling.o
                0x20000110                QEI_Pulling_B
 .bss.QEI_Pulling_DW
                0x20000120       0x18 QEI_Pulling.o
                0x20000120                QEI_Pulling_DW
 .bss.QEI_Pulling_M_
                0x20000138       0x48 QEI_Pulling.o
 .bss.rt_ExtModeInfo.2
                0x20000180       0x14 QEI_Pulling.o
 .bss.systemRan.1
                0x20000194       0x10 QEI_Pulling.o
 .bss.IsrOverrun
                0x200001a4        0x4 ert_main.o
                0x200001a4                IsrOverrun
 .bss.OverrunFlag
                0x200001a8        0x1 ert_main.o
 .bss.stopRequested
                0x200001a9        0x1 ert_main.o
                0x200001a9                stopRequested
 .bss.runModel  0x200001aa        0x1 ert_main.o
                0x200001aa                runModel
 .bss.xcpModelStartRequest
                0x200001ab        0x1 xcp_ext_common.o
                0x200001ab                xcpModelStartRequest
 .bss.xcpModelStopRequest
                0x200001ac        0x1 xcp_ext_common.o
                0x200001ac                xcpModelStopRequest
 .bss.xcpModelStatus
                0x200001ad        0x1 xcp_ext_common.o
                0x200001ad                xcpModelStatus
 *fill*         0x200001ae        0x2 
 .bss.xcpModelChecksum0
                0x200001b0        0x4 xcp_ext_common.o
                0x200001b0                xcpModelChecksum0
 .bss.xcpModelChecksum1
                0x200001b4        0x4 xcp_ext_common.o
                0x200001b4                xcpModelChecksum1
 .bss.xcpModelChecksum2
                0x200001b8        0x4 xcp_ext_common.o
                0x200001b8                xcpModelChecksum2
 .bss.xcpModelChecksum3
                0x200001bc        0x4 xcp_ext_common.o
                0x200001bc                xcpModelChecksum3
 .bss.xcpModelIntegerCode
                0x200001c0        0x4 xcp_ext_common.o
                0x200001c0                xcpModelIntegerCode
 .bss.xcpExtmodeSimulationComplete
                0x200001c4        0x1 xcp_ext_common.o
                0x200001c4                xcpExtmodeSimulationComplete
 *fill*         0x200001c5        0x3 
 .bss.xcpDummyDoubleVariable
                0x200001c8        0x8 xcp_ext_common.o
                0x200001c8                xcpDummyDoubleVariable
 .bss.xcpDummyUint64Variable
                0x200001d0        0x8 xcp_ext_common.o
                0x200001d0                xcpDummyUint64Variable
 .bss.xcpCurrentSimulationTimeInMs
                0x200001d8        0x8 xcp_ext_common.o
                0x200001d8                xcpCurrentSimulationTimeInMs
 .bss.xcpBaseRateSimulationTime
                0x200001e0        0x8 xcp_ext_common.o
 .bss.xcpClassicTriggerEventId
                0x200001e8        0x2 xcp_ext_classic_trigger.o
                0x200001e8                xcpClassicTriggerEventId
 *fill*         0x200001ea        0x2 
 .bss.xcpClassicTriggerSignalAddress
                0x200001ec        0x4 xcp_ext_classic_trigger.o
                0x200001ec                xcpClassicTriggerSignalAddress
 .bss.xcpClassicTriggerSignalAddressExtension
                0x200001f0        0x1 xcp_ext_classic_trigger.o
                0x200001f0                xcpClassicTriggerSignalAddressExtension
 *fill*         0x200001f1        0x7 
 .bss.xcpClassicTriggerLevel
                0x200001f8        0x8 xcp_ext_classic_trigger.o
                0x200001f8                xcpClassicTriggerLevel
 .bss.xcpClassicTriggerHoldOff
                0x20000200        0x4 xcp_ext_classic_trigger.o
                0x20000200                xcpClassicTriggerHoldOff
 .bss.xcpClassicTriggerDelay
                0x20000204        0x4 xcp_ext_classic_trigger.o
                0x20000204                xcpClassicTriggerDelay
 .bss.xcpClassicTriggerDirection
                0x20000208        0x1 xcp_ext_classic_trigger.o
                0x20000208                xcpClassicTriggerDirection
 .bss.xcpClassicTriggerCancelRequest
                0x20000209        0x1 xcp_ext_classic_trigger.o
                0x20000209                xcpClassicTriggerCancelRequest
 .bss.xcpClassicTriggerSource
                0x2000020a        0x1 xcp_ext_classic_trigger.o
                0x2000020a                xcpClassicTriggerSource
 .bss.xcpClassicTriggerMode
                0x2000020b        0x1 xcp_ext_classic_trigger.o
                0x2000020b                xcpClassicTriggerMode
 .bss.xcpClassicTriggerStatus
                0x2000020c        0x1 xcp_ext_classic_trigger.o
                0x2000020c                xcpClassicTriggerStatus
 *fill*         0x2000020d        0x3 
 .bss.xcpOldSignalValue
                0x20000210        0x8 xcp_ext_classic_trigger.o
 .bss.xcpOldSignalValueAvailable
                0x20000218        0x1 xcp_ext_classic_trigger.o
 .bss.xcpOldClassicTriggerSource
                0x20000219        0x1 xcp_ext_classic_trigger.o
 .bss.xcpTriggerEnabled
                0x2000021a        0x1 xcp_ext_classic_trigger.o
 .bss.xcpSignalTriggerFired
                0x2000021b        0x1 xcp_ext_classic_trigger.o
 .bss.xcpTriggerCount
                0x2000021c        0x4 xcp_ext_classic_trigger.o
 .bss.xcpForcedTriggerEnabled
                0x20000220        0x1 xcp_ext_classic_trigger.o
 .bss.xcpForceTriggerEnableRequest
                0x20000221        0x1 xcp_ext_classic_trigger.o
 .bss.initialized
                0x20000222        0x1 xcp.o
 .bss.xcpStatus
                0x20000223        0x1 xcp.o
 .bss.xcpSessionStatus
                0x20000224        0x1 xcp.o
 .bss.xcpResourceProtectionStatus
                0x20000225        0x1 xcp.o
 .bss.xcpSessionConfigurationId
                0x20000226        0x2 xcp.o
 .bss.groupPacketLookup
                0x20000228       0x10 xcp.o
 .bss.xcpMta    0x20000238        0x8 xcp_standard.o
 .bss.xcpUploadSize
                0x20000240        0x1 xcp_standard.o
 *fill*         0x20000241        0x3 
 .bss.packetLookup
                0x20000244        0x4 xcp_standard.o
 .bss.xcpDynamicDaqLists
                0x20000248        0x8 xcp_daq.o
 .bss.xcpRunningEventCounter
                0x20000250        0x4 xcp_daq.o
 .bss.daqLock   0x20000254        0x4 xcp_daq.o
 .bss.packetLookup
                0x20000258        0x4 xcp_daq.o
 .bss.packetLookup
                0x2000025c        0x4 xcp_calibration.o
 .bss.txFifo    0x20000260       0x10 xcp_transport.o
 .bss.txLock    0x20000270        0x4 xcp_transport.o
 .bss.rxFifo    0x20000274        0x8 xcp_transport.o
 .bss.rxLock    0x2000027c        0x4 xcp_transport.o
 .bss.initialized
                0x20000280        0x1 xcp_transport.o
 *fill*         0x20000281        0x3 
 .bss.xcpMemPoolDescriptors
                0x20000284       0xc0 xcp_mem_default.o
 .bss.xcpMemCustomPoolDescriptors
                0x20000344        0x8 xcp_mem_default.o
 .bss.xcpMemMainChunk
                0x2000034c      0x3a7 xcp_mem_default.o
 *fill*         0x200006f3        0x1 
 .bss.xcpMemReservedPoolsChunk
                0x200006f4      0x4bd xcp_mem_default.o
 *fill*         0x20000bb1        0x3 
 .bss.xcpMemReservedPoolsChunkUsedBytes
                0x20000bb4        0x4 xcp_mem_default.o
 .bss.xcpMemLock
                0x20000bb8        0x4 xcp_mem_default.o
 .bss.forceBlocking
                0x20000bbc        0x1 xcp_drv_rtiostream.o
 *fill*         0x20000bbd        0x1 
 .bss.txCounter
                0x20000bbe        0x2 xcp_frame_serial.o
 .bss.rxCounter
                0x20000bc0        0x2 xcp_frame_serial.o
 *fill*         0x20000bc2        0x2 
 .bss.firstRxCounterReceived
                0x20000bc4        0x4 xcp_frame_serial.o
 .bss.initialized
                0x20000bc8        0x1 xcp_frame_serial.o
 *fill*         0x20000bc9        0x3 
 .bss.timestampInitialized
                0x20000bcc        0x4 platform_timer.o
 .bss.timestampStartTime
                0x20000bd0        0x4 platform_timer.o
 .bss.schdl_counter
                0x20000bd4        0x4 SysTickScheduler.o
                0x20000bd4                schdl_counter
 .bss.schdl_counter_max
                0x20000bd8        0x4 SysTickScheduler.o
                0x20000bd8                schdl_counter_max
 .bss.taskToSchedule
                0x20000bdc        0x4 m3m4m4f_multitasking.o
                0x20000bdc                taskToSchedule
 .bss.mw_ext_h  0x20000be0        0x4 rtiostream_serial.o
                0x20000be0                mw_ext_h
 .bss.UARTRxBuffer
                0x20000be4        0x4 rtiostream_serial.o
                0x20000be4                UARTRxBuffer
 .bss.mw_lpuart1
                0x20000be8       0x40 stm_lpuart.o
                0x20000be8                mw_lpuart1
 .bss.LPUART1ReceiveBuffer
                0x20000c28      0x400 stm_lpuart.o
                0x20000c28                LPUART1ReceiveBuffer
 .bss.htim2     0x20001028       0x4c stm32g4xx_hal_timebase_tim.o
                0x20001028                htim2
 .bss.uwTick    0x20001074        0x4 stm32g4xx_hal.o
                0x20001074                uwTick
 .bss.__sf      0x20001078      0x138 C:/ProgramData/MATLAB/SupportPackages/R2024b/3P.instrset/gnuarm-armcortex.instrset/win/bin/../lib/gcc/arm-none-eabi/13.2.1/thumb/v7e-m+fp/hard\libg_nano.a(libc_a-findfp.o)
                0x20001078                __sf
 *(COMMON)
                0x200011b0                        . = ALIGN (0x4)
                0x200011b0                        _ebss = .
                0x200011b0                        __bss_end__ = _ebss

._user_heap_stack
                0x200011b0      0x600 load address 0x0800ec3c
                0x200011b0                        . = ALIGN (0x8)
                [!provide]                        PROVIDE (end = .)
                0x200011b0                        PROVIDE (_end = .)
                0x200013b0                        . = (. + _Min_Heap_Size)
 *fill*         0x200011b0      0x200 
                0x200017b0                        . = (. + _Min_Stack_Size)
 *fill*         0x200013b0      0x400 
                0x200017b0                        . = ALIGN (0x8)

/DISCARD/
 libc.a(*)
 libm.a(*)
 libgcc.a(*)

.ARM.attributes
                0x00000000       0x30
 *(.ARM.attributes)
 .ARM.attributes
                0x00000000       0x22 C:/ProgramData/MATLAB/SupportPackages/R2024b/3P.instrset/gnuarm-armcortex.instrset/win/bin/../lib/gcc/arm-none-eabi/13.2.1/thumb/v7e-m+fp/hard/crti.o
 .ARM.attributes
                0x00000022       0x34 C:/ProgramData/MATLAB/SupportPackages/R2024b/3P.instrset/gnuarm-armcortex.instrset/win/bin/../lib/gcc/arm-none-eabi/13.2.1/thumb/v7e-m+fp/hard/crtbegin.o
 .ARM.attributes
                0x00000056       0x34 xcp_ext_mode.o
 .ARM.attributes
                0x0000008a       0x34 QEI_Pulling.o
 .ARM.attributes
                0x000000be       0x34 ert_main.o
 .ARM.attributes
                0x000000f2       0x34 xcp_ext_common.o
 .ARM.attributes
                0x00000126       0x34 xcp_ext_classic_trigger.o
 .ARM.attributes
                0x0000015a       0x34 xcp.o
 .ARM.attributes
                0x0000018e       0x34 xcp_standard.o
 .ARM.attributes
                0x000001c2       0x34 xcp_daq.o
 .ARM.attributes
                0x000001f6       0x34 xcp_calibration.o
 .ARM.attributes
                0x0000022a       0x34 xcp_fifo.o
 .ARM.attributes
                0x0000025e       0x34 xcp_transport.o
 .ARM.attributes
                0x00000292       0x34 xcp_mem_default.o
 .ARM.attributes
                0x000002c6       0x34 xcp_drv_rtiostream.o
 .ARM.attributes
                0x000002fa       0x34 xcp_utils.o
 .ARM.attributes
                0x0000032e       0x34 xcp_frame_serial.o
 .ARM.attributes
                0x00000362       0x34 xcp_ext_param_default_serial.o
 .ARM.attributes
                0x00000396       0x34 overrideHALDelay.o
 .ARM.attributes
                0x000003ca       0x34 platform_timer.o
 .ARM.attributes
                0x000003fe       0x34 SysTickScheduler.o
 .ARM.attributes
                0x00000432       0x34 m3m4m4f_multitasking.o
 .ARM.attributes
                0x00000466       0x34 rtiostream_serial.o
 .ARM.attributes
                0x0000049a       0x34 stm_usart.o
 .ARM.attributes
                0x000004ce       0x34 stm_lpuart.o
 .ARM.attributes
                0x00000502       0x34 sys_arch.o
 .ARM.attributes
                0x00000536       0x34 main.o
 .ARM.attributes
                0x0000056a       0x34 stm32g4xx_it.o
 .ARM.attributes
                0x0000059e       0x34 stm32g4xx_hal_msp.o
 .ARM.attributes
                0x000005d2       0x34 stm32g4xx_hal_timebase_tim.o
 .ARM.attributes
                0x00000606       0x34 stm32g4xx_ll_utils.o
 .ARM.attributes
                0x0000063a       0x34 stm32g4xx_ll_exti.o
 .ARM.attributes
                0x0000066e       0x34 stm32g4xx_ll_gpio.o
 .ARM.attributes
                0x000006a2       0x34 stm32g4xx_ll_lpuart.o
 .ARM.attributes
                0x000006d6       0x34 stm32g4xx_ll_rcc.o
 .ARM.attributes
                0x0000070a       0x34 stm32g4xx_hal.o
 .ARM.attributes
                0x0000073e       0x34 stm32g4xx_hal_rcc.o
 .ARM.attributes
                0x00000772       0x34 stm32g4xx_hal_pwr_ex.o
 .ARM.attributes
                0x000007a6       0x34 stm32g4xx_hal_cortex.o
 .ARM.attributes
                0x000007da       0x34 stm32g4xx_hal_tim.o
 .ARM.attributes
                0x0000080e       0x34 stm32g4xx_hal_tim_ex.o
 .ARM.attributes
                0x00000842       0x34 stm32g4xx_ll_tim.o
 .ARM.attributes
                0x00000876       0x34 system_stm32g4xx.o
 .ARM.attributes
                0x000008aa       0x21 startup_stm32g474retx.o
 .ARM.attributes
                0x000008cb       0x34 C:/ProgramData/MATLAB/SupportPackages/R2024b/3P.instrset/gnuarm-armcortex.instrset/win/bin/../lib/gcc/arm-none-eabi/13.2.1/thumb/v7e-m+fp/hard\libm.a(libm_a-w_fmod.o)
 .ARM.attributes
                0x000008ff       0x34 C:/ProgramData/MATLAB/SupportPackages/R2024b/3P.instrset/gnuarm-armcortex.instrset/win/bin/../lib/gcc/arm-none-eabi/13.2.1/thumb/v7e-m+fp/hard\libm.a(libm_a-e_fmod.o)
 .ARM.attributes
                0x00000933       0x22 C:/ProgramData/MATLAB/SupportPackages/R2024b/3P.instrset/gnuarm-armcortex.instrset/win/bin/../lib/gcc/arm-none-eabi/13.2.1/thumb/v7e-m+fp/hard\libgcc.a(_arm_addsubdf3.o)
 .ARM.attributes
                0x00000955       0x22 C:/ProgramData/MATLAB/SupportPackages/R2024b/3P.instrset/gnuarm-armcortex.instrset/win/bin/../lib/gcc/arm-none-eabi/13.2.1/thumb/v7e-m+fp/hard\libgcc.a(_arm_muldivdf3.o)
 .ARM.attributes
                0x00000977       0x22 C:/ProgramData/MATLAB/SupportPackages/R2024b/3P.instrset/gnuarm-armcortex.instrset/win/bin/../lib/gcc/arm-none-eabi/13.2.1/thumb/v7e-m+fp/hard\libgcc.a(_arm_cmpdf2.o)
 .ARM.attributes
                0x00000999       0x22 C:/ProgramData/MATLAB/SupportPackages/R2024b/3P.instrset/gnuarm-armcortex.instrset/win/bin/../lib/gcc/arm-none-eabi/13.2.1/thumb/v7e-m+fp/hard\libgcc.a(_arm_unorddf2.o)
 .ARM.attributes
                0x000009bb       0x22 C:/ProgramData/MATLAB/SupportPackages/R2024b/3P.instrset/gnuarm-armcortex.instrset/win/bin/../lib/gcc/arm-none-eabi/13.2.1/thumb/v7e-m+fp/hard\libgcc.a(_arm_fixunsdfsi.o)
 .ARM.attributes
                0x000009dd       0x22 C:/ProgramData/MATLAB/SupportPackages/R2024b/3P.instrset/gnuarm-armcortex.instrset/win/bin/../lib/gcc/arm-none-eabi/13.2.1/thumb/v7e-m+fp/hard\libgcc.a(_aeabi_uldivmod.o)
 .ARM.attributes
                0x000009ff       0x34 C:/ProgramData/MATLAB/SupportPackages/R2024b/3P.instrset/gnuarm-armcortex.instrset/win/bin/../lib/gcc/arm-none-eabi/13.2.1/thumb/v7e-m+fp/hard\libgcc.a(_udivmoddi4.o)
 .ARM.attributes
                0x00000a33       0x22 C:/ProgramData/MATLAB/SupportPackages/R2024b/3P.instrset/gnuarm-armcortex.instrset/win/bin/../lib/gcc/arm-none-eabi/13.2.1/thumb/v7e-m+fp/hard\libgcc.a(_dvmd_tls.o)
 .ARM.attributes
                0x00000a55       0x34 C:/ProgramData/MATLAB/SupportPackages/R2024b/3P.instrset/gnuarm-armcortex.instrset/win/bin/../lib/gcc/arm-none-eabi/13.2.1/thumb/v7e-m+fp/hard\libg_nano.a(libc_a-findfp.o)
 .ARM.attributes
                0x00000a89       0x34 C:/ProgramData/MATLAB/SupportPackages/R2024b/3P.instrset/gnuarm-armcortex.instrset/win/bin/../lib/gcc/arm-none-eabi/13.2.1/thumb/v7e-m+fp/hard\libg_nano.a(libc_a-memset.o)
 .ARM.attributes
                0x00000abd       0x34 C:/ProgramData/MATLAB/SupportPackages/R2024b/3P.instrset/gnuarm-armcortex.instrset/win/bin/../lib/gcc/arm-none-eabi/13.2.1/thumb/v7e-m+fp/hard\libg_nano.a(libc_a-impure.o)
 .ARM.attributes
                0x00000af1       0x34 C:/ProgramData/MATLAB/SupportPackages/R2024b/3P.instrset/gnuarm-armcortex.instrset/win/bin/../lib/gcc/arm-none-eabi/13.2.1/thumb/v7e-m+fp/hard\libg_nano.a(libc_a-errno.o)
 .ARM.attributes
                0x00000b25       0x34 C:/ProgramData/MATLAB/SupportPackages/R2024b/3P.instrset/gnuarm-armcortex.instrset/win/bin/../lib/gcc/arm-none-eabi/13.2.1/thumb/v7e-m+fp/hard\libg_nano.a(libc_a-init.o)
 .ARM.attributes
                0x00000b59       0x34 C:/ProgramData/MATLAB/SupportPackages/R2024b/3P.instrset/gnuarm-armcortex.instrset/win/bin/../lib/gcc/arm-none-eabi/13.2.1/thumb/v7e-m+fp/hard\libg_nano.a(libc_a-memcpy-stub.o)
 .ARM.attributes
                0x00000b8d       0x34 C:/ProgramData/MATLAB/SupportPackages/R2024b/3P.instrset/gnuarm-armcortex.instrset/win/bin/../lib/gcc/arm-none-eabi/13.2.1/thumb/v7e-m+fp/hard/crtend.o
 .ARM.attributes
                0x00000bc1       0x22 C:/ProgramData/MATLAB/SupportPackages/R2024b/3P.instrset/gnuarm-armcortex.instrset/win/bin/../lib/gcc/arm-none-eabi/13.2.1/thumb/v7e-m+fp/hard/crtn.o
OUTPUT(../QEI_Pulling.elf elf32-littlearm)
LOAD linker stubs
LOAD C:/ProgramData/MATLAB/SupportPackages/R2024b/3P.instrset/gnuarm-armcortex.instrset/win/bin/../lib/gcc/arm-none-eabi/13.2.1/thumb/v7e-m+fp/hard\libc.a
LOAD C:/ProgramData/MATLAB/SupportPackages/R2024b/3P.instrset/gnuarm-armcortex.instrset/win/bin/../lib/gcc/arm-none-eabi/13.2.1/thumb/v7e-m+fp/hard\libm.a
LOAD C:/ProgramData/MATLAB/SupportPackages/R2024b/3P.instrset/gnuarm-armcortex.instrset/win/bin/../lib/gcc/arm-none-eabi/13.2.1/thumb/v7e-m+fp/hard\libgcc.a

.debug_info     0x00000000    0x1d670
 .debug_info    0x00000000      0x8b4 xcp_ext_mode.o
 .debug_info    0x000008b4      0x5ed QEI_Pulling.o
 .debug_info    0x00000ea1      0x6fc ert_main.o
 .debug_info    0x0000159d      0x7d4 xcp_ext_common.o
 .debug_info    0x00001d71      0x656 xcp_ext_classic_trigger.o
 .debug_info    0x000023c7     0x133c xcp.o
 .debug_info    0x00003703      0xf3e xcp_standard.o
 .debug_info    0x00004641     0x2226 xcp_daq.o
 .debug_info    0x00006867      0x7a0 xcp_calibration.o
 .debug_info    0x00007007      0x322 xcp_fifo.o
 .debug_info    0x00007329      0xa42 xcp_transport.o
 .debug_info    0x00007d6b      0x84f xcp_mem_default.o
 .debug_info    0x000085ba      0x606 xcp_drv_rtiostream.o
 .debug_info    0x00008bc0       0xdd xcp_utils.o
 .debug_info    0x00008c9d      0x813 xcp_frame_serial.o
 .debug_info    0x000094b0      0x24b xcp_ext_param_default_serial.o
 .debug_info    0x000096fb      0x1e5 overrideHALDelay.o
 .debug_info    0x000098e0      0x4bc platform_timer.o
 .debug_info    0x00009d9c      0x8a9 SysTickScheduler.o
 .debug_info    0x0000a645      0x1c0 m3m4m4f_multitasking.o
 .debug_info    0x0000a805      0x648 rtiostream_serial.o
 .debug_info    0x0000ae4d      0x828 stm_usart.o